10-15 16:13:49.665 D/os.ActivityManagerServiceLice( 1049): make process active com.lenovo.anyshare.gps:tierahs2(29586)
10-15 16:13:49.669 I/ActivityThread(29586): Relaunch all activities: onCoreSettingsChange
10-15 16:13:49.670 D/CompatibilityChangeReporter(29586): Compat change id reported: 171979766; UID 10323; state: ENABLED
10-15 16:13:49.672 D/os.SingleLiceFactory(29586): instance successfully. com.transsion.typeface.v1.TypefaceLice@7373785 from android.graphics.IGraphicLice
10-15 16:13:49.673 D/os.LiceInfo(29586): instance successfully. com.transsion.graphics.GraphicLice@ffaa84c from android.graphics.IGraphicLice
10-15 16:13:49.673 D/os.ActivityManagerServiceLice( 1049): make process active com.lenovo.anyshare.gps:tierahs3(29589)
10-15 16:13:49.679 I/ActivityThread(29589): Relaunch all activities: onCoreSettingsChange
10-15 16:13:49.680 D/CompatibilityChangeReporter(29589): Compat change id reported: 171979766; UID 10323; state: ENABLED
10-15 16:13:49.682 D/os.SingleLiceFactory(29589): instance successfully. com.transsion.typeface.v1.TypefaceLice@7373785 from android.graphics.IGraphicLice
10-15 16:13:49.682 D/os.LiceInfo(29589): instance successfully. com.transsion.graphics.GraphicLice@ffaa84c from android.graphics.IGraphicLice
10-15 16:13:49.684 D/enhanceHAL(  652): slpSetBrightness: ambient = 6
10-15 16:13:49.691 W/System  (29402): ClassLoader referenced unknown path: 
10-15 16:13:49.692 D/nativeloader(29402): Configuring clns-10 for other apk . target_sdk_version=36, uses_libraries=, library_path=/data/app/~~Zi0UxuUcBxTXaE-lPA8t8A==/com.google.android.gms-Ex96_BpAQ0S1iCop6X3Bzw==/lib/arm:/data/app/~~Zi0UxuUcBxTXaE-lPA8t8A==/com.google.android.gms-Ex96_BpAQ0S1iCop6X3Bzw==/base.apk!/lib/armeabi-v7a, permitted_path=/data:/mnt/expand:/data/user/0/com.google.android.gms
10-15 16:13:49.694 I/ActivityManager( 1049): Killing 27848:com.google.android.documentsui/u0a55 (adj 975): empty #25
10-15 16:13:49.694 I/ActivityManager( 1049): Killing 27801:com.google.android.apps.wellbeing/u0a109 (adj 935): empty #26
10-15 16:13:49.695 D/SmartPanelService( 3212): processName = com.google.android.documentsuipackages = [com.google.android.documentsui]
10-15 16:13:49.696 I/SmartPanel_Game_Utils( 3212): checkApp false pkg
10-15 16:13:49.697 D/Game_Utils( 3212): getTopPackageName pkm = com.android.settings
10-15 16:13:49.705 D/BoundBrokerSvc(28956): onRebind: Intent { act=com.google.android.gms.common.telemetry.service.START dat=chimera-action: cmp=com.google.android.gms/.chimera.PersistentApiService }
10-15 16:13:49.705 D/Game_Utils( 3212): getWindowingModeByTask mode : 1
10-15 16:13:49.706 W/CheckTime(29402): App running slow: Executing handleBindApplication : installContentProviders took 244ms
10-15 16:13:49.706 W/ivg     (29402): attachBaseContext to onCreate cost 244
10-15 16:13:49.706 D/AnyShareApp(29402): app_launch onCreate start
10-15 16:13:49.706 D/LowMem  (29402): ****application onCreate
10-15 16:13:49.707 W/ivg     (29402): 添加任务耗时：1 ms
10-15 16:13:49.708 D/Game_Utils( 3212): isTheMainScreen, displayId: 0  classname = com.android.settings.applications.InstalledAppDetailsTop
10-15 16:13:49.708 D/Game_Utils( 3212): getTopClassNameNew className = com.android.settings.applications.InstalledAppDetailsTop
10-15 16:13:49.708 D/SmartPanelService( 3212): processName = com.google.android.apps.wellbeingpackages = [com.google.android.apps.wellbeing]
10-15 16:13:49.709 I/SmartPanel_Game_Utils( 3212): checkApp false pkg
10-15 16:13:49.710 D/Game_Utils( 3212): getTopPackageName pkm = com.android.settings
10-15 16:13:49.710 D/ConnectivityService( 1049): requestNetwork for uid/pid:10110/29256 activeRequest: null callbackRequest: 6810 [NetworkRequest [ REQUEST id=6811, [ Capabilities: INTERNET&NOT_RESTRICTED&TRUSTED&NOT_VCN_MANAGED Uid: 10110 RequestorUid: 10110 RequestorPkg: com.google.android.googlequicksearchbox UnderlyingNetworks: Null] ]] callback flags: 0 order: 2147483647 isUidTracked: false declaredMethods: AVAIL|LOST|NC|LP
10-15 16:13:49.711 I/ivg     (29402): 开始执行
10-15 16:13:49.711 W/ivg     (29402): 依赖关系排序耗时：0 ms
10-15 16:13:49.712 W/ivg     (29402): 任务依赖排序结果:[ CommonMainTask MuslimInitTask GameInitTask ReportTask ]
10-15 16:13:49.712 W/ivg     (29402): 低优任务排序结果:[ MuslimInitTask GameInitTask ShortcutsTask TrafficMonitorTask PkgExtractorTask PreLoadWebSettingTask SignatureVerifyTask LoadMissRouterMapForBundleTask AppStartStatsTask AppExistStatTask RegisterPresentTask ReportTask ]
10-15 16:13:49.712 W/ivg     (29402): 排序耗时：1 ms
10-15 16:13:49.712 W/ivg     (29402): 最终任务顺序结果:[ CommonMainTask SubInitAdTask MuslimInitTask GameInitTask ShortcutsTask TrafficMonitorTask PkgExtractorTask PreLoadWebSettingTask SignatureVerifyTask LoadMissRouterMapForBundleTask AppStartStatsTask AppExistStatTask RegisterPresentTask ReportTask ]
10-15 16:13:49.712 W/ivg     (29402): 调度耗时：0 ms
10-15 16:13:49.712 I/ivg     (29402): CommonMainTask 执行开始
10-15 16:13:49.712 I/ivg     (29402): PreLoadWebSettingTask 执行开始
10-15 16:13:49.712 I/ivg     (29402): PkgExtractorTask 执行开始
10-15 16:13:49.712 W/AS.ITemporary(29402): 16:13:49.712[2] rot t=: null
10-15 16:13:49.713 I/ivg     (29402): LoadMissRouterMapForBundleTask 执行开始
10-15 16:13:49.713 I/ivg     (29402): PreLoadWebSettingTask 执行结束 0
10-15 16:13:49.713 D/KKBundleManager(29402): KKBundleManager: 3
10-15 16:13:49.713 I/ivg     (29402): AppStartStatsTask 执行开始
10-15 16:13:49.713 I/ivg     (29402): AppExistStatTask 执行开始
10-15 16:13:49.713 I/ivg     (29402): AppExistStatTask 执行结束 0
10-15 16:13:49.713 I/ivg     (29402): RegisterPresentTask 执行开始
10-15 16:13:49.714 I/ivg     (29402): SignatureVerifyTask 执行开始
10-15 16:13:49.714 D/UntrustedWifiNetworkFactory( 1049): got request NetworkRequest [ REQUEST id=6811, [ Capabilities: INTERNET&NOT_RESTRICTED&TRUSTED&NOT_VCN_MANAGED Uid: 10110 RequestorUid: 10110 RequestorPkg: com.google.android.googlequicksearchbox UnderlyingNetworks: Null] ]
10-15 16:13:49.714 D/OemPaidWifiNetworkFactory( 1049): got request NetworkRequest [ REQUEST id=6811, [ Capabilities: INTERNET&NOT_RESTRICTED&TRUSTED&NOT_VCN_MANAGED Uid: 10110 RequestorUid: 10110 RequestorPkg: com.google.android.googlequicksearchbox UnderlyingNetworks: Null] ]
10-15 16:13:49.716 E/CrashFixLancet(29402): androidx.room.RoomDatabase#assertNotSuspendingTransaction
10-15 16:13:49.716 D/ConnectivityService( 1049): NetReassign [6811 : null → 123] [c 1] [a 1] [i 4]
10-15 16:13:49.716 I/PlayCore(29402): UID: [10323]  PID: [29402] SplitInstallListenerRegistry : registerListener
10-15 16:13:49.716 I/ivg     (29402): LoadMissRouterMapForBundleTask 执行结束 4
10-15 16:13:49.718 E/CrashFixLancet(29402): androidx.room.RoomDatabase#beginTransaction
10-15 16:13:49.719 E/CrashFixLancet(29402): androidx.room.RoomDatabase#assertNotSuspendingTransaction
10-15 16:13:49.719 E/CrashFixLancet(29402): androidx.room.RoomDatabase#assertNotSuspendingTransaction
10-15 16:13:49.721 I/ivg     (29402): SignatureVerifyTask 执行结束 7
10-15 16:13:49.721 I/AS.AppExistStats(29402): 16:13:49.721[73] Pss is 176561
10-15 16:13:49.721 I/AS.AppExistStats(29402): Rss is 313348
10-15 16:13:49.721 I/AS.AppExistStats(29402): Description is empty #25
10-15 16:13:49.721 I/AS.AppExistStats(29402): ReasonString is REASON_OTHER
10-15 16:13:49.721 I/AS.AppExistStats(29402): ElapsedTime is 1605
10-15 16:13:49.721 I/AS.AppExistStats(29402): ReasonCode is 13
10-15 16:13:49.721 I/AS.AppExistStats(29402): ImportanceString is IMPORTANCE_CACHED
10-15 16:13:49.721 I/AS.AppExistStats(29402): ImportanceCode is 400
10-15 16:13:49.722 D/Game_Utils( 3212): getWindowingModeByTask mode : 1
10-15 16:13:49.725 I/AppMetrica(29402): Activate reporter with APIKey 478cb909-xxxx-xxxx-xxxx-xxxxxxxx9f93
10-15 16:13:49.726 I/AppMetrica(29402): Activate reporter with APIKey 20799a27-xxxx-xxxx-xxxx-xxxxxxxx4180
10-15 16:13:49.727 D/DurationCollector(29402): start
10-15 16:13:49.727 D/Game_Utils( 3212): isTheMainScreen, displayId: 0  classname = com.android.settings.applications.InstalledAppDetailsTop
10-15 16:13:49.727 D/Game_Utils( 3212): getTopClassNameNew className = com.android.settings.applications.InstalledAppDetailsTop
10-15 16:13:49.728 I/System.out(29402): UtmSource initGPInstallReferrer() enter....
10-15 16:13:49.729 E/CrashFixLancet(29402): androidx.room.RoomDatabase#assertNotSuspendingTransaction
10-15 16:13:49.729 E/CrashFixLancet(29402): androidx.room.RoomDatabase#assertNotSuspendingTransaction
10-15 16:13:49.729 I/AS.PkgExtractorService(27673): 16:13:49.729[2] for system version >= Android O, we just ignore increasingPriority job to avoid crash or toasts.
10-15 16:13:49.729 E/CrashFixLancet(29402): androidx.room.RoomDatabase#beginTransaction
10-15 16:13:49.729 E/CrashFixLancet(29402): androidx.room.RoomDatabase#endTransaction
10-15 16:13:49.729 E/CrashFixLancet(29402): androidx.room.RoomDatabase#endTransaction
10-15 16:13:49.730 E/CrashFixLancet(29402): androidx.room.RoomDatabase#assertNotSuspendingTransaction
10-15 16:13:49.730 E/CrashFixLancet(29402): androidx.room.RoomDatabase#assertNotSuspendingTransaction
10-15 16:13:49.731 D/CompatibilityChangeReporter( 1049): Compat change id reported: 319212206; UID 10110; state: ENABLED
10-15 16:13:49.732 D/nativeloader(29589): Configuring clns-4 for other apk /apex/com.android.extservices/javalib/android.ext.adservices.jar. target_sdk_version=34, uses_libraries=ALL, library_path=/data/app/~~dVQplVAzksiMC8WvdJLfpg==/com.lenovo.anyshare.gps-AGBeNYDiGI16ylb7EsGqew==/lib/arm:/data/app/~~dVQplVAzksiMC8WvdJLfpg==/com.lenovo.anyshare.gps-AGBeNYDiGI16ylb7EsGqew==/base.apk!/lib/armeabi-v7a, permitted_path=/data:/mnt/expand:/data/user/0/com.lenovo.anyshare.gps
10-15 16:13:49.734 I/ivg     (29402): PkgExtractorTask 执行结束 22
10-15 16:13:49.735 I/ivg     (29402): RegisterPresentTask 执行结束 21
10-15 16:13:49.736 D/CompatibilityChangeReporter(29402): Compat change id reported: 160794467; UID 10323; state: ENABLED
10-15 16:13:49.736 D/nativeloader(29586): Configuring clns-4 for other apk /apex/com.android.extservices/javalib/android.ext.adservices.jar. target_sdk_version=34, uses_libraries=ALL, library_path=/data/app/~~dVQplVAzksiMC8WvdJLfpg==/com.lenovo.anyshare.gps-AGBeNYDiGI16ylb7EsGqew==/lib/arm:/data/app/~~dVQplVAzksiMC8WvdJLfpg==/com.lenovo.anyshare.gps-AGBeNYDiGI16ylb7EsGqew==/base.apk!/lib/armeabi-v7a, permitted_path=/data:/mnt/expand:/data/user/0/com.lenovo.anyshare.gps
10-15 16:13:49.739 D/nativeloader(29586): InitApexLibraries:
10-15 16:13:49.739 D/nativeloader(29586):   com_android_appsearch: libicing.so
10-15 16:13:49.739 D/nativeloader(29586):   com_android_art: libartservice.so
10-15 16:13:49.739 D/nativeloader(29586):   com_android_conscrypt: libjavacrypto.so
10-15 16:13:49.739 D/nativeloader(29586):   com_android_extservices: libtflite_support_classifiers_native.so
10-15 16:13:49.739 D/nativeloader(29586):   com_android_mediaprovider: libpdfclient.so
10-15 16:13:49.739 D/nativeloader(29586):   com_android_os_statsd: libstats_jni.so
10-15 16:13:49.739 D/nativeloader(29586):   com_android_tethering: libandroid_net_connectivity_com_android_net_module_util_jni.so:libframework-connectivity-jni.so:libframework-connectivity-tiramisu-jni.so:libmainlinecronet.139.0.7205.3.so:libservice-connectivity.so:libservice-thread-jni.so:stable_cronet_libcrypto.so:stable_cronet_libssl.so
10-15 16:13:49.740 D/ConnectivityService( 1049): NetReassign [no changes] [c 1] [a 1] [i 6]
10-15 16:13:49.740 I/libprocessgroup( 1049): Successfully killed process cgroup uid 10055 pid 27848 in 44ms
10-15 16:13:49.741 D/nativeloader(29589): InitApexLibraries:
10-15 16:13:49.741 D/nativeloader(29589):   com_android_appsearch: libicing.so
10-15 16:13:49.741 D/nativeloader(29589):   com_android_art: libartservice.so
10-15 16:13:49.741 D/nativeloader(29589):   com_android_conscrypt: libjavacrypto.so
10-15 16:13:49.741 D/nativeloader(29589):   com_android_extservices: libtflite_support_classifiers_native.so
10-15 16:13:49.741 D/nativeloader(29589):   com_android_mediaprovider: libpdfclient.so
10-15 16:13:49.741 D/nativeloader(29589):   com_android_os_statsd: libstats_jni.so
10-15 16:13:49.741 D/nativeloader(29589):   com_android_tethering: libandroid_net_connectivity_com_android_net_module_util_jni.so:libframework-connectivity-jni.so:libframework-connectivity-tiramisu-jni.so:libmainlinecronet.139.0.7205.3.so:libservice-connectivity.so:libservice-thread-jni.so:stable_cronet_libcrypto.so:stable_cronet_libssl.so
10-15 16:13:49.744 D/nativeloader(29586): Configuring clns-5 for other apk /system/framework/org.apache.http.legacy.jar. target_sdk_version=34, uses_libraries=ALL, library_path=/data/app/~~dVQplVAzksiMC8WvdJLfpg==/com.lenovo.anyshare.gps-AGBeNYDiGI16ylb7EsGqew==/lib/arm:/data/app/~~dVQplVAzksiMC8WvdJLfpg==/com.lenovo.anyshare.gps-AGBeNYDiGI16ylb7EsGqew==/base.apk!/lib/armeabi-v7a, permitted_path=/data:/mnt/expand:/data/user/0/com.lenovo.anyshare.gps
10-15 16:13:49.746 D/CompatibilityChangeReporter( 1049): Compat change id reported: 135634846; UID 10323; state: DISABLED
10-15 16:13:49.746 D/nativeloader(29589): Configuring clns-5 for other apk /system/framework/org.apache.http.legacy.jar. target_sdk_version=34, uses_libraries=ALL, library_path=/data/app/~~dVQplVAzksiMC8WvdJLfpg==/com.lenovo.anyshare.gps-AGBeNYDiGI16ylb7EsGqew==/lib/arm:/data/app/~~dVQplVAzksiMC8WvdJLfpg==/com.lenovo.anyshare.gps-AGBeNYDiGI16ylb7EsGqew==/base.apk!/lib/armeabi-v7a, permitted_path=/data:/mnt/expand:/data/user/0/com.lenovo.anyshare.gps
10-15 16:13:49.746 D/CompatibilityChangeReporter( 1049): Compat change id reported: 143937733; UID 10323; state: ENABLED
10-15 16:13:49.748 D/Promotion_init(29402): PromotionManager.initConfig done , IAppEx.isPromotionBehind(): true
10-15 16:13:49.751 W/vo.anyshare.gp(29402): ClassLoaderContext classpath element checksum mismatch. expected=3476472731, found=197570058 (DLC[];PCL[base.apk*3476472731]{PCL[/system/framework/org.apache.http.legacy.jar*2065391956]#PCL[/apex/com.android.extservices/javalib/android.ext.adservices.jar*1727077578]#PCL[/system/framework/com.android.media.remotedisplay.jar*3472798123]#PCL[/system/framework/com.android.location.provider.jar*3633238672]#PCL[/system/framework/org.apache.http.legacy.jar*2065391956]#PCL[/apex/com.android.extservices/javalib/android.ext.adservices.jar*1727077578]} | DLC[];PCL[/data/app/~~dVQplVAzksiMC8WvdJLfpg==/com.lenovo.anyshare.gps-AGBeNYDiGI16ylb7EsGqew==/base.apk*197570058]{PCL[/apex/com.android.extservices/javalib/android.ext.adservices.jar*1727077578]#PCL[/system/framework/org.apache.http.legacy.jar*2065391956]})
10-15 16:13:49.754 D/Zygote  (  596): Forked child process 29625
10-15 16:13:49.755 I/ActivityManager( 1049): Start proc 29625:com.lenovo.anyshare.gps:AppMetrica/u0a323 for service {com.lenovo.anyshare.gps/io.appmetrica.analytics.internal.AppMetricaService}
10-15 16:13:49.756 V/ActivityManager( 1049): Clean up application record for ProcessRecord{e80dff 27848:com.google.android.documentsui/u0a55} restarting=false allowRestart=true index=-1 replacingPid=false fromBinderDied=true
10-15 16:13:49.756 D/os.ActivityManagerServiceLice( 1049): make process inactive com.google.android.documentsui(27848)
10-15 16:13:49.756 D/LowMemPhoneManager(29402): SysCaps.getTotalMem() :7795, isLower_MemPhone:false
10-15 16:13:49.756 D/LowMemPhoneManager(29402): SysCaps.getTotalMem() :7795, isLowest_MemPhone:false
10-15 16:13:49.756 D/LowMemPhoneManager(29402): shouldForbidFunc ,  mDiffFunAb :low_all, shouldDiffByType:true, funcType:NETWORK_DETECTOR
10-15 16:13:49.756 D/LowMemPhoneManager(29402): SysCaps.getTotalMem() :7795, isLowest_MemPhone:false
10-15 16:13:49.756 D/LowMemPhoneManager(29402): SysCaps.getTotalMem() :7795, isLower_MemPhone:false
10-15 16:13:49.756 D/LowMemPhoneManager(29402): shouldForbidFunc ,  LowMemPhoneDiffFuncManager.AB_LOW_ALL  , result:false, funcType:NETWORK_DETECTOR
10-15 16:13:49.758 D/DurationCollector(29402): checkOperator. mLastCheckTime = 0 currentTime = 253200144 mLastTick = 0 mTick = 0
10-15 16:13:49.759 D/LowMemPhoneManager(29402): SysCaps.getTotalMem() :7795, isLower_MemPhone:false
10-15 16:13:49.759 D/LowMemPhoneManager(29402): SysCaps.getTotalMem() :7795, isLowest_MemPhone:false
10-15 16:13:49.759 D/LowMemPhoneManager(29402): shouldForbidFunc ,  mDiffFunAb :low_all, shouldDiffByType:true, funcType:PDF
10-15 16:13:49.759 D/LowMemPhoneManager(29402): SysCaps.getTotalMem() :7795, isLowest_MemPhone:false
10-15 16:13:49.759 D/LowMemPhoneManager(29402): SysCaps.getTotalMem() :7795, isLower_MemPhone:false
10-15 16:13:49.759 D/LowMemPhoneManager(29402): shouldForbidFunc ,  LowMemPhoneDiffFuncManager.AB_LOW_ALL  , result:false, funcType:PDF
10-15 16:13:49.759 I/Zygote  (  595): Process 27848 exited due to signal 9 (Killed)
10-15 16:13:49.760 D/PackageManager( 1049): PMS setEnabledSetting: packageName = com.lenovo.anyshare.gps, className = com.lenovo.anyshare.activity.FileBrowserB, newState = 2, flags = 1, userId = 0, callingPackage = null, callingUid = 10323, allowedByPermission = false
10-15 16:13:49.761 D/PackageManager( 1049): PMS setEnabledSetting: packageName = com.lenovo.anyshare.gps, className = com.lenovo.anyshare.activity.FileBrowserA, newState = 1, flags = 1, userId = 0, callingPackage = null, callingUid = 10323, allowedByPermission = false
10-15 16:13:49.761 D/PackageManager( 1049): PMS setEnabledSetting: packageName = com.lenovo.anyshare.gps, className = com.lenovo.anyshare.activity.FileBrowserA, newState = 1, flags = 1, userId = 0, callingPackage = null, callingUid = 10323, allowedByPermission = false
10-15 16:13:49.762 D/PackageManager( 1049): PMS setEnabledSetting: packageName = com.lenovo.anyshare.gps, className = com.lenovo.anyshare.activity.FileBrowserB, newState = 2, flags = 1, userId = 0, callingPackage = null, callingUid = 10323, allowedByPermission = false
10-15 16:13:49.762 I/.gps:AppMetric(29625): Using CollectorTypeCMC GC.
10-15 16:13:49.762 D/LowMemPhoneManager(29402): SysCaps.getTotalMem() :7795, isLower_MemPhone:false
10-15 16:13:49.762 D/LowMemPhoneManager(29402): SysCaps.getTotalMem() :7795, isLowest_MemPhone:false
10-15 16:13:49.762 D/LowMemPhoneManager(29402): shouldForbidFunc ,  mDiffFunAb :low_all, shouldDiffByType:true, funcType:PDF
10-15 16:13:49.762 D/LowMemPhoneManager(29402): SysCaps.getTotalMem() :7795, isLowest_MemPhone:false
10-15 16:13:49.762 D/LowMemPhoneManager(29402): SysCaps.getTotalMem() :7795, isLower_MemPhone:false
10-15 16:13:49.762 D/LowMemPhoneManager(29402): shouldForbidFunc ,  LowMemPhoneDiffFuncManager.AB_LOW_ALL  , result:false, funcType:PDF
10-15 16:13:49.762 D/PackageManager( 1049): PMS setEnabledSetting: packageName = com.lenovo.anyshare.gps, className = com.lenovo.anyshare.activity.PdfToPhotoActivity, newState = 1, flags = 1, userId = 0, callingPackage = null, callingUid = 10323, allowedByPermission = false
10-15 16:13:49.763 W/.gps:AppMetric(29625): Using default instruction set features for ARM CPU variant (generic) using conservative defaults
10-15 16:13:49.763 D/PackageManager( 1049): PMS setEnabledSetting: packageName = com.lenovo.anyshare.gps, className = com.lenovo.anyshare.activity.PdfToSplitPhotoActivity, newState = 1, flags = 1, userId = 0, callingPackage = null, callingUid = 10323, allowedByPermission = false
10-15 16:13:49.763 I/Alive_WakeUp(29402): stats interval 12 hours
10-15 16:13:49.763 I/ivg     (29402): AppStartStatsTask 执行结束 50
10-15 16:13:49.764 D/PackageManager( 1049): PMS setEnabledSetting: packageName = com.lenovo.anyshare.gps, className = com.lenovo.anyshare.activity.PhotoToPdfActivity, newState = 1, flags = 1, userId = 0, callingPackage = null, callingUid = 10323, allowedByPermission = false
10-15 16:13:49.764 D/PackageManager( 1049): PMS setEnabledSetting: packageName = com.lenovo.anyshare.gps, className = com.lenovo.anyshare.activity.PhotoToPdfActivityView, newState = 1, flags = 1, userId = 0, callingPackage = null, callingUid = 10323, allowedByPermission = false
10-15 16:13:49.765 D/LowMemPhoneManager(29402): SysCaps.getTotalMem() :7795, isLower_MemPhone:false
10-15 16:13:49.765 D/LowMemPhoneManager(29402): SysCaps.getTotalMem() :7795, isLowest_MemPhone:false
10-15 16:13:49.765 D/LowMemPhoneManager(29402): shouldForbidFunc ,  mDiffFunAb :low_all, shouldDiffByType:true, funcType:DOC
10-15 16:13:49.765 D/LowMemPhoneManager(29402): SysCaps.getTotalMem() :7795, isLowest_MemPhone:false
10-15 16:13:49.765 D/LowMemPhoneManager(29402): SysCaps.getTotalMem() :7795, isLower_MemPhone:false
10-15 16:13:49.765 E/.gps:AppMetric(29625): Not starting debugger since process cannot load the jdwp agent.
10-15 16:13:49.765 D/LowMemPhoneManager(29402): shouldForbidFunc ,  LowMemPhoneDiffFuncManager.AB_LOW_ALL  , result:false, funcType:DOC
10-15 16:13:49.766 D/PackageManager( 1049): PMS setEnabledSetting: packageName = com.lenovo.anyshare.gps, className = com.lenovo.anyshare.doc.XLSPreview, newState = 1, flags = 1, userId = 0, callingPackage = null, callingUid = 10323, allowedByPermission = false
10-15 16:13:49.766 W/lowmemorykiller(  321): Failed to open /proc/27220/oom_score_adj; errno=2: process 27220 might have been killed
10-15 16:13:49.766 D/PackageManager( 1049): PMS setEnabledSetting: packageName = com.lenovo.anyshare.gps, className = com.lenovo.anyshare.doc.PPTPreview, newState = 1, flags = 1, userId = 0, callingPackage = null, callingUid = 10323, allowedByPermission = false
10-15 16:13:49.767 D/PackageManager( 1049): PMS setEnabledSetting: packageName = com.lenovo.anyshare.gps, className = com.lenovo.anyshare.doc.DOCPreview, newState = 1, flags = 1, userId = 0, callingPackage = null, callingUid = 10323, allowedByPermission = false
10-15 16:13:49.767 I/ivg     (29402): CommonMainTask 执行结束 55
10-15 16:13:49.768 I/ivg     (29402): MuslimInitTask 执行开始
10-15 16:13:49.768 I/ivg     (29402): SubInitAdTask 执行开始
10-15 16:13:49.768 I/ivg     (29402): SubInitAdTask 执行结束 0
10-15 16:13:49.768 W/ivg     (29402): 等待需被等待的任务耗时 0 ms
10-15 16:13:49.768 I/ivg     (29402): GameInitTask 执行开始
10-15 16:13:49.768 W/ivg     (29402): 添加任务耗时：0 ms
10-15 16:13:49.768 I/ivg     (29402): 开始执行
10-15 16:13:49.769 W/ivg     (29402): 调度耗时：1 ms
10-15 16:13:49.769 I/ivg     (29402): GameInitTask 执行结束 57
10-15 16:13:49.769 W/ivg     (29402): 等待需被等待的任务耗时 0 ms
10-15 16:13:49.769 W/ivg     (29402): New onCreate cost 63
10-15 16:13:49.769 D/AnyShareApp(29402): app_launch onCreate end
10-15 16:13:49.769 I/ivg     (29402): SubThread2Task 执行开始
10-15 16:13:49.769 I/ivg     (29402): SubThread4Task 执行开始
10-15 16:13:49.770 W/WM-WorkSpec(29402): Interval duration lesser than minimum allowed value; Changed to 900000
10-15 16:13:49.771 I/ivg     (29402): SubThread3Task 执行开始
10-15 16:13:49.772 I/ivg     (29402): BoostFlashTask 执行开始
10-15 16:13:49.774 I/AS.InnoModule(29402): 16:13:49.774[33] init InnoModule
10-15 16:13:49.774 I/ivg     (29402): ReportTask 执行开始
10-15 16:13:49.774 I/ivg     (29402): ReportTask 执行结束 60
10-15 16:13:49.775 I/ivg     (29402): MuslimInitTask 执行结束 56
10-15 16:13:49.776 I/ivg     (29402): SubThread1Task 执行开始
10-15 16:13:49.777 I/ivg     (29402): FlashPreVerifyClassTask 执行开始
10-15 16:13:49.778 I/ivg     (29402): BoostFlashTask 执行结束 9
10-15 16:13:49.778 D/BroadcastQueue( 1049): Add broadcast <BroadcastRecord{d52b914 u-1 android.net.conn.CONNECTIVITY_CHANGE}> into [parallel | background], pending size 0
10-15 16:13:49.778 D/BroadcastQueue( 1049): Done with parallel broadcast [background] [BroadcastRecord{d52b914 u-1 android.net.conn.CONNECTIVITY_CHANGE}]
10-15 16:13:49.779 E/LancetCacheHelper(29402): get getRemoteVersion Origin: 253405700
10-15 16:13:49.779 E/LancetCacheHelper(29402): sRemoteVersion prealod  253405700
10-15 16:13:49.780 I/WifiService( 1049): getConnectionInfo uid=10323
10-15 16:13:49.780 V/WifiPermissionsWrapper( 1049): getUidPermission(android.permission.LOCAL_MAC_ADDRESS, 10323): false
10-15 16:13:49.780 V/WifiPermissionsWrapper( 1049): getUidPermission(android.permission.NETWORK_SETTINGS, 10323): false
10-15 16:13:49.781 V/WifiService( 1049): Clearing REDACT_FOR_ACCESS_FINE_LOCATION for com.lenovo.anyshare.gps(uid=10323)
10-15 16:13:49.781 V/WifiPermissionsWrapper( 1049): getUidPermission(android.permission.NETWORK_SETTINGS, 10323): false
10-15 16:13:49.781 V/WifiPermissionsWrapper( 1049): getUidPermission(android.permission.NETWORK_SETUP_WIZARD, 10323): false
10-15 16:13:49.781 V/WifiPermissionsWrapper( 1049): getUidPermission(android.permission.NETWORK_MANAGED_PROVISIONING, 10323): false
10-15 16:13:49.781 V/WifiPermissionsWrapper( 1049): getUidPermission(android.permission.NETWORK_STACK, 10323): false
10-15 16:13:49.781 V/WifiPermissionsWrapper( 1049): getUidPermission(android.permission.MAINLINE_NETWORK_STACK, 10323): false
10-15 16:13:49.781 V/WifiPermissionsWrapper( 1049): getUidPermission(android.permission.RADIO_SCAN_WITHOUT_LOCATION, 10323): false
10-15 16:13:49.781 V/WifiPermissionsWrapper( 1049): getUidPermission(android.permission.PEERS_MAC_ADDRESS, 10323): false
10-15 16:13:49.781 V/WifiPermissionsWrapper( 1049): getUidPermission(android.permission.ACCESS_FINE_LOCATION, 10323): true
10-15 16:13:49.782 D/AppOps  ( 1049): PNForegroundeval-evalMode-op:1 ,mode: 4 ,capability: 0
10-15 16:13:49.782 D/AppOps  ( 1049): noteOperation: uid reject #1 for code 1 (1) uid 10323 package com.lenovo.anyshare.gps flags: s
10-15 16:13:49.782 V/WifiPermissionsUtil( 1049): checkCallersLocationPermission(com.lenovo.anyshare.gps): returning false for 10323: coarseForTargetSdkLessThanQ=true, isTargetSdkLessThanQ=false
10-15 16:13:49.782 V/WifiPermissionsUtil( 1049): enforceCanAccessScanResults(pkg=com.lenovo.anyshare.gps, uid=10323): canCallingUidAccessLocation=false, canAppPackageUseLocation=false
10-15 16:13:49.782 V/WifiService( 1049): Keeping REDACT_FOR_ACCESS_FINE_LOCATION:java.lang.SecurityException: UID 10323 has no location permission
10-15 16:13:49.782 D/os.ActivityManagerServiceLice( 1049): make process active com.lenovo.anyshare.gps:AppMetrica(29625)
10-15 16:13:49.784 I/libprocessgroup( 1049): Successfully killed process cgroup uid 10109 pid 27801 in 0ms
10-15 16:13:49.786 I/ActivityThread(29625): Relaunch all activities: onCoreSettingsChange
10-15 16:13:49.787 D/CompatibilityChangeReporter(29625): Compat change id reported: 171979766; UID 10323; state: ENABLED
10-15 16:13:49.787 I/Tierahs (29402): salva optimize : chuanyin, testId : 68, cloud cf : 1:1:true, abInfo : default_true
10-15 16:13:49.789 D/os.SingleLiceFactory(29625): instance successfully. com.transsion.typeface.v1.TypefaceLice@7373785 from android.graphics.IGraphicLice
10-15 16:13:49.789 E/CrashFixLancet(29402): androidx.room.RoomDatabase#query
10-15 16:13:49.789 D/os.LiceInfo(29625): instance successfully. com.transsion.graphics.GraphicLice@ffaa84c from android.graphics.IGraphicLice
10-15 16:13:49.789 E/CrashFixLancet(29402): androidx.room.RoomDatabase#assertNotSuspendingTransaction
10-15 16:13:49.790 I/ivg     (29402): FlashPreVerifyClassTask 执行结束 15
10-15 16:13:49.791 D/BroadcastQueue( 1049): Add broadcast <BroadcastRecord{250b9 u-1 android.net.conn.CONNECTIVITY_CHANGE}> into [parallel | background], pending size 0
10-15 16:13:49.791 D/BroadcastQueue( 1049): Done with parallel broadcast [background] [BroadcastRecord{250b9 u-1 android.net.conn.CONNECTIVITY_CHANGE}]
10-15 16:13:49.792 W/System.err(29402): java.lang.NoSuchMethodException: android.app.Activity.setStatusBarDarkIcon [boolean]
10-15 16:13:49.792 W/System.err(29402): 	at java.lang.Class.getMethod(Class.java:2940)
10-15 16:13:49.792 W/System.err(29402): 	at java.lang.Class.getMethod(Class.java:2440)
10-15 16:13:49.792 W/System.err(29402): 	at si.gcg.<clinit>(Unknown Source:70)
10-15 16:13:49.792 W/System.err(29402): 	at java.lang.Class.classForName(Native Method)
10-15 16:13:49.792 W/System.err(29402): 	at java.lang.Class.forName(Class.java:597)
10-15 16:13:49.792 W/System.err(29402): 	at java.lang.Class.forName(Class.java:502)
10-15 16:13:49.792 W/System.err(29402): 	at si.ld2.a(Unknown Source:7)
10-15 16:13:49.793 W/System.err(29402): 	at si.bf9$g.run(Unknown Source:101)
10-15 16:13:49.793 W/System.err(29402): 	at java.util.concurrent.Executors$RunnableAdapter.call(Executors.java:524)
10-15 16:13:49.793 W/System.err(29402): 	at java.util.concurrent.FutureTask.run(FutureTask.java:317)
10-15 16:13:49.793 W/System.err(29402): 	at java.util.concurrent.ThreadPoolExecutor.runWorker(ThreadPoolExecutor.java:1156)
10-15 16:13:49.793 W/System.err(29402): 	at java.util.concurrent.ThreadPoolExecutor$Worker.run(ThreadPoolExecutor.java:651)
10-15 16:13:49.793 W/System.err(29402): 	at java.lang.Thread.run(Thread.java:1119)
10-15 16:13:49.797 I/Tierahs (29402): salva optimize : chuanyin, result : false
10-15 16:13:49.800 D/nativeloader(29625): Configuring clns-4 for other apk /apex/com.android.extservices/javalib/android.ext.adservices.jar. target_sdk_version=34, uses_libraries=ALL, library_path=/data/app/~~dVQplVAzksiMC8WvdJLfpg==/com.lenovo.anyshare.gps-AGBeNYDiGI16ylb7EsGqew==/lib/arm:/data/app/~~dVQplVAzksiMC8WvdJLfpg==/com.lenovo.anyshare.gps-AGBeNYDiGI16ylb7EsGqew==/base.apk!/lib/armeabi-v7a, permitted_path=/data:/mnt/expand:/data/user/0/com.lenovo.anyshare.gps
10-15 16:13:49.802 D/nativeloader(29625): InitApexLibraries:
10-15 16:13:49.802 D/nativeloader(29625):   com_android_appsearch: libicing.so
10-15 16:13:49.802 D/nativeloader(29625):   com_android_art: libartservice.so
10-15 16:13:49.802 D/nativeloader(29625):   com_android_conscrypt: libjavacrypto.so
10-15 16:13:49.802 D/nativeloader(29625):   com_android_extservices: libtflite_support_classifiers_native.so
10-15 16:13:49.802 D/nativeloader(29625):   com_android_mediaprovider: libpdfclient.so
10-15 16:13:49.802 D/nativeloader(29625):   com_android_os_statsd: libstats_jni.so
10-15 16:13:49.802 D/nativeloader(29625):   com_android_tethering: libandroid_net_connectivity_com_android_net_module_util_jni.so:libframework-connectivity-jni.so:libframework-connectivity-tiramisu-jni.so:libmainlinecronet.139.0.7205.3.so:libservice-connectivity.so:libservice-thread-jni.so:stable_cronet_libcrypto.so:stable_cronet_libssl.so
10-15 16:13:49.804 I/ivg     (29402): SubThread4Task 执行结束 35
10-15 16:13:49.804 D/nativeloader(29625): Configuring clns-5 for other apk /system/framework/org.apache.http.legacy.jar. target_sdk_version=34, uses_libraries=ALL, library_path=/data/app/~~dVQplVAzksiMC8WvdJLfpg==/com.lenovo.anyshare.gps-AGBeNYDiGI16ylb7EsGqew==/lib/arm:/data/app/~~dVQplVAzksiMC8WvdJLfpg==/com.lenovo.anyshare.gps-AGBeNYDiGI16ylb7EsGqew==/base.apk!/lib/armeabi-v7a, permitted_path=/data:/mnt/expand:/data/user/0/com.lenovo.anyshare.gps
10-15 16:13:49.816 I/AS.CFG_ConfigRequest(29402): 16:13:49.816[122] request: url = http://www.pullcf.com/config/group/v3
10-15 16:13:49.817 V/ActivityManager( 1049): Clean up application record for ProcessRecord{f8f4ec3 27801:com.google.android.apps.wellbeing/u0a109} restarting=false allowRestart=true index=-1 replacingPid=false fromBinderDied=true
10-15 16:13:49.817 D/os.ActivityManagerServiceLice( 1049): make process inactive com.google.android.apps.wellbeing(27801)
10-15 16:13:49.821 D/PackageManager( 1049): PMS setEnabledSetting: packageName = com.lenovo.anyshare.gps, className = spg.erahsyna.ovonel.moc.comps.TierahsProvider, newState = 1, flags = 1, userId = 0, callingPackage = null, callingUid = 10323, allowedByPermission = false
10-15 16:13:49.821 D/nativeloader(29402): Load /data/app/~~dVQplVAzksiMC8WvdJLfpg==/com.lenovo.anyshare.gps-AGBeNYDiGI16ylb7EsGqew==/lib/arm/libinnoplayer-core.so using class loader ns clns-6 (caller=/data/app/~~dVQplVAzksiMC8WvdJLfpg==/com.lenovo.anyshare.gps-AGBeNYDiGI16ylb7EsGqew==/base.apk!classes11.dex): ok
10-15 16:13:49.821 I/INNPMEDIA(29402): innp_jni_helper_get_current_jni_env:Attach current thread success, env addr:0xf13d9630.
10-15 16:13:49.821 D/INNPMEDIA(29402): load_build_class_internal success.
10-15 16:13:49.821 D/INNPMEDIA(29402): load_os_build_class_internal success.
10-15 16:13:49.821 I/INNPMEDIA(29402): bytebuffer load succeed.
10-15 16:13:49.821 D/INNPMEDIA(29402): load_mediaplayer_class_internal:load class MediaPlayer methods and fields ok.
10-15 16:13:49.821 D/INNPMEDIA(29402): load_audiotrack_class_internal:load class AudioTrack methods and fileds ok.
10-15 16:13:49.822 I/Tierahs (29402): ## before verify ##
10-15 16:13:49.822 I/Tierahs (29402): ## verify success ##
10-15 16:13:49.823 I/INNPMEDIA(29402): mediaCodec load succeed
10-15 16:13:49.823 I/Zygote  (  595): Process 27801 exited due to signal 9 (Killed)
10-15 16:13:49.823 I/INNPMEDIA(29402): mediaFormat load succeed
10-15 16:13:49.823 I/INNPMEDIA(29402): innp_jni_helper_load_all_classes: load class success.
10-15 16:13:49.823 D/INNPMEDIA(29402): qvp_player_global_init
10-15 16:13:49.824 D/INNPMEDIA(29402): ijkav_register_all
10-15 16:13:49.824 D/INNPMEDIA(29402): InnoPlayer_native_init
10-15 16:13:49.824 I/AS.AppRefer(29402): 16:13:49.824[49] User_CorrelationSearch:null invite_type:
10-15 16:13:49.832 I/Tierahs (29402): Main process start momitor processes
10-15 16:13:49.833 I/Tierahs (29402): salva optimize : cdp, testId : 62, cloud cf : 1:1:true, abInfo : default_true
10-15 16:13:49.834 I/Tierahs (29402): salva optimize : js, testId : 16, cloud cf : 1:1:true, abInfo : default_true
10-15 16:13:49.837 I/Tierahs (29402): salva optimize : mps, testId : 56, cloud cf : 1:1:true, abInfo : default_true
10-15 16:13:49.838 I/Tierahs (29402): salva optimize : pm, testId : 73, cloud cf : 1:1:true, abInfo : default_true
10-15 16:13:49.838 I/ivg     (29402): SubThread2Task 执行结束 69
10-15 16:13:49.842 D/DurationCollector(29402): updateRecord. beginDate = 2025-10-15, isSameDay = true, infos = [{"appVerCode":4065229,"beginTime":1760454018386,"delayTickCount":1,"duration":21255622},{"appVerCode":4065229,"beginTime":1760475735918,"delayTickCount":0,"duration":830561},{"appVerCode":4065229,"beginTime":1760477707531,"delayTickCount":0,"duration":6933848},{"appVerCode":4065229,"beginTime":1760484669768,"delayTickCount":0,"duration":407727},{"appVerCode":4065229,"beginTime":1760486954809,"delayTickCount":0,"duration":1689924},{"appVerCode":4065229,"beginTime":1760494742502,"delayTickCount":0,"duration":955154},{"appVerCode":4065229,"beginTime":1760495717310,"delayTickCount":0,"duration":1441753},{"appVerCode":4065229,"beginTime":1760500742561,"delayTickCount":4,"duration":2651273},{"appVerCode":4065229,"beginTime":1760503426564,"delayTickCount":0,"duration":2207566},{"appVerCode":4065229,"beginTime":1760507685909,"delayTickCount":0,"duration":2207598},{"appVerCode":4065229,"beginTime":1760509918674,"delayTickCount":0,"duration":855978},{"appVerCode":4065229,"beginTime":1760510823018,"delayTickCount":0,"duration":1564978},{"appVerCode":4065229,"beginTime":1760512429727,"delayTickCount":0,"duration":82}]
10-15 16:13:49.846 D/enhanceHAL(  652): slpSetBrightness: ambient = 6
10-15 16:13:49.850 I/SIPlayer(29402): Init cache dir is /storage/emulated/0/Android/data/com.lenovo.anyshare.gps/cache/ijk_cache
10-15 16:13:49.853 I/Finsky  ( 8336): [246] com.lenovo.anyshare.gps: Account determined from library ownership - [k5HFHm7sTfN_qwcsyT9k_Kezvnq32IAs_dNdQFeRpUI]
10-15 16:13:49.854 I/Finsky  ( 8336): [246] Billing preferred account via installer for com.lenovo.anyshare.gps: [k5HFHm7sTfN_qwcsyT9k_Kezvnq32IAs_dNdQFeRpUI]
10-15 16:13:49.855 I/LRUCacheEvictor(29402): Init cache list start
10-15 16:13:49.856 E/LRUCacheEvictor(29402): cache dir is empty
10-15 16:13:49.858 I/Finsky  ( 8336): [246] com.lenovo.anyshare.gps: Account determined from library ownership - [k5HFHm7sTfN_qwcsyT9k_Kezvnq32IAs_dNdQFeRpUI]
10-15 16:13:49.858 E/CrashFixLancet(29402): androidx.room.RoomDatabase#assertNotSuspendingTransaction
10-15 16:13:49.859 I/Finsky  ( 8336): [246] Billing preferred account via installer for com.lenovo.anyshare.gps: [k5HFHm7sTfN_qwcsyT9k_Kezvnq32IAs_dNdQFeRpUI]
10-15 16:13:49.862 I/SDK.INIT(29402): Init finish
10-15 16:13:49.863 I/SDK.INIT(29402): initCommonValues + FirstInitTimeByApp-1
10-15 16:13:49.863 I/SDK.INIT(29402): initCommonValues + FirstInitTime-1
10-15 16:13:49.867 E/CrashFixLancet(29402): androidx.room.RoomDatabase#beginTransaction
10-15 16:13:49.867 E/CrashFixLancet(29402): androidx.room.RoomDatabase#assertNotSuspendingTransaction
10-15 16:13:49.871 E/CrashFixLancet(29402): androidx.room.RoomDatabase#endTransaction
10-15 16:13:49.874 W/OaidHelper(29402): com.bun.miitmdid.core.InfoCode Not Found error: com.bun.miitmdid.core.InfoCode
10-15 16:13:49.876 E/CrashFixLancet(29402): androidx.room.RoomDatabase#query
10-15 16:13:49.876 E/CrashFixLancet(29402): androidx.room.RoomDatabase#assertNotSuspendingTransaction
10-15 16:13:49.877 W/MediaProvider( 2268): isAppCloneUserPair for user 0: false
10-15 16:13:49.888 W/vo.anyshare.gp(29402): Unable to resolve Lsi/oce; annotation class 6642
10-15 16:13:49.889 W/ApkUtil (29402): getPackageInfo NameNotFoundException
10-15 16:13:49.889 W/ApkUtil (29402): getPackageInfo NameNotFoundException
10-15 16:13:49.889 W/ApkUtil (29402): getPackageInfo NameNotFoundException
10-15 16:13:49.891 W/vo.anyshare.gp(29402): Unable to resolve Lsi/oce$b; annotation class 6642
10-15 16:13:49.908 D/nativeloader(29589): Configuring clns-6 for other apk /data/app/~~dVQplVAzksiMC8WvdJLfpg==/com.lenovo.anyshare.gps-AGBeNYDiGI16ylb7EsGqew==/base.apk. target_sdk_version=34, uses_libraries=, library_path=/data/app/~~dVQplVAzksiMC8WvdJLfpg==/com.lenovo.anyshare.gps-AGBeNYDiGI16ylb7EsGqew==/lib/arm:/data/app/~~dVQplVAzksiMC8WvdJLfpg==/com.lenovo.anyshare.gps-AGBeNYDiGI16ylb7EsGqew==/base.apk!/lib/armeabi-v7a, permitted_path=/data:/mnt/expand:/data/user/0/com.lenovo.anyshare.gps
10-15 16:13:49.908 I/Finsky  ( 8336): [246] com.lenovo.anyshare.gps: Account determined from library ownership - [k5HFHm7sTfN_qwcsyT9k_Kezvnq32IAs_dNdQFeRpUI]
10-15 16:13:49.908 I/Finsky  ( 8336): [246] Billing preferred account via installer for com.lenovo.anyshare.gps: [k5HFHm7sTfN_qwcsyT9k_Kezvnq32IAs_dNdQFeRpUI]
10-15 16:13:49.909 W/vo.anyshare.gp(29402): Unable to resolve Lsi/oce; annotation class 6642
10-15 16:13:49.912 W/vo.anyshare.gp(29402): Unable to resolve Lsi/oce$b; annotation class 6642
10-15 16:13:49.917 I/MediaProvider( 2268): Deleted 1 0 0 0 0 0 0 items on external_primary due to com.lenovo.anyshare.gps
10-15 16:13:49.918 I/UriTaskContentObserver(28956): (REDACTED) Throttling content uri change event for %s
10-15 16:13:49.920 D/h5_bidding(29402): setGlobalAdH5BiddingListner set:: 
10-15 16:13:49.920 D/h5_bidding(29402): setGlobalAdH5BiddingListner over:: si.hj$b@585695asi.hj$a@583778b
10-15 16:13:49.921 D/tp      (29402): initTp return!!
10-15 16:13:49.921 I/Finsky  ( 8336): [186] com.lenovo.anyshare.gps: Account determined from library ownership - [k5HFHm7sTfN_qwcsyT9k_Kezvnq32IAs_dNdQFeRpUI]
10-15 16:13:49.921 I/Finsky  ( 8336): [186] Billing preferred account via installer for com.lenovo.anyshare.gps: [k5HFHm7sTfN_qwcsyT9k_Kezvnq32IAs_dNdQFeRpUI]
10-15 16:13:49.921 D/mf9     (29402): LaunchVApp#vAppCreate
10-15 16:13:49.924 I/Finsky  ( 8336): [241] com.lenovo.anyshare.gps: Account determined from library ownership - [k5HFHm7sTfN_qwcsyT9k_Kezvnq32IAs_dNdQFeRpUI]
10-15 16:13:49.924 I/Finsky  ( 8336): [241] Billing preferred account via installer for com.lenovo.anyshare.gps: [k5HFHm7sTfN_qwcsyT9k_Kezvnq32IAs_dNdQFeRpUI]
10-15 16:13:49.925 D/mf9     (29402): LaunchVApp#vAppCreate
10-15 16:13:49.927 I/Ad.InnerProxy(29402): SDK Start initializing. azFromGP = false
10-15 16:13:49.927 D/mf9     (29402): LaunchVApp#vAppCreate
10-15 16:13:49.927 D/LowMemPhoneManager(29402): SysCaps.getTotalMem() :7795, isLower_MemPhone:false
10-15 16:13:49.927 D/LowMemPhoneManager(29402): SysCaps.getTotalMem() :7795, isLowest_MemPhone:false
10-15 16:13:49.927 I/AS.Ad.InnerProxy(29402): 16:13:49.927[62] #3b4659df com.lenovo.anyshare.gps
10-15 16:13:49.928 D/LowMemPhoneManager(29402): shouldForbidFunc ,  mDiffFunAb :low_all, shouldDiffByType:true, funcType:MEDIA_DB_CUS
10-15 16:13:49.928 D/LowMemPhoneManager(29402): SysCaps.getTotalMem() :7795, isLowest_MemPhone:false
10-15 16:13:49.928 D/LowMemPhoneManager(29402): SysCaps.getTotalMem() :7795, isLower_MemPhone:false
10-15 16:13:49.928 D/LowMemPhoneManager(29402): shouldForbidFunc ,  LowMemPhoneDiffFuncManager.AB_LOW_ALL  , result:false, funcType:MEDIA_DB_CUS
10-15 16:13:49.928 D/LowMemPhoneManager(29402): SysCaps.getTotalMem() :7795, isLower_MemPhone:false
10-15 16:13:49.928 D/LowMemPhoneManager(29402): SysCaps.getTotalMem() :7795, isLowest_MemPhone:false
10-15 16:13:49.928 D/LowMemPhoneManager(29402): shouldForbidFunc ,  mDiffFunAb :low_all, shouldDiffByType:true, funcType:MEDIA_DB_CUS
10-15 16:13:49.928 D/LowMemPhoneManager(29402): SysCaps.getTotalMem() :7795, isLowest_MemPhone:false
10-15 16:13:49.928 D/LowMemPhoneManager(29402): SysCaps.getTotalMem() :7795, isLower_MemPhone:false
10-15 16:13:49.928 D/LowMemPhoneManager(29402): shouldForbidFunc ,  LowMemPhoneDiffFuncManager.AB_LOW_ALL  , result:false, funcType:MEDIA_DB_CUS
10-15 16:13:49.929 I/Adm.wdr (29402): refresh diffTM = 1760512429928 expiredHours = 1 lastWdrTs = 0 isOnReceive = false now = 1760512429929
10-15 16:13:49.939 E/3b4659df(29402): d ready
10-15 16:13:49.940 D/AD.StatsIPCHelper(29402): #init TIMESTAMP[1760512429939] isMainProcess[true]
10-15 16:13:49.940 D/AlarmManagerService( 1049): set alarm to kernel: 253798.258000000, type=2 
10-15 16:13:49.941 D/AlarmManagerService( 1049): set alarm to kernel: 253200.963000000, type=3 
10-15 16:13:49.941 V/AlarmManager( 1049): set(PendingIntent{5349c55: PendingIntentRecord{92a070e com.lenovo.anyshare.gps broadcastIntent}}) : type=0 listener=null listenerTag=null triggerAtTime=1760548429941 win=3600000 tElapsed=289200328 maxElapsed=292800328 interval=0 flags=0x0
10-15 16:13:49.941 D/AlarmManagerService( 1049): set alarm to kernel: 253798.258000000, type=2 
10-15 16:13:49.941 D/AlarmManagerService( 1049): set alarm to kernel: 253200.963000000, type=3 
10-15 16:13:49.943 I/Finsky  ( 8336): [241] com.lenovo.anyshare.gps: Account determined from library ownership - [k5HFHm7sTfN_qwcsyT9k_Kezvnq32IAs_dNdQFeRpUI]
10-15 16:13:49.944 I/Finsky  ( 8336): [241] Billing preferred account via installer for com.lenovo.anyshare.gps: [k5HFHm7sTfN_qwcsyT9k_Kezvnq32IAs_dNdQFeRpUI]
10-15 16:13:49.944 I/Finsky  ( 8336): [241] User is not an active Play Pass subscriber
10-15 16:13:49.946 E/CrashFixLancet(29402): androidx.room.RoomDatabase#assertNotSuspendingTransaction
10-15 16:13:49.949 D/BroadcastQueue( 1049): Add broadcast <BroadcastRecord{fb556d3 u-1 android.net.conn.CONNECTIVITY_CHANGE}> into [parallel | background], pending size 0
10-15 16:13:49.949 D/BroadcastQueue( 1049): Done with parallel broadcast [background] [BroadcastRecord{fb556d3 u-1 android.net.conn.CONNECTIVITY_CHANGE}]
10-15 16:13:49.952 I/AS.ResDownloadServiceMa(29402): 16:13:49.952[33] initResInit---service = si.vyi@d7a3f47
10-15 16:13:49.952 D/LowMemPhoneManager(29402): SysCaps.getTotalMem() :7795, isLower_MemPhone:false
10-15 16:13:49.952 D/LowMemPhoneManager(29402): SysCaps.getTotalMem() :7795, isLowest_MemPhone:false
10-15 16:13:49.952 D/LowMemPhoneManager(29402): shouldForbidFunc ,  mDiffFunAb :low_all, shouldDiffByType:true, funcType:DOWNLOADER_SITE
10-15 16:13:49.952 D/LowMemPhoneManager(29402): SysCaps.getTotalMem() :7795, isLowest_MemPhone:false
10-15 16:13:49.952 D/LowMemPhoneManager(29402): SysCaps.getTotalMem() :7795, isLower_MemPhone:false
10-15 16:13:49.952 D/LowMemPhoneManager(29402): shouldForbidFunc ,  LowMemPhoneDiffFuncManager.AB_LOW_ALL  , result:false, funcType:DOWNLOADER_SITE
10-15 16:13:49.953 D/PackageManager( 1049): PMS setEnabledSetting: packageName = com.lenovo.anyshare.gps, className = com.basenm.notificationmanager.service.NotificationManagerSvc, newState = 2, flags = 1, userId = 0, callingPackage = null, callingUid = 10323, allowedByPermission = false
10-15 16:13:49.956 D/PackageManager( 1049): PMS setEnabledSetting: packageName = com.lenovo.anyshare.gps, className = com.basenm.notificationmanager.service.NotificationManagerSvc, newState = 1, flags = 1, userId = 0, callingPackage = null, callingUid = 10323, allowedByPermission = false
10-15 16:13:49.960 V/PackageManager( 1049): Sending package changed: package=com.lenovo.anyshare.gps components=[spg.erahsyna.ovonel.moc.comps.TierahsCoDFlg, com.basenm.notificationmanager.service.NotificationManagerSvc]
10-15 16:13:49.962 D/BroadcastQueue( 1049): Add broadcast <BroadcastRecord{adc7210 u0 android.intent.action.PACKAGE_CHANGED}> into [parallel | background], pending size 0
10-15 16:13:49.963 D/nativeloader(29625): Configuring clns-6 for other apk /data/app/~~dVQplVAzksiMC8WvdJLfpg==/com.lenovo.anyshare.gps-AGBeNYDiGI16ylb7EsGqew==/base.apk. target_sdk_version=34, uses_libraries=, library_path=/data/app/~~dVQplVAzksiMC8WvdJLfpg==/com.lenovo.anyshare.gps-AGBeNYDiGI16ylb7EsGqew==/lib/arm:/data/app/~~dVQplVAzksiMC8WvdJLfpg==/com.lenovo.anyshare.gps-AGBeNYDiGI16ylb7EsGqew==/base.apk!/lib/armeabi-v7a, permitted_path=/data:/mnt/expand:/data/user/0/com.lenovo.anyshare.gps
10-15 16:13:49.963 D/CompanionDeviceManagerService( 1049): onPackageModified(packageName = com.lenovo.anyshare.gps)
10-15 16:13:49.964 I/ivg     (29402): SubThread3Task 执行结束 193
10-15 16:13:49.966 I/MediaProvider( 2268): Invalidating LocalCallingIdentity cache for package com.lenovo.anyshare.gps. Reason: package android.intent.action.PACKAGE_CHANGED
10-15 16:13:49.966 D/XLauncher( 1658): Launcher.Model-mAllAppsList.updatePackage com.lenovo.anyshare.gps
10-15 16:13:49.969 D/JobScheduler.Time( 1049): evaluateConstraint job for: ru.dublgis.dgismobile sourceUid:10239 app is not started!!
10-15 16:13:49.971 I/InputReader( 1049): Reconfiguring input devices, changes=KEYBOARD_LAYOUTS | 
10-15 16:13:49.972 D/BroadcastQueue( 1049): Done with parallel broadcast [background] [BroadcastRecord{adc7210 u0 android.intent.action.PACKAGE_CHANGED}]
10-15 16:13:49.973 I/SmartPanel_TouchView( 3212): PackageReceiver received uri null false, action = android.intent.action.PACKAGE_CHANGED
10-15 16:13:49.973 I/SmartPanel_TouchView( 3212): PackageReceiver received pkgName = com.lenovo.anyshare.gps, action = android.intent.action.PACKAGE_CHANGED
10-15 16:13:49.973 I/SmartPanel_TouchView( 3212): packageChange: com.lenovo.anyshare.gps, name: spg.erahsyna.ovonel.moc.comps.TierahsCoDFlg
10-15 16:13:49.973 I/SmartPanel_TouchView( 3212): packageChange: com.lenovo.anyshare.gps, name: com.basenm.notificationmanager.service.NotificationManagerSvc
10-15 16:13:49.973 D/JobScheduler.Time( 1049): evaluateConstraint job for: ru.dublgis.dgismobile sourceUid:10239 app is not started!!
10-15 16:13:49.974 I/RoleService( 1049): Granting default roles...
10-15 16:13:49.976 D/Kolun.Api( 4085): get z02 from cache
10-15 16:13:49.977 V/MediaPlayerList(10820): mPackageChangedBroadcastReceiver: action: android.intent.action.PACKAGE_CHANGED
10-15 16:13:49.977 D/MediaPlayerList(10820): Name of package changed: com.lenovo.anyshare.gps
10-15 16:13:49.978 D/CompatibilityChangeReporter( 1049): Compat change id reported: 171306433; UID 10323; state: ENABLED
10-15 16:13:49.981 V/GraphicsEnvironment(29589): ANGLE Developer option for 'com.lenovo.anyshare.gps' set to: 'default'
10-15 16:13:49.981 V/GraphicsEnvironment(29589): Neither updatable production driver nor prerelease driver is supported.
10-15 16:13:49.981 D/CompatibilityChangeReporter( 1049): Compat change id reported: 182734110; UID 10323; state: ENABLED
10-15 16:13:49.982 E/CrashFixLancet(29402): androidx.room.RoomDatabase#assertNotSuspendingTransaction
10-15 16:13:49.984 I/LoadedApk(29589): No resource references to update in package com.transsion.theme.icon
10-15 16:13:49.985 I/LoadedApk(29589): No resource references to update in package com.lenovo.anyshare.gps.ModuleMuslim
10-15 16:13:49.985 W/AS.H5AdConfig(29402): 16:13:49.985[140] latchAwait:countDown1 pool-24-thread-1
10-15 16:13:49.986 I/LoadedApk(29589): No resource references to update in package com.lenovo.anyshare.gps.MyTarget
10-15 16:13:49.986 I/LoadedApk(29589): No resource references to update in package com.lenovo.anyshare.gps.UnityAds
10-15 16:13:49.987 I/LoadedApk(29589): No resource references to update in package com.lenovo.anyshare.gps.ModuleWpsReader
10-15 16:13:49.987 W/AppButtonsPrefCtl(29146): App is not explicitly stopped
10-15 16:13:49.992 W/libc    (29146): Access denied finding property "ro.vendor.transsion.simlocked"
10-15 16:13:49.997 I/LoadedApk(29589): No resource references to update in package com.lenovo.anyshare.gps.ModuleEntertainment
10-15 16:13:50.002 I/Bugle   (12700): BroadcastReceiverAsyncWorkTracker: Acknowledging broadcast of cwzm@610b774
10-15 16:13:50.002 I/LoadedApk(29589): No resource references to update in package com.lenovo.anyshare.gps.InnoPlayerDynamicFeature
10-15 16:13:50.003 I/LoadedApk(29589): No resource references to update in package com.lenovo.anyshare.gps.ModuleShop
10-15 16:13:50.003 I/LoadedApk(29589): No resource references to update in package com.lenovo.anyshare.gps.Admob
10-15 16:13:50.004 D/CompatibilityChangeReporter( 1049): Compat change id reported: 149924527; UID 10323; state: ENABLED
10-15 16:13:50.004 I/LoadedApk(29589): No resource references to update in package com.lenovo.anyshare.gps.Mopub
10-15 16:13:50.004 I/LoadedApk(29589): No resource references to update in package com.lenovo.anyshare.gps.ModuleOnline
10-15 16:13:50.006 D/CompatibilityChangeReporter( 1049): Compat change id reported: 132649864; UID 10323; state: DISABLED
10-15 16:13:50.008 D/NetworkSecurityConfig(29589): Using Network Security Config from resource l debugBuild: false
10-15 16:13:50.009 D/enhanceHAL(  652): slpSetBrightness: ambient = 6
10-15 16:13:50.009 D/NetworkSecurityConfig(29589): Using Network Security Config from resource l debugBuild: false
10-15 16:13:50.010 D/AnyShareApp(29589): app_launch attachBaseContext start
10-15 16:13:50.011 I/BoostMultiDex(29589): BoostMultiDex is installing, version is 1.0.0
10-15 16:13:50.011 I/BoostMultiDex(29589): VM with version 2.1.0 has support
10-15 16:13:50.011 I/BoostMultiDex(29589): BoostMultiDex support library is disabled for VM capable
