10-15 16:13:59.056 D/OemPaidWifiNetworkFactory( 1049): got request NetworkRequest [ REQUEST id=6815, [ Capabilities: INTERNET&NOT_RESTRICTED&TRUSTED&NOT_VCN_MANAGED Uid: 10323 RequestorUid: 10323 RequestorPkg: com.lenovo.anyshare.gps UnderlyingNetworks: Null] ]
10-15 16:13:59.058 D/ConnectivityService( 1049): NetReassign [6815 : null → 123] [c 0] [a 2] [i 4]
10-15 16:13:59.061 D/CompatibilityChangeReporter( 1049): Compat change id reported: 319212206; UID 10323; state: DISABLED
10-15 16:13:59.068 D/ConnectivityService( 1049): NetReassign [no changes] [c 0] [a 4] [i 2]
10-15 16:13:59.075 W/adservices(14409): Skip logging because Cobalt logger is null
10-15 16:13:59.075 W/adservices(14409): Skip logging because Cobalt is disabled.
10-15 16:13:59.078 D/AppCompatDelegate(29916): Checking for metadata for AppLocalesMetadataHolderService : Service not found
10-15 16:13:59.086 D/enhanceHAL(  652): slpSetBrightness: ambient = 6
10-15 16:13:59.107 W/cr_media(29402): BLUETOOTH_CONNECT permission is missing.
10-15 16:13:59.107 W/cr_media(29402): getBluetoothAdapter() requires BLUETOOTH permission
10-15 16:13:59.107 W/cr_media(29402): registerBluetoothIntentsIfNeeded: Requires BLUETOOTH permission
10-15 16:13:59.118 I/cr_LibraryLoader(29940): Successfully loaded native library
10-15 16:13:59.120 I/cr_CachingUmaRecorder(29940): Flushed 2 samples from 2 histograms, 0 samples were dropped.
10-15 16:13:59.122 W/libc    (29402): Access denied finding property "vendor.mali.config"
10-15 16:13:59.125 D/AppTurboFactory(29916): AppTurboFactory new
10-15 16:13:59.127 E/ice.kiosk.debu(29916): Invalid ID 0x00000000.
10-15 16:13:59.133 D/j       ( 1049): isFeatureEnable, no corresponding key
10-15 16:13:59.140 W/chromium(29940): [WARNING:content/app/android/content_main_android.cc:82] android_setCpu already initialized
10-15 16:13:59.140 D/os.SingleLice(29916): instance successfully. com.transsion.scrollshot.v1.ScrollShotImplLice@594f07 from com.transsion.scrollshot.ScrollShotImplLiceFactory
10-15 16:13:59.141 D/os.SingleLiceFactory(29916): instance successfully. com.transsion.scrollshot.v1.ScrollShotImplLice@594f07 from android.view.IViewLice
10-15 16:13:59.141 D/os.LiceInfo(29916): instance successfully. com.transsion.view.ViewLice@284f834 from android.view.IViewLice
10-15 16:13:59.156 I/CameraManagerGlobal(29402): Connecting to camera service
10-15 16:13:59.174 W/ServiceManager(  771): Permission failure: android.permission.CAMERA_OPEN_CLOSE_LISTENER from uid=10323 pid=29402
10-15 16:13:59.175 V/CameraManagerGlobal(29402): ignore id:17
10-15 16:13:59.175 V/CameraManagerGlobal(29402): ignore id:20
10-15 16:13:59.175 V/CameraManagerGlobal(29402): ignore id:21
10-15 16:13:59.175 V/CameraManagerGlobal(29402): ignore id:23
10-15 16:13:59.175 V/CameraManagerGlobal(29402): ignore id:30
10-15 16:13:59.175 V/CameraManagerGlobal(29402): ignore id:31
10-15 16:13:59.175 V/CameraManagerGlobal(29402): ignore id:32
10-15 16:13:59.175 V/CameraManagerGlobal(29402): ignore id:33
10-15 16:13:59.175 V/CameraManagerGlobal(29402): ignore id:36
10-15 16:13:59.175 V/CameraManagerGlobal(29402): ignore id:37
10-15 16:13:59.175 V/CameraManagerGlobal(29402): ignore id:39
10-15 16:13:59.175 V/CameraManagerGlobal(29402): ignore id:46
10-15 16:13:59.175 V/CameraManagerGlobal(29402): ignore id:47
10-15 16:13:59.175 V/CameraManagerGlobal(29402): ignore id:48
10-15 16:13:59.175 V/CameraManagerGlobal(29402): ignore id:51
10-15 16:13:59.175 V/CameraManagerGlobal(29402): ignore id:54
10-15 16:13:59.175 V/CameraManagerGlobal(29402): ignore id:55
10-15 16:13:59.177 I/CameraManagerGlobal(29402): onTorchStatusChangedLocked id:17 ignore callback
10-15 16:13:59.177 I/CameraManagerGlobal(29402): onTorchStatusChangedLocked id:20 ignore callback
10-15 16:13:59.177 I/CameraManagerGlobal(29402): onTorchStatusChangedLocked id:21 ignore callback
10-15 16:13:59.178 I/CameraManagerGlobal(29402): onTorchStatusChangedLocked id:30 ignore callback
10-15 16:13:59.178 I/CameraManagerGlobal(29402): onTorchStatusChangedLocked id:31 ignore callback
10-15 16:13:59.178 I/CameraManagerGlobal(29402): onTorchStatusChangedLocked id:32 ignore callback
10-15 16:13:59.178 I/CameraManagerGlobal(29402): onTorchStatusChangedLocked id:33 ignore callback
10-15 16:13:59.178 I/CameraManagerGlobal(29402): onTorchStatusChangedLocked id:36 ignore callback
10-15 16:13:59.178 I/CameraManagerGlobal(29402): onTorchStatusChangedLocked id:37 ignore callback
10-15 16:13:59.178 I/CameraManagerGlobal(29402): onTorchStatusChangedLocked id:39 ignore callback
10-15 16:13:59.178 I/CameraManagerGlobal(29402): onTorchStatusChangedLocked id:46 ignore callback
10-15 16:13:59.178 I/CameraManagerGlobal(29402): onTorchStatusChangedLocked id:47 ignore callback
10-15 16:13:59.178 I/CameraManagerGlobal(29402): onTorchStatusChangedLocked id:48 ignore callback
10-15 16:13:59.178 I/CameraManagerGlobal(29402): onTorchStatusChangedLocked id:51 ignore callback
10-15 16:13:59.178 I/CameraManagerGlobal(29402): onTorchStatusChangedLocked id:54 ignore callback
10-15 16:13:59.178 I/CameraManagerGlobal(29402): onTorchStatusChangedLocked id:55 ignore callback
10-15 16:13:59.179 W/chromium(29940): [WARNING:content/child/runtime_features.cc:556] Fenced frames cannot be enabled in this configuration. Use --enable-features=FencedFrames instead.
10-15 16:13:59.179 W/chromium(29940): [WARNING:content/child/runtime_features.cc:581] Topics cannot be enabled in this configuration. Use --enable-features=BrowsingTopics in addition.
10-15 16:13:59.179 W/chromium(29940): [WARNING:content/child/runtime_features.cc:602] SharedStorage cannot be enabled in this configuration. Use --enable-features=SharedStorageAPI in addition.
10-15 16:13:59.233 D/CompatibilityChangeReporter(29916): Compat change id reported: 171228096; UID 10424; state: ENABLED
10-15 16:13:59.251 D/enhanceHAL(  652): slpSetBrightness: ambient = 6
10-15 16:13:59.292 I/FontLog (28956): (REDACTED) Received query %s, URI %s
10-15 16:13:59.293 I/FontLog (28956): (REDACTED) Query [%s] resolved to %s
10-15 16:13:59.299 I/FontLog (28956): (REDACTED) Font PFD returned from cache for %s
10-15 16:13:59.300 I/FontLog (28956): (REDACTED) Fetch %s end status %s
10-15 16:13:59.311 I/FontLog (28956): (REDACTED) Pulling font file for id = %d, cache size = %d
10-15 16:13:59.317 I/FontLog (28956): (REDACTED) Received query %s, URI %s
10-15 16:13:59.317 I/FontLog (28956): (REDACTED) Query [%s] resolved to %s
10-15 16:13:59.318 D/AndroidRuntime(29916): Shutting down VM
--------- beginning of crash
10-15 16:13:59.323 E/AndroidRuntime(29916): FATAL EXCEPTION: main
10-15 16:13:59.323 E/AndroidRuntime(29916): Process: com.selfservice.kiosk.debug, PID: 29916
10-15 16:13:59.323 E/AndroidRuntime(29916): java.lang.RuntimeException: Unable to start activity ComponentInfo{com.selfservice.kiosk.debug/com.selfservice.kiosk.MainActivity}: android.view.InflateException: Binary XML file line #99 in com.selfservice.kiosk.debug:layout/activity_main: Binary XML file line #99: You must supply a layout_width attribute.
10-15 16:13:59.323 E/AndroidRuntime(29916): 	at android.app.ActivityThread.performLaunchActivity(ActivityThread.java:3698)
10-15 16:13:59.323 E/AndroidRuntime(29916): 	at android.app.ActivityThread.handleLaunchActivity(ActivityThread.java:3855)
10-15 16:13:59.323 E/AndroidRuntime(29916): 	at android.app.servertransaction.LaunchActivityItem.execute(LaunchActivityItem.java:105)
10-15 16:13:59.323 E/AndroidRuntime(29916): 	at android.app.servertransaction.TransactionExecutor.executeCallbacks(TransactionExecutor.java:136)
10-15 16:13:59.323 E/AndroidRuntime(29916): 	at android.app.servertransaction.TransactionExecutor.execute(TransactionExecutor.java:96)
10-15 16:13:59.323 E/AndroidRuntime(29916): 	at android.app.ActivityThread$H.handleMessage(ActivityThread.java:2267)
10-15 16:13:59.323 E/AndroidRuntime(29916): 	at android.os.Handler.dispatchMessage(Handler.java:106)
10-15 16:13:59.323 E/AndroidRuntime(29916): 	at android.os.Looper.loopOnce(Looper.java:201)
10-15 16:13:59.323 E/AndroidRuntime(29916): 	at android.os.Looper.loop(Looper.java:288)
10-15 16:13:59.323 E/AndroidRuntime(29916): 	at android.app.ActivityThread.main(ActivityThread.java:7964)
10-15 16:13:59.323 E/AndroidRuntime(29916): 	at java.lang.reflect.Method.invoke(Native Method)
10-15 16:13:59.323 E/AndroidRuntime(29916): 	at com.android.internal.os.RuntimeInit$MethodAndArgsCaller.run(RuntimeInit.java:553)
10-15 16:13:59.323 E/AndroidRuntime(29916): 	at com.android.internal.os.ZygoteInit.main(ZygoteInit.java:1003)
10-15 16:13:59.323 E/AndroidRuntime(29916): Caused by: android.view.InflateException: Binary XML file line #99 in com.selfservice.kiosk.debug:layout/activity_main: Binary XML file line #99: You must supply a layout_width attribute.
10-15 16:13:59.323 E/AndroidRuntime(29916): Caused by: java.lang.UnsupportedOperationException: Binary XML file line #99: You must supply a layout_width attribute.
10-15 16:13:59.323 E/AndroidRuntime(29916): 	at android.content.res.TypedArray.getLayoutDimension(TypedArray.java:831)
10-15 16:13:59.323 E/AndroidRuntime(29916): 	at android.view.ViewGroup$LayoutParams.setBaseAttributes(ViewGroup.java:8373)
10-15 16:13:59.323 E/AndroidRuntime(29916): 	at android.view.ViewGroup$MarginLayoutParams.<init>(ViewGroup.java:8571)
10-15 16:13:59.323 E/AndroidRuntime(29916): 	at android.widget.LinearLayout$LayoutParams.<init>(LinearLayout.java:2023)
10-15 16:13:59.323 E/AndroidRuntime(29916): 	at android.widget.LinearLayout.generateLayoutParams(LinearLayout.java:1917)
10-15 16:13:59.323 E/AndroidRuntime(29916): 	at android.widget.LinearLayout.generateLayoutParams(LinearLayout.java:89)
10-15 16:13:59.323 E/AndroidRuntime(29916): 	at android.view.LayoutInflater.rInflate(LayoutInflater.java:1129)
10-15 16:13:59.323 E/AndroidRuntime(29916): 	at android.view.LayoutInflater.rInflateChildren(LayoutInflater.java:1088)
10-15 16:13:59.323 E/AndroidRuntime(29916): 	at android.view.LayoutInflater.rInflate(LayoutInflater.java:1130)
10-15 16:13:59.323 E/AndroidRuntime(29916): 	at android.view.LayoutInflater.rInflateChildren(LayoutInflater.java:1088)
10-15 16:13:59.323 E/AndroidRuntime(29916): 	at android.view.LayoutInflater.rInflate(LayoutInflater.java:1130)
10-15 16:13:59.323 E/AndroidRuntime(29916): 	at android.view.LayoutInflater.rInflateChildren(LayoutInflater.java:1088)
10-15 16:13:59.323 E/AndroidRuntime(29916): 	at android.view.LayoutInflater.rInflate(LayoutInflater.java:1130)
10-15 16:13:59.323 E/AndroidRuntime(29916): 	at android.view.LayoutInflater.rInflateChildren(LayoutInflater.java:1088)
10-15 16:13:59.323 E/AndroidRuntime(29916): 	at android.view.LayoutInflater.rInflate(LayoutInflater.java:1130)
10-15 16:13:59.323 E/AndroidRuntime(29916): 	at android.view.LayoutInflater.rInflateChildren(LayoutInflater.java:1088)
10-15 16:13:59.323 E/AndroidRuntime(29916): 	at android.view.LayoutInflater.inflate(LayoutInflater.java:686)
10-15 16:13:59.323 E/AndroidRuntime(29916): 	at android.view.LayoutInflater.inflate(LayoutInflater.java:538)
10-15 16:13:59.323 E/AndroidRuntime(29916): 	at com.selfservice.kiosk.databinding.ActivityMainBinding.inflate(ActivityMainBinding.java:160)
10-15 16:13:59.323 E/AndroidRuntime(29916): 	at com.selfservice.kiosk.databinding.ActivityMainBinding.inflate(ActivityMainBinding.java:154)
10-15 16:13:59.323 E/AndroidRuntime(29916): 	at com.selfservice.kiosk.MainActivity.onCreate(MainActivity.kt:67)
10-15 16:13:59.323 E/AndroidRuntime(29916): 	at android.app.Activity.performCreate(Activity.java:8069)
10-15 16:13:59.323 E/AndroidRuntime(29916): 	at android.app.Activity.performCreate(Activity.java:8049)
10-15 16:13:59.323 E/AndroidRuntime(29916): 	at android.app.Instrumentation.callActivityOnCreate(Instrumentation.java:1329)
10-15 16:13:59.323 E/AndroidRuntime(29916): 	at android.app.ActivityThread.performLaunchActivity(ActivityThread.java:3668)
10-15 16:13:59.323 E/AndroidRuntime(29916): 	at android.app.ActivityThread.handleLaunchActivity(ActivityThread.java:3855)
10-15 16:13:59.323 E/AndroidRuntime(29916): 	at android.app.servertransaction.LaunchActivityItem.execute(LaunchActivityItem.java:105)
10-15 16:13:59.323 E/AndroidRuntime(29916): 	at android.app.servertransaction.TransactionExecutor.executeCallbacks(TransactionExecutor.java:136)
10-15 16:13:59.323 E/AndroidRuntime(29916): 	at android.app.servertransaction.TransactionExecutor.execute(TransactionExecutor.java:96)
10-15 16:13:59.323 E/AndroidRuntime(29916): 	at android.app.ActivityThread$H.handleMessage(ActivityThread.java:2267)
10-15 16:13:59.323 E/AndroidRuntime(29916): 	at android.os.Handler.dispatchMessage(Handler.java:106)
10-15 16:13:59.323 E/AndroidRuntime(29916): 	at android.os.Looper.loopOnce(Looper.java:201)
10-15 16:13:59.323 E/AndroidRuntime(29916): 	at android.os.Looper.loop(Looper.java:288)
10-15 16:13:59.323 E/AndroidRuntime(29916): 	at android.app.ActivityThread.main(ActivityThread.java:7964)
10-15 16:13:59.323 E/AndroidRuntime(29916): 	at java.lang.reflect.Method.invoke(Native Method)
10-15 16:13:59.323 E/AndroidRuntime(29916): 	at com.android.internal.os.RuntimeInit$MethodAndArgsCaller.run(RuntimeInit.java:553)
10-15 16:13:59.323 E/AndroidRuntime(29916): 	at com.android.internal.os.ZygoteInit.main(ZygoteInit.java:1003)
10-15 16:13:59.328 I/FontLog (28956): (REDACTED) Fetch %s end status %s
10-15 16:13:59.328 D/WifiClientModeImpl[wlan0]( 1049): updateLinkLayerStatsRssiSpeedFrequencyCapabilities rssi=-55 TxLinkspeed=121 freq=2457 RxLinkSpeed=121
10-15 16:13:59.329 D/WifiDataStall( 1049): tx tput in kbps: 40837
10-15 16:13:59.329 D/WifiDataStall( 1049): rx tput in kbps: 74250
10-15 16:13:59.329 V/WifiConfigManager( 1049): Updating scan detail cache freq=2457 BSSID=08:c6:b3:33:47:f0 RSSI=-55 for "TTK_2"WPA_PSK
10-15 16:13:59.330 D/WifiScoreCard( 1049): BSSID update SIGNAL_POLL ID: 114962201 SSID: "TTK_2", BSSID: 08:c6:b3:33:47:f0, MAC: 0e:1c:23:ee:bc:f0, Security type: 2, Supplicant state: COMPLETED, Wi-Fi standard: 4, RSSI: -55, Link speed: 121Mbps, Tx Link speed: 121Mbps, Max Supported Tx Link speed: 150Mbps, Rx Link speed: 121Mbps, Max Supported Rx Link speed: 150Mbps, Frequency: 2457MHz, Net ID: 42, Metered hint: false, score: 60, CarrierMerged: false, SubscriptionId: -1, IsPrimary: 1
10-15 16:13:59.330 D/WifiScoreCard( 1049): txRate: 0 txSpeed: 121
10-15 16:13:59.331 D/WifiScoreCard( 1049): network update SIGNAL_POLL "TTK_2" ID: 1048233252 RSSI -55 txSpeed -1
10-15 16:13:59.340 I/FontLog (28956): (REDACTED) Pulling font file for id = %d, cache size = %d
10-15 16:13:59.346 I/FontLog (28956): (REDACTED) Received query %s, URI %s
10-15 16:13:59.346 I/FontLog (28956): (REDACTED) Query [%s] resolved to %s
10-15 16:13:59.349 I/FontLog (28956): (REDACTED) Font PFD returned from cache for %s
10-15 16:13:59.350 W/AudioCapabilities(29402): Unsupported mime audio/mpeg-L1
10-15 16:13:59.351 W/AudioCapabilities(29402): Unsupported mime audio/mpeg-L2
10-15 16:13:59.352 I/FontLog (28956): (REDACTED) Fetch %s end status %s
10-15 16:13:59.354 I/FontLog (28956): (REDACTED) Pulling font file for id = %d, cache size = %d
10-15 16:13:59.357 I/DropBoxManagerService( 1049): add tag=data_app_crash isTagEnabled=true flags=0x2
10-15 16:13:59.359 I/FontLog (28956): (REDACTED) Received query %s, URI %s
10-15 16:13:59.359 I/FontLog (28956): (REDACTED) Query [%s] resolved to %s
10-15 16:13:59.361 W/ActivityTaskManager( 1049):   Force finishing activity com.selfservice.kiosk.debug/com.selfservice.kiosk.MainActivity
10-15 16:13:59.362 I/FontLog (28956): (REDACTED) Font PFD returned from cache for %s
10-15 16:13:59.363 I/FontLog (28956): (REDACTED) Fetch %s end status %s
10-15 16:13:59.364 I/gralloc4(  617): allocate: id=26900006b9e, hal_format=RGBA8888, mali_format=RGBA8888, afbc=false, usage=CPU_RW|GPU_RW|HWC, size=720x1612(4642560), stride=720, name=screenshot
10-15 16:13:59.364 I/gralloc4(  681): register: id=26900006b9e, vaddr=0x7020a5b000
10-15 16:13:59.364 I/gralloc4(  681): unregister: id=26900006b97, vaddr=0x7034f03000
10-15 16:13:59.366 I/FontLog (28956): (REDACTED) Pulling font file for id = %d, cache size = %d
10-15 16:13:59.369 I/gralloc4( 1049): register: id=26900006b9e, vaddr=0x7881e8a000
10-15 16:13:59.371 I/FontLog (28956): (REDACTED) Received query %s, URI %s
10-15 16:13:59.371 I/FontLog (28956): (REDACTED) Query [%s] resolved to %s
10-15 16:13:59.373 I/FontLog (28956): (REDACTED) Font PFD returned from cache for %s
10-15 16:13:59.373 I/FontLog (28956): (REDACTED) Fetch %s end status %s
10-15 16:13:59.375 I/FontLog (28956): (REDACTED) Pulling font file for id = %d, cache size = %d
10-15 16:13:59.377 V/WindowManager( 1049): updateFrameRateSelectionPriorityIfNeeded refreshRate=0.0  package=com.android.systemui
10-15 16:13:59.377 V/WindowManager( 1049): updateFrameRateSelectionPriorityIfNeeded refreshRate=0.0  package=com.v2raytun.android
10-15 16:13:59.377 V/WindowManager( 1049): updateFrameRateSelectionPriorityIfNeeded refreshRate=0.0  package=com.whatsapp.w4b
10-15 16:13:59.377 V/WindowManager( 1049): updateFrameRateSelectionPriorityIfNeeded refreshRate=0.0  package=com.whatsapp.w4b
10-15 16:13:59.377 V/WindowManager( 1049): updateFrameRateSelectionPriorityIfNeeded refreshRate=0.0  package=ai.perplexity.app.android
10-15 16:13:59.377 V/WindowManager( 1049): updateFrameRateSelectionPriorityIfNeeded refreshRate=0.0  package=org.telegram.messenger
10-15 16:13:59.377 E/RefreshRatePolicy( 1049): whxdebug WindowState preferredDisplayModeId=60.0  packageName=com.transsion.camera
10-15 16:13:59.377 V/WindowManager( 1049): updateFrameRateSelectionPriorityIfNeeded refreshRate=60.0  package=com.transsion.camera
10-15 16:13:59.377 V/WindowManager( 1049): updateFrameRateSelectionPriorityIfNeeded refreshRate=0.0  package=com.gallery20
10-15 16:13:59.377 V/WindowManager( 1049): updateFrameRateSelectionPriorityIfNeeded refreshRate=0.0  package=com.gallery20
10-15 16:13:59.377 V/WindowManager( 1049): updateFrameRateSelectionPriorityIfNeeded refreshRate=0.0  package=com.yandex.browser
10-15 16:13:59.378 V/WindowManager( 1049): updateFrameRateSelectionPriorityIfNeeded refreshRate=0.0  package=com.whatsapp
10-15 16:13:59.378 V/WindowManager( 1049): updateFrameRateSelectionPriorityIfNeeded refreshRate=0.0  package=com.whatsapp
10-15 16:13:59.378 V/WindowManager( 1049): updateFrameRateSelectionPriorityIfNeeded refreshRate=0.0  package=com.zhiliaoapp.musically
10-15 16:13:59.378 V/WindowManager( 1049): updateFrameRateSelectionPriorityIfNeeded refreshRate=0.0  package=com.transsion.XOSLauncher.upgrade
10-15 16:13:59.378 V/WindowManager( 1049): updateFrameRateSelectionPriorityIfNeeded refreshRate=0.0  package=com.transsion.XOSLauncher.upgrade
10-15 16:13:59.378 V/WindowManager( 1049): updateFrameRateSelectionPriorityIfNeeded refreshRate=0.0  package=com.selfservice.kiosk.debug
10-15 16:13:59.378 V/WindowManager( 1049): updateFrameRateSelectionPriorityIfNeeded refreshRate=0.0  package=com.android.settings
10-15 16:13:59.378 V/WindowManager( 1049): updateFrameRateSelectionPriorityIfNeeded refreshRate=0.0  package=com.android.systemui
10-15 16:13:59.378 V/WindowManager( 1049): updateFrameRateSelectionPriorityIfNeeded refreshRate=0.0  package=com.transsnet.store
10-15 16:13:59.378 V/WindowManager( 1049): updateFrameRateSelectionPriorityIfNeeded refreshRate=0.0  package=com.transsion.smartpanel
10-15 16:13:59.378 V/WindowManager( 1049): updateFrameRateSelectionPriorityIfNeeded refreshRate=0.0  package=ru.yandex.androidkeyboard
10-15 16:13:59.378 V/WindowManager( 1049): updateFrameRateSelectionPriorityIfNeeded refreshRate=0.0  package=com.android.systemui
10-15 16:13:59.378 V/WindowManager( 1049): updateFrameRateSelectionPriorityIfNeeded refreshRate=0.0  package=com.android.systemui
10-15 16:13:59.378 V/WindowManager( 1049): updateFrameRateSelectionPriorityIfNeeded refreshRate=0.0  package=com.android.systemui
10-15 16:13:59.378 V/WindowManager( 1049): updateFrameRateSelectionPriorityIfNeeded refreshRate=0.0  package=com.android.systemui
10-15 16:13:59.378 V/WindowManager( 1049): updateFrameRateSelectionPriorityIfNeeded refreshRate=0.0  package=com.android.systemui
10-15 16:13:59.378 V/WindowManager( 1049): updateFrameRateSelectionPriorityIfNeeded refreshRate=0.0  package=com.android.systemui
10-15 16:13:59.378 V/WindowManager( 1049): updateFrameRateSelectionPriorityIfNeeded refreshRate=0.0  package=com.android.systemui
10-15 16:13:59.387 I/gralloc4( 1381): register: id=26900006b9e, vaddr=0x79295d5000
10-15 16:13:59.387 I/gralloc4( 1381): register: id=26900006b9e, vaddr=0x7929167000
10-15 16:13:59.388 I/gralloc4( 1381): register: id=26900006b9e, vaddr=0x7919a70000
10-15 16:13:59.388 I/gralloc4( 1381): unregister: id=26900006b9e, vaddr=0x7929167000
10-15 16:13:59.388 I/gralloc4( 1658): register: id=26900006b9e, vaddr=0x7930e83000
10-15 16:13:59.388 V/WindowManager( 1049): updateFrameRateSelectionPriorityIfNeeded refreshRate=0.0  package=com.android.systemui
10-15 16:13:59.388 V/WindowManager( 1049): updateFrameRateSelectionPriorityIfNeeded refreshRate=0.0  package=com.v2raytun.android
10-15 16:13:59.389 V/WindowManager( 1049): updateFrameRateSelectionPriorityIfNeeded refreshRate=0.0  package=com.whatsapp.w4b
10-15 16:13:59.389 V/WindowManager( 1049): updateFrameRateSelectionPriorityIfNeeded refreshRate=0.0  package=com.whatsapp.w4b
10-15 16:13:59.389 V/WindowManager( 1049): updateFrameRateSelectionPriorityIfNeeded refreshRate=0.0  package=ai.perplexity.app.android
10-15 16:13:59.389 V/WindowManager( 1049): updateFrameRateSelectionPriorityIfNeeded refreshRate=0.0  package=org.telegram.messenger
10-15 16:13:59.389 E/RefreshRatePolicy( 1049): whxdebug WindowState preferredDisplayModeId=60.0  packageName=com.transsion.camera
10-15 16:13:59.389 V/WindowManager( 1049): updateFrameRateSelectionPriorityIfNeeded refreshRate=60.0  package=com.transsion.camera
10-15 16:13:59.389 V/WindowManager( 1049): updateFrameRateSelectionPriorityIfNeeded refreshRate=0.0  package=com.gallery20
10-15 16:13:59.389 V/WindowManager( 1049): updateFrameRateSelectionPriorityIfNeeded refreshRate=0.0  package=com.gallery20
10-15 16:13:59.389 V/WindowManager( 1049): updateFrameRateSelectionPriorityIfNeeded refreshRate=0.0  package=com.yandex.browser
10-15 16:13:59.389 V/WindowManager( 1049): updateFrameRateSelectionPriorityIfNeeded refreshRate=0.0  package=com.whatsapp
10-15 16:13:59.389 V/WindowManager( 1049): updateFrameRateSelectionPriorityIfNeeded refreshRate=0.0  package=com.whatsapp
10-15 16:13:59.389 V/WindowManager( 1049): updateFrameRateSelectionPriorityIfNeeded refreshRate=0.0  package=com.zhiliaoapp.musically
10-15 16:13:59.389 V/WindowManager( 1049): updateFrameRateSelectionPriorityIfNeeded refreshRate=0.0  package=com.transsion.XOSLauncher.upgrade
10-15 16:13:59.389 V/WindowManager( 1049): updateFrameRateSelectionPriorityIfNeeded refreshRate=0.0  package=com.transsion.XOSLauncher.upgrade
10-15 16:13:59.389 V/WindowManager( 1049): updateFrameRateSelectionPriorityIfNeeded refreshRate=0.0  package=com.selfservice.kiosk.debug
10-15 16:13:59.389 V/WindowManager( 1049): updateFrameRateSelectionPriorityIfNeeded refreshRate=0.0  package=com.android.settings
10-15 16:13:59.389 V/WindowManager( 1049): updateFrameRateSelectionPriorityIfNeeded refreshRate=0.0  package=com.android.systemui
10-15 16:13:59.389 V/WindowManager( 1049): updateFrameRateSelectionPriorityIfNeeded refreshRate=0.0  package=com.transsnet.store
10-15 16:13:59.389 V/WindowManager( 1049): updateFrameRateSelectionPriorityIfNeeded refreshRate=0.0  package=com.transsion.smartpanel
10-15 16:13:59.389 V/WindowManager( 1049): updateFrameRateSelectionPriorityIfNeeded refreshRate=0.0  package=ru.yandex.androidkeyboard
10-15 16:13:59.389 V/WindowManager( 1049): updateFrameRateSelectionPriorityIfNeeded refreshRate=0.0  package=com.android.systemui
10-15 16:13:59.389 V/WindowManager( 1049): updateFrameRateSelectionPriorityIfNeeded refreshRate=0.0  package=com.android.systemui
10-15 16:13:59.389 V/WindowManager( 1049): updateFrameRateSelectionPriorityIfNeeded refreshRate=0.0  package=com.android.systemui
10-15 16:13:59.389 V/WindowManager( 1049): updateFrameRateSelectionPriorityIfNeeded refreshRate=0.0  package=com.android.systemui
10-15 16:13:59.390 V/WindowManager( 1049): updateFrameRateSelectionPriorityIfNeeded refreshRate=0.0  package=com.android.systemui
10-15 16:13:59.390 V/WindowManager( 1049): updateFrameRateSelectionPriorityIfNeeded refreshRate=0.0  package=com.android.systemui
10-15 16:13:59.390 V/WindowManager( 1049): updateFrameRateSelectionPriorityIfNeeded refreshRate=0.0  package=com.android.systemui
10-15 16:13:59.392 D/SSense  ( 1049): windowsChanged
10-15 16:13:59.402 D/SceneRecognizer( 1049): notifySceneStatusChanged: notify 2 receivers
10-15 16:13:59.402 D/SunLightProtectorImpl( 1049): Scene notify: mVideoSceneId:8 mGameSceneId:20 changed:true mVideoWindowMode:1 mGameWindowMode:1
10-15 16:13:59.402 D/enhanceHAL(  652): abcSetMode: mode = 9
10-15 16:13:59.403 D/enhanceHAL(  652): abcSetMode: abc mode = 1 index = 0
10-15 16:13:59.411 D/enhanceHAL(  652): slpSetBrightness: ambient = 6
10-15 16:13:59.420 D/BroadcastQueue( 1049): Add broadcast <BroadcastRecord{de2879 u-1 android.net.wifi.RSSI_CHANGED}> into [parallel | background], pending size 0
10-15 16:13:59.428 D/WifiClientModeImpl[wlan0]( 1049):  L2ConnectedState screen=on 134 0 "TTK_2" 08:c6:b3:33:47:f0 rssi=-55 f=2457 sc=60 link=121 tx=0,0, 0,0, 0,0  rx=0,0 bcn=30 [on:4297 tx:11 rx:42 period:3116] from screen [on:1590372 period:692170] score=60
10-15 16:13:59.437 D/BroadcastQueue( 1049): Done with parallel broadcast [background] [BroadcastRecord{de2879 u-1 android.net.wifi.RSSI_CHANGED}]
10-15 16:13:59.438 D/BroadcastQueue( 1049): Add broadcast <BroadcastRecord{d6fb204 u-1 android.intent.action.DROPBOX_ENTRY_ADDED}> into [parallel | background], pending size 0
10-15 16:13:59.438 D/BroadcastQueue( 1049): Add broadcast <BroadcastRecord{3e433ed u-1 android.intent.action.DROPBOX_ENTRY_ADDED}> into [ordered | background], pending size 0
10-15 16:13:59.438 D/BroadcastQueue( 1049): Header is BroadcastRecord{3e433ed u-1 android.intent.action.DROPBOX_ENTRY_ADDED} now
10-15 16:13:59.438 D/BroadcastQueue( 1049): Done with parallel broadcast [background] [BroadcastRecord{d6fb204 u-1 android.intent.action.DROPBOX_ENTRY_ADDED}]
10-15 16:13:59.439 W/BroadcastQueue( 1049): Background execution not allowed: receiving Intent { act=android.intent.action.DROPBOX_ENTRY_ADDED flg=0x10 (has extras) } to com.google.android.gms/.stats.service.DropBoxEntryAddedReceiver
10-15 16:13:59.439 D/BroadcastQueue( 1049): Skipping delivery of ordered [background] BroadcastRecord{3e433ed u-1 android.intent.action.DROPBOX_ENTRY_ADDED} for reason described above
10-15 16:13:59.439 D/BroadcastQueue( 1049): Finished with ordered broadcast BroadcastRecord{3e433ed u-1 android.intent.action.DROPBOX_ENTRY_ADDED} receivers:(1) take 0ms in [background], remains 0
10-15 16:13:59.488 I/ivg     (29402): DiskCleanTask 执行开始
10-15 16:13:59.489 D/LowMemPhoneManager(29402): SysCaps.getTotalMem() :7795, isLower_MemPhone:false
10-15 16:13:59.489 D/LowMemPhoneManager(29402): SysCaps.getTotalMem() :7795, isLowest_MemPhone:false
10-15 16:13:59.490 D/LowMemPhoneManager(29402): shouldForbidFunc ,  mDiffFunAb :low_all, shouldDiffByType:true, funcType:DISK_CLEAN_TASK
10-15 16:13:59.490 D/LowMemPhoneManager(29402): SysCaps.getTotalMem() :7795, isLowest_MemPhone:false
10-15 16:13:59.490 D/LowMemPhoneManager(29402): SysCaps.getTotalMem() :7795, isLower_MemPhone:false
10-15 16:13:59.490 D/LowMemPhoneManager(29402): shouldForbidFunc ,  LowMemPhoneDiffFuncManager.AB_LOW_ALL  , result:false, funcType:DISK_CLEAN_TASK
10-15 16:13:59.498 D/TranLayerControlManager( 1049): initSkipInfo getSkipInfo fail strPkgName:android
10-15 16:13:59.503 V/AlarmManager( 1049): set(PendingIntent{ec6f25d: PendingIntentRecord{97bb7d2 com.google.android.gms/com.google.android.gms.container startService}}) : type=3 listener=null listenerTag=null triggerAtTime=315613209889 win=3600000 tElapsed=315613209889 maxElapsed=315616809889 interval=0 flags=0x0
10-15 16:13:59.507 D/CompatibilityChangeReporter( 1049): Compat change id reported: 168419799; UID 1000; state: DISABLED
10-15 16:13:59.514 I/auncher.upgrad( 1658): NativeAlloc concurrent mark compact GC freed 19MB AllocSpace bytes, 65(3024KB) LOS objects, 75% free, 8916KB/34MB, paused 675us,1.983ms total 123.111ms
10-15 16:13:59.517 I/gralloc4( 1658): unregister: id=26900006afa, vaddr=0x7973591000
10-15 16:13:59.517 I/WindowManager( 1049): Input focus has changed to Window{8055759 u0 Application Error: com.selfservice.kiosk.debug} from 468bf21 com.android.settings/com.android.settings.applications.InstalledAppDetails mDisplayId 0 updateInputWindows false
10-15 16:13:59.518 E/Dialog  ( 1049): show dialog view = DecorView@b7c511b[debug]
10-15 16:13:59.518 V/WindowManager( 1049): updateFrameRateSelectionPriorityIfNeeded refreshRate=0.0  package=com.android.systemui
10-15 16:13:59.518 V/WindowManager( 1049): updateFrameRateSelectionPriorityIfNeeded refreshRate=0.0  package=com.v2raytun.android
10-15 16:13:59.518 V/WindowManager( 1049): updateFrameRateSelectionPriorityIfNeeded refreshRate=0.0  package=com.whatsapp.w4b
10-15 16:13:59.518 V/WindowManager( 1049): updateFrameRateSelectionPriorityIfNeeded refreshRate=0.0  package=com.whatsapp.w4b
10-15 16:13:59.518 V/WindowManager( 1049): updateFrameRateSelectionPriorityIfNeeded refreshRate=0.0  package=ai.perplexity.app.android
10-15 16:13:59.518 V/WindowManager( 1049): updateFrameRateSelectionPriorityIfNeeded refreshRate=0.0  package=org.telegram.messenger
10-15 16:13:59.518 E/RefreshRatePolicy( 1049): whxdebug WindowState preferredDisplayModeId=60.0  packageName=com.transsion.camera
10-15 16:13:59.518 V/WindowManager( 1049): updateFrameRateSelectionPriorityIfNeeded refreshRate=60.0  package=com.transsion.camera
10-15 16:13:59.518 V/WindowManager( 1049): updateFrameRateSelectionPriorityIfNeeded refreshRate=0.0  package=com.gallery20
10-15 16:13:59.518 V/WindowManager( 1049): updateFrameRateSelectionPriorityIfNeeded refreshRate=0.0  package=com.gallery20
10-15 16:13:59.518 V/WindowManager( 1049): updateFrameRateSelectionPriorityIfNeeded refreshRate=0.0  package=com.yandex.browser
10-15 16:13:59.518 V/WindowManager( 1049): updateFrameRateSelectionPriorityIfNeeded refreshRate=0.0  package=com.whatsapp
10-15 16:13:59.518 V/WindowManager( 1049): updateFrameRateSelectionPriorityIfNeeded refreshRate=0.0  package=com.whatsapp
10-15 16:13:59.518 V/WindowManager( 1049): updateFrameRateSelectionPriorityIfNeeded refreshRate=0.0  package=com.zhiliaoapp.musically
10-15 16:13:59.518 V/WindowManager( 1049): updateFrameRateSelectionPriorityIfNeeded refreshRate=0.0  package=com.transsion.XOSLauncher.upgrade
10-15 16:13:59.518 V/WindowManager( 1049): updateFrameRateSelectionPriorityIfNeeded refreshRate=0.0  package=com.transsion.XOSLauncher.upgrade
10-15 16:13:59.518 V/WindowManager( 1049): updateFrameRateSelectionPriorityIfNeeded refreshRate=0.0  package=com.selfservice.kiosk.debug
10-15 16:13:59.518 V/WindowManager( 1049): updateFrameRateSelectionPriorityIfNeeded refreshRate=0.0  package=com.android.settings
10-15 16:13:59.518 V/WindowManager( 1049): updateFrameRateSelectionPriorityIfNeeded refreshRate=0.0  package=com.android.systemui
10-15 16:13:59.518 V/WindowManager( 1049): updateFrameRateSelectionPriorityIfNeeded refreshRate=0.0  package=com.transsnet.store
10-15 16:13:59.518 V/WindowManager( 1049): updateFrameRateSelectionPriorityIfNeeded refreshRate=0.0  package=com.transsion.smartpanel
10-15 16:13:59.519 V/WindowManager( 1049): updateFrameRateSelectionPriorityIfNeeded refreshRate=0.0  package=android
10-15 16:13:59.519 V/WindowManager( 1049): updateFrameRateSelectionPriorityIfNeeded refreshRate=0.0  package=ru.yandex.androidkeyboard
10-15 16:13:59.519 V/WindowManager( 1049): updateFrameRateSelectionPriorityIfNeeded refreshRate=0.0  package=com.android.systemui
10-15 16:13:59.519 V/WindowManager( 1049): updateFrameRateSelectionPriorityIfNeeded refreshRate=0.0  package=com.android.systemui
10-15 16:13:59.519 V/WindowManager( 1049): updateFrameRateSelectionPriorityIfNeeded refreshRate=0.0  package=com.android.systemui
10-15 16:13:59.519 V/WindowManager( 1049): updateFrameRateSelectionPriorityIfNeeded refreshRate=0.0  package=com.android.systemui
10-15 16:13:59.519 V/WindowManager( 1049): updateFrameRateSelectionPriorityIfNeeded refreshRate=0.0  package=com.android.systemui
10-15 16:13:59.519 V/WindowManager( 1049): updateFrameRateSelectionPriorityIfNeeded refreshRate=0.0  package=com.android.systemui
10-15 16:13:59.519 V/WindowManager( 1049): updateFrameRateSelectionPriorityIfNeeded refreshRate=0.0  package=com.android.systemui
10-15 16:13:59.522 W/libc    ( 1049): Access denied finding property "persist.vendor.dbg.disable.art"
10-15 16:13:59.525 V/WindowManager( 1049): updateFrameRateSelectionPriorityIfNeeded refreshRate=0.0  package=com.android.systemui
10-15 16:13:59.525 V/WindowManager( 1049): updateFrameRateSelectionPriorityIfNeeded refreshRate=0.0  package=com.v2raytun.android
10-15 16:13:59.525 V/WindowManager( 1049): updateFrameRateSelectionPriorityIfNeeded refreshRate=0.0  package=com.whatsapp.w4b
10-15 16:13:59.525 V/WindowManager( 1049): updateFrameRateSelectionPriorityIfNeeded refreshRate=0.0  package=com.whatsapp.w4b
10-15 16:13:59.525 V/WindowManager( 1049): updateFrameRateSelectionPriorityIfNeeded refreshRate=0.0  package=ai.perplexity.app.android
10-15 16:13:59.525 V/WindowManager( 1049): updateFrameRateSelectionPriorityIfNeeded refreshRate=0.0  package=org.telegram.messenger
10-15 16:13:59.525 E/RefreshRatePolicy( 1049): whxdebug WindowState preferredDisplayModeId=60.0  packageName=com.transsion.camera
10-15 16:13:59.525 V/WindowManager( 1049): updateFrameRateSelectionPriorityIfNeeded refreshRate=60.0  package=com.transsion.camera
10-15 16:13:59.525 V/WindowManager( 1049): updateFrameRateSelectionPriorityIfNeeded refreshRate=0.0  package=com.gallery20
10-15 16:13:59.525 V/WindowManager( 1049): updateFrameRateSelectionPriorityIfNeeded refreshRate=0.0  package=com.gallery20
10-15 16:13:59.525 V/WindowManager( 1049): updateFrameRateSelectionPriorityIfNeeded refreshRate=0.0  package=com.yandex.browser
10-15 16:13:59.525 V/WindowManager( 1049): updateFrameRateSelectionPriorityIfNeeded refreshRate=0.0  package=com.whatsapp
10-15 16:13:59.525 V/WindowManager( 1049): updateFrameRateSelectionPriorityIfNeeded refreshRate=0.0  package=com.whatsapp
10-15 16:13:59.525 V/WindowManager( 1049): updateFrameRateSelectionPriorityIfNeeded refreshRate=0.0  package=com.zhiliaoapp.musically
10-15 16:13:59.525 V/WindowManager( 1049): updateFrameRateSelectionPriorityIfNeeded refreshRate=0.0  package=com.transsion.XOSLauncher.upgrade
10-15 16:13:59.525 V/WindowManager( 1049): updateFrameRateSelectionPriorityIfNeeded refreshRate=0.0  package=com.transsion.XOSLauncher.upgrade
10-15 16:13:59.525 V/WindowManager( 1049): updateFrameRateSelectionPriorityIfNeeded refreshRate=0.0  package=com.selfservice.kiosk.debug
10-15 16:13:59.525 V/WindowManager( 1049): updateFrameRateSelectionPriorityIfNeeded refreshRate=0.0  package=com.android.settings
10-15 16:13:59.525 V/WindowManager( 1049): updateFrameRateSelectionPriorityIfNeeded refreshRate=0.0  package=com.android.systemui
10-15 16:13:59.525 V/WindowManager( 1049): updateFrameRateSelectionPriorityIfNeeded refreshRate=0.0  package=com.transsnet.store
10-15 16:13:59.525 V/WindowManager( 1049): updateFrameRateSelectionPriorityIfNeeded refreshRate=0.0  package=com.transsion.smartpanel
10-15 16:13:59.525 V/WindowManager( 1049): updateFrameRateSelectionPriorityIfNeeded refreshRate=0.0  package=android
10-15 16:13:59.525 V/WindowManager( 1049): updateFrameRateSelectionPriorityIfNeeded refreshRate=0.0  package=ru.yandex.androidkeyboard
10-15 16:13:59.525 I/gralloc4(  681): unregister: id=26900006b9e, vaddr=0x7020a5b000
10-15 16:13:59.525 V/WindowManager( 1049): updateFrameRateSelectionPriorityIfNeeded refreshRate=0.0  package=com.android.systemui
10-15 16:13:59.526 V/WindowManager( 1049): updateFrameRateSelectionPriorityIfNeeded refreshRate=0.0  package=com.android.systemui
10-15 16:13:59.526 V/WindowManager( 1049): updateFrameRateSelectionPriorityIfNeeded refreshRate=0.0  package=com.android.systemui
10-15 16:13:59.526 V/WindowManager( 1049): updateFrameRateSelectionPriorityIfNeeded refreshRate=0.0  package=com.android.systemui
10-15 16:13:59.526 V/WindowManager( 1049): updateFrameRateSelectionPriorityIfNeeded refreshRate=0.0  package=com.android.systemui
10-15 16:13:59.526 V/WindowManager( 1049): updateFrameRateSelectionPriorityIfNeeded refreshRate=0.0  package=com.android.systemui
10-15 16:13:59.526 V/WindowManager( 1049): updateFrameRateSelectionPriorityIfNeeded refreshRate=0.0  package=com.android.systemui
10-15 16:13:59.517 W/android.ui( 1049): type=1400 audit(0.0:44905): avc: denied { read } for name="u:object_r:vendor_default_prop:s0" dev="tmpfs" ino=11079 scontext=u:r:system_server:s0 tcontext=u:object_r:vendor_default_prop:s0 tclass=file permissive=0
10-15 16:13:59.528 D/SSense  ( 1049): windowsChanged
10-15 16:13:59.530 D/AlarmManagerService( 1049): set alarm to kernel: 253798.258000000, type=2 
10-15 16:13:59.530 D/AlarmManagerService( 1049): set alarm to kernel: 253210.387000000, type=3 
10-15 16:13:59.532 I/Layer   (  681): name=Application Error: com.selfservice.kiosk.debug#0, id=19257, visible=0, DrawingState.flags=0x101, paused=0, portal=-1, param=NOT_TOUCH_MODAL, feature=NO_INPUT_CHANNEL
10-15 16:13:59.534 V/WindowManager( 1049): updateFrameRateSelectionPriorityIfNeeded refreshRate=0.0  package=com.android.systemui
10-15 16:13:59.534 V/WindowManager( 1049): updateFrameRateSelectionPriorityIfNeeded refreshRate=0.0  package=com.v2raytun.android
10-15 16:13:59.534 V/WindowManager( 1049): updateFrameRateSelectionPriorityIfNeeded refreshRate=0.0  package=com.whatsapp.w4b
10-15 16:13:59.534 V/WindowManager( 1049): updateFrameRateSelectionPriorityIfNeeded refreshRate=0.0  package=com.whatsapp.w4b
10-15 16:13:59.534 V/WindowManager( 1049): updateFrameRateSelectionPriorityIfNeeded refreshRate=0.0  package=ai.perplexity.app.android
10-15 16:13:59.534 V/WindowManager( 1049): updateFrameRateSelectionPriorityIfNeeded refreshRate=0.0  package=org.telegram.messenger
10-15 16:13:59.534 E/RefreshRatePolicy( 1049): whxdebug WindowState preferredDisplayModeId=60.0  packageName=com.transsion.camera
10-15 16:13:59.534 V/WindowManager( 1049): updateFrameRateSelectionPriorityIfNeeded refreshRate=60.0  package=com.transsion.camera
10-15 16:13:59.534 V/WindowManager( 1049): updateFrameRateSelectionPriorityIfNeeded refreshRate=0.0  package=com.gallery20
10-15 16:13:59.534 V/WindowManager( 1049): updateFrameRateSelectionPriorityIfNeeded refreshRate=0.0  package=com.gallery20
10-15 16:13:59.534 V/WindowManager( 1049): updateFrameRateSelectionPriorityIfNeeded refreshRate=0.0  package=com.yandex.browser
10-15 16:13:59.534 V/WindowManager( 1049): updateFrameRateSelectionPriorityIfNeeded refreshRate=0.0  package=com.whatsapp
10-15 16:13:59.534 V/WindowManager( 1049): updateFrameRateSelectionPriorityIfNeeded refreshRate=0.0  package=com.whatsapp
10-15 16:13:59.535 V/WindowManager( 1049): updateFrameRateSelectionPriorityIfNeeded refreshRate=0.0  package=com.zhiliaoapp.musically
10-15 16:13:59.535 I/gralloc4( 1658): unregister: id=26900006b14, vaddr=0x79736ca000
10-15 16:13:59.535 I/gralloc4( 1658): unregister: id=26900006b15, vaddr=0x7970c48000
10-15 16:13:59.536 I/gralloc4(  617): allocate: id=26900006b9f, hal_format=RGBA8888, mali_format=RGBA8888, afbc=SPLIT, usage=GPU_RW|HWC|BACKBUF, size=848x544(1874944), stride=848, name=ViewRootImpl[debug]#191(BLAST Consumer)191
10-15 16:13:59.536 I/gralloc4( 1049): register: id=26900006b9f, vaddr=0x783ce99000
10-15 16:13:59.537 V/WindowManager( 1049): updateFrameRateSelectionPriorityIfNeeded refreshRate=0.0  package=com.transsion.XOSLauncher.upgrade
10-15 16:13:59.537 V/WindowManager( 1049): updateFrameRateSelectionPriorityIfNeeded refreshRate=0.0  package=com.transsion.XOSLauncher.upgrade
10-15 16:13:59.537 V/WindowManager( 1049): updateFrameRateSelectionPriorityIfNeeded refreshRate=0.0  package=com.selfservice.kiosk.debug
10-15 16:13:59.537 V/WindowManager( 1049): updateFrameRateSelectionPriorityIfNeeded refreshRate=0.0  package=com.android.settings
10-15 16:13:59.537 V/WindowManager( 1049): updateFrameRateSelectionPriorityIfNeeded refreshRate=0.0  package=com.android.systemui
10-15 16:13:59.537 V/WindowManager( 1049): updateFrameRateSelectionPriorityIfNeeded refreshRate=0.0  package=com.transsnet.store
10-15 16:13:59.537 V/WindowManager( 1049): updateFrameRateSelectionPriorityIfNeeded refreshRate=0.0  package=com.transsion.smartpanel
10-15 16:13:59.537 V/WindowManager( 1049): updateFrameRateSelectionPriorityIfNeeded refreshRate=0.0  package=android
10-15 16:13:59.537 V/WindowManager( 1049): updateFrameRateSelectionPriorityIfNeeded refreshRate=0.0  package=ru.yandex.androidkeyboard
10-15 16:13:59.537 V/WindowManager( 1049): updateFrameRateSelectionPriorityIfNeeded refreshRate=0.0  package=com.android.systemui
10-15 16:13:59.537 V/WindowManager( 1049): updateFrameRateSelectionPriorityIfNeeded refreshRate=0.0  package=com.android.systemui
10-15 16:13:59.537 V/WindowManager( 1049): updateFrameRateSelectionPriorityIfNeeded refreshRate=0.0  package=com.android.systemui
10-15 16:13:59.537 V/WindowManager( 1049): updateFrameRateSelectionPriorityIfNeeded refreshRate=0.0  package=com.android.systemui
10-15 16:13:59.537 V/WindowManager( 1049): updateFrameRateSelectionPriorityIfNeeded refreshRate=0.0  package=com.android.systemui
10-15 16:13:59.538 V/WindowManager( 1049): updateFrameRateSelectionPriorityIfNeeded refreshRate=0.0  package=com.android.systemui
10-15 16:13:59.538 V/WindowManager( 1049): updateFrameRateSelectionPriorityIfNeeded refreshRate=0.0  package=com.android.systemui
10-15 16:13:59.538 I/gralloc4(  617): allocate: id=26900006ba0, hal_format=RGBA8888, mali_format=RGBA8888, afbc=SPLIT, usage=GPU_RW|HWC|BACKBUF, size=848x544(1874944), stride=848, name=ViewRootImpl[debug]#191(BLAST Consumer)191
10-15 16:13:59.541 I/gralloc4( 1658): unregister: id=26900006b26, vaddr=0x792cd44000
10-15 16:13:59.541 I/gralloc4( 1049): register: id=26900006ba0, vaddr=0x7822e7f000
10-15 16:13:59.541 I/gralloc4( 1658): unregister: id=269000066d7, vaddr=0x797eae1000
10-15 16:13:59.542 I/gralloc4( 1658): unregister: id=269000066d7, vaddr=0x7929292000
10-15 16:13:59.542 I/Layer   (  681): name=8055759 Application Error: com.selfservice.kiosk.debug, id=19257, visible=0, DrawingState.flags=0x101, paused=0, portal=-1, param=DIM_BEHIND | NOT_TOUCH_MODAL | ALT_FOCUSABLE_IM | SPLIT_TOUCH | HARDWARE_ACCELERATED, feature=0x0
10-15 16:13:59.542 I/gralloc4( 1658): unregister: id=26900006b2c, vaddr=0x79384e0000
10-15 16:13:59.542 I/gralloc4(  617): allocate: id=26900006ba1, hal_format=RGBA8888, mali_format=RGBA8888, afbc=SPLIT, usage=GPU_RW|HWC|BACKBUF, size=848x544(1874944), stride=848, name=ViewRootImpl[debug]#191(BLAST Consumer)191
10-15 16:13:59.543 I/gralloc4( 1658): unregister: id=26900006b3d, vaddr=0x7938072000
10-15 16:13:59.543 I/gralloc4( 1658): unregister: id=26900006b4a, vaddr=0x793575f000
10-15 16:13:59.544 I/gralloc4( 1658): unregister: id=26900006b57, vaddr=0x79352f1000
10-15 16:13:59.544 I/gralloc4( 1658): unregister: id=26900006b64, vaddr=0x793275f000
10-15 16:13:59.544 I/gralloc4( 1658): unregister: id=26900006b71, vaddr=0x79322f1000
10-15 16:13:59.545 I/gralloc4( 1658): unregister: id=26900006b7e, vaddr=0x79289b6000
10-15 16:13:59.546 I/gralloc4( 1658): unregister: id=26900006b94, vaddr=0x7927bfc000
10-15 16:13:59.547 I/gralloc4( 1049): register: id=26900006ba1, vaddr=0x78225a3000
10-15 16:13:59.548 W/JavaBinder(29402): BinderProxy is being destroyed but the application did not call unlinkToDeath to unlink all of its death recipients beforehand.  Releasing leaked death recipient: com.google.android.play.core.appupdate.internal.zzp
10-15 16:13:59.548 I/BpBinder(29402): onLastStrongRef automatically unlinking death recipients: <uncached descriptor>
10-15 16:13:59.548 I/gralloc4(  617): allocate: id=26900006ba2, hal_format=RGBA8888, mali_format=RGBA8888, afbc=SPLIT, usage=GPU_RW|HWC|BACKBUF, size=848x544(1874944), stride=848, name=ViewRootImpl[debug]#191(BLAST Consumer)191
10-15 16:13:59.548 I/gralloc4( 1658): unregister: id=26900006b9d, vaddr=0x793300d000
10-15 16:13:59.548 I/gralloc4( 1658): unregister: id=26900006b9e, vaddr=0x7930e83000
10-15 16:13:59.548 I/gralloc4( 1049): register: id=26900006ba2, vaddr=0x78223d9000
10-15 16:13:59.573 D/enhanceHAL(  652): slpSetBrightness: ambient = 6
10-15 16:13:59.576 I/gralloc4(  681): register: id=26900006ba2, vaddr=0x70351bc000
10-15 16:13:59.583 V/WindowManager( 1049): updateFrameRateSelectionPriorityIfNeeded refreshRate=0.0  package=com.android.systemui
10-15 16:13:59.583 V/WindowManager( 1049): updateFrameRateSelectionPriorityIfNeeded refreshRate=0.0  package=com.v2raytun.android
10-15 16:13:59.583 V/WindowManager( 1049): updateFrameRateSelectionPriorityIfNeeded refreshRate=0.0  package=com.whatsapp.w4b
10-15 16:13:59.583 V/WindowManager( 1049): updateFrameRateSelectionPriorityIfNeeded refreshRate=0.0  package=com.whatsapp.w4b
10-15 16:13:59.583 V/WindowManager( 1049): updateFrameRateSelectionPriorityIfNeeded refreshRate=0.0  package=ai.perplexity.app.android
10-15 16:13:59.583 V/WindowManager( 1049): updateFrameRateSelectionPriorityIfNeeded refreshRate=0.0  package=org.telegram.messenger
10-15 16:13:59.583 E/RefreshRatePolicy( 1049): whxdebug WindowState preferredDisplayModeId=60.0  packageName=com.transsion.camera
10-15 16:13:59.583 V/WindowManager( 1049): updateFrameRateSelectionPriorityIfNeeded refreshRate=60.0  package=com.transsion.camera
10-15 16:13:59.583 V/WindowManager( 1049): updateFrameRateSelectionPriorityIfNeeded refreshRate=0.0  package=com.gallery20
10-15 16:13:59.583 V/WindowManager( 1049): updateFrameRateSelectionPriorityIfNeeded refreshRate=0.0  package=com.gallery20
10-15 16:13:59.583 V/WindowManager( 1049): updateFrameRateSelectionPriorityIfNeeded refreshRate=0.0  package=com.yandex.browser
10-15 16:13:59.583 V/WindowManager( 1049): updateFrameRateSelectionPriorityIfNeeded refreshRate=0.0  package=com.whatsapp
10-15 16:13:59.583 V/WindowManager( 1049): updateFrameRateSelectionPriorityIfNeeded refreshRate=0.0  package=com.whatsapp
10-15 16:13:59.583 V/WindowManager( 1049): updateFrameRateSelectionPriorityIfNeeded refreshRate=0.0  package=com.zhiliaoapp.musically
10-15 16:13:59.583 V/WindowManager( 1049): updateFrameRateSelectionPriorityIfNeeded refreshRate=0.0  package=com.transsion.XOSLauncher.upgrade
10-15 16:13:59.583 V/WindowManager( 1049): updateFrameRateSelectionPriorityIfNeeded refreshRate=0.0  package=com.transsion.XOSLauncher.upgrade
10-15 16:13:59.583 V/WindowManager( 1049): updateFrameRateSelectionPriorityIfNeeded refreshRate=0.0  package=com.selfservice.kiosk.debug
10-15 16:13:59.583 V/WindowManager( 1049): updateFrameRateSelectionPriorityIfNeeded refreshRate=0.0  package=com.android.settings
10-15 16:13:59.583 V/WindowManager( 1049): updateFrameRateSelectionPriorityIfNeeded refreshRate=0.0  package=com.android.systemui
10-15 16:13:59.583 V/WindowManager( 1049): updateFrameRateSelectionPriorityIfNeeded refreshRate=0.0  package=com.transsnet.store
10-15 16:13:59.583 V/WindowManager( 1049): updateFrameRateSelectionPriorityIfNeeded refreshRate=0.0  package=com.transsion.smartpanel
10-15 16:13:59.585 I/ivg     (29402): DiskCleanTask 执行结束 97
10-15 16:13:59.585 V/WindowManager( 1049): updateFrameRateSelectionPriorityIfNeeded refreshRate=0.0  package=android
10-15 16:13:59.586 V/WindowManager( 1049): updateFrameRateSelectionPriorityIfNeeded refreshRate=0.0  package=ru.yandex.androidkeyboard
10-15 16:13:59.586 V/WindowManager( 1049): updateFrameRateSelectionPriorityIfNeeded refreshRate=0.0  package=com.android.systemui
10-15 16:13:59.586 V/WindowManager( 1049): updateFrameRateSelectionPriorityIfNeeded refreshRate=0.0  package=com.android.systemui
10-15 16:13:59.586 V/WindowManager( 1049): updateFrameRateSelectionPriorityIfNeeded refreshRate=0.0  package=com.android.systemui
10-15 16:13:59.586 V/WindowManager( 1049): updateFrameRateSelectionPriorityIfNeeded refreshRate=0.0  package=com.android.systemui
10-15 16:13:59.586 V/WindowManager( 1049): updateFrameRateSelectionPriorityIfNeeded refreshRate=0.0  package=com.android.systemui
10-15 16:13:59.587 I/ivg     (29402): 本次任务执行结束 cost 10163 ms
10-15 16:13:59.587 I/Layer   (  681): name=8055759 Application Error: com.selfservice.kiosk.debug, id=19257, visible=0, DrawingState.flags=0x101, paused=0, portal=-1, param=DIM_BEHIND | NOT_TOUCH_MODAL | ALT_FOCUSABLE_IM | SPLIT_TOUCH | HARDWARE_ACCELERATED, feature=0x0
10-15 16:13:59.589 V/WindowManager( 1049): updateFrameRateSelectionPriorityIfNeeded refreshRate=0.0  package=com.android.systemui
10-15 16:13:59.589 V/WindowManager( 1049): updateFrameRateSelectionPriorityIfNeeded refreshRate=0.0  package=com.android.systemui
10-15 16:13:59.592 W/libc    ( 1049): Access denied finding property "persist.vendor.dbg.disable.art"
10-15 16:13:59.589 W/android.ui( 1049): type=1400 audit(0.0:44906): avc: denied { read } for name="u:object_r:vendor_default_prop:s0" dev="tmpfs" ino=11079 scontext=u:r:system_server:s0 tcontext=u:object_r:vendor_default_prop:s0 tclass=file permissive=0
10-15 16:13:59.593 V/WindowManager( 1049): updateFrameRateSelectionPriorityIfNeeded refreshRate=0.0  package=com.android.systemui
10-15 16:13:59.593 V/WindowManager( 1049): updateFrameRateSelectionPriorityIfNeeded refreshRate=0.0  package=com.v2raytun.android
10-15 16:13:59.593 V/WindowManager( 1049): updateFrameRateSelectionPriorityIfNeeded refreshRate=0.0  package=com.whatsapp.w4b
10-15 16:13:59.593 V/WindowManager( 1049): updateFrameRateSelectionPriorityIfNeeded refreshRate=0.0  package=com.whatsapp.w4b
10-15 16:13:59.593 V/WindowManager( 1049): updateFrameRateSelectionPriorityIfNeeded refreshRate=0.0  package=ai.perplexity.app.android
