10-15 17:12:50.045 V/WindowManager( 1049): updateFrameRateSelectionPriorityIfNeeded refreshRate=0.0  package=com.transsnet.store
10-15 17:12:50.045 V/WindowManager( 1049): updateFrameRateSelectionPriorityIfNeeded refreshRate=0.0  package=com.transsnet.store
10-15 17:12:50.045 V/WindowManager( 1049): updateFrameRateSelectionPriorityIfNeeded refreshRate=0.0  package=com.transsion.smartpanel
10-15 17:12:50.045 V/WindowManager( 1049): updateFrameRateSelectionPriorityIfNeeded refreshRate=0.0  package=ru.yandex.androidkeyboard
10-15 17:12:50.045 V/WindowManager( 1049): updateFrameRateSelectionPriorityIfNeeded refreshRate=0.0  package=com.android.systemui
10-15 17:12:50.045 V/WindowManager( 1049): updateFrameRateSelectionPriorityIfNeeded refreshRate=0.0  package=com.android.systemui
10-15 17:12:50.045 V/WindowManager( 1049): updateFrameRateSelectionPriorityIfNeeded refreshRate=0.0  package=com.android.systemui
10-15 17:12:50.045 V/WindowManager( 1049): updateFrameRateSelectionPriorityIfNeeded refreshRate=0.0  package=com.android.systemui
10-15 17:12:50.045 V/WindowManager( 1049): updateFrameRateSelectionPriorityIfNeeded refreshRate=0.0  package=com.android.systemui
10-15 17:12:50.045 V/WindowManager( 1049): updateFrameRateSelectionPriorityIfNeeded refreshRate=0.0  package=com.android.systemui
10-15 17:12:50.045 V/WindowManager( 1049): updateFrameRateSelectionPriorityIfNeeded refreshRate=0.0  package=com.android.systemui
10-15 17:12:50.046 I/Finsky  ( 8336): [2] AIM: AppInfoCacheUpdater -> invalidating apps: [com.selfservice.kiosk.debug]
10-15 17:12:50.046 I/Finsky  ( 8336): [2] AIM: AppInfoManager-Perf > getApps > called for 1 apps
10-15 17:12:50.047 I/Finsky  ( 8336): [217] AIM: AppInfoManager-Perf > OnDeviceAppInfo > cacheHitCount=0, cacheMissCount=1. Missed  in cache (limit 10) : [com.selfservice.kiosk.debug]
10-15 17:12:50.050 D/WindowManager( 1049): setFocusedApp mFocusedApp = null
10-15 17:12:50.050 I/Finsky  ( 8336): [193] RECEIVER_PACKAGE_MONITOR#logWorkEndAndFinishGoAsync: SUCCESS
10-15 17:12:50.051 D/WindowManager( 1049): setFocusedApp mFocusedApp = ActivityRecord{404ddc2 u0 com.zhiliaoapp.musically/com.ss.android.ugc.aweme.splash.SplashActivity t1196}
10-15 17:12:50.052 I/Finsky  ( 8336): [217] AIM: Got app ownership map. App counts: . Unique apps: 0
10-15 17:12:50.052 E/WindowManagerService( 1049): open /proc/iomanager/activity error:2
10-15 17:12:50.052 I/Finsky  ( 8336): [219] AIM: AppInfoManager-Perf > OnDeviceAppInfo > cacheHitCount=1, cacheMissCount=0. Missed  in cache (limit 10) : []
10-15 17:12:50.052 I/Finsky  ( 8336): [219] AIM: Got app ownership map. App counts: . Unique apps: 0
10-15 17:12:50.052 E/Finsky  ( 8336): [219] [Counters] attempted to use a non-positive increment for: 4752
10-15 17:12:50.052 E/Finsky  ( 8336): [219] [Counters] attempted to use a non-positive increment for: 4753
10-15 17:12:50.052 E/WindowManagerService( 1049): open /sys/power/pnpmgr/ams/usage error:13
10-15 17:12:50.053 D/Griffin/Hooker( 1049): PreviousApp = com.selfservice.kiosk.debug/com.selfservice.kiosk.MainActivity
10-15 17:12:50.053 I/ActivityManager( 1049): Applaunch form com.selfservice.kiosk.debug to com.zhiliaoapp.musically
10-15 17:12:50.053 W/com.transsion.a( 1049): type=1400 audit(0.0:47233): avc: denied { read } for name="u:object_r:vendor_default_prop:s0" dev="tmpfs" ino=11079 scontext=u:r:system_server:s0 tcontext=u:object_r:vendor_default_prop:s0 tclass=file permissive=0
10-15 17:12:50.053 W/com.transsion.a( 1049): type=1400 audit(0.0:47234): avc: denied { read } for name="u:object_r:vendor_default_prop:s0" dev="tmpfs" ino=11079 scontext=u:r:system_server:s0 tcontext=u:object_r:vendor_default_prop:s0 tclass=file permissive=0
10-15 17:12:50.053 E/Finsky  ( 8336): [217] [Counters] attempted to use a non-positive increment for: 4752
10-15 17:12:50.054 W/libc    ( 1049): Access denied finding property "ro.vendor.pnpmgr.game.record"
10-15 17:12:50.055 D/IntervalStats( 1049): Unable to parse usage stats packages: [287, 312, 313, 314, 315, 316, 317, 318, 319, 320, 321, 322, 329, 344, 348, 349, 350, 351, 352, 353, 354, 355, 373, 374, 375, 376, 377, 378, 379, 380, 381, 383, 397, 398, 402, 403, 404, 405, 406, 408, 410, 411, 412, 413, 415, 417, 476, 524, 525, 526, 527, 528, 529, 530, 531, 532, 533, 534, 535, 536, 537, 538, 571, 572, 573, 574, 575, 576, 577, 578, 579, 580, 581, 582, 593, 594, 595, 596, 597, 598, 599, 600, 601, 602, 653, 671, 698, 739, 894, 921, 982, 983, 984, 985, 986, 987, 988, 989, 990, 991, 992, 993, 994, 995, 996, 997, 998, 999, 1000, 1001, 1002, 1003, 1004, 1005, 1006, 1007, 1008, 1009, 1010, 1011, 1123, 1141, 1177, 1198, 1220, 1242, 1311, 1312, 1313, 1314, 1315, 1316, 1317, 1318, 1319, 1320, 1321, 1322, 1323, 1324, 1325, 1326, 1327, 1328, 1329, 1330, 1331, 1332, 1333, 1334, 1335, 1336, 1339, 1340, 1350, 1351, 1352, 1353, 1354, 1355, 1356, 1357, 1358, 1363, 1364, 1365, 1366, 1367, 1368, 1369, 1390, 1400, 1413, 1437, 1438, 1439, 1440, 1442, 1443, 1444, 1445, 1446, 1447, 1461, 1463, 1465, 1466, 1484, 1531, 1532, 1593, 1595, 1596, 1597, 1598, 1599, 1600, 1601, 1602, 1603, 1604, 1605, 1606, 1607, 1608, 1609, 1610, 1611, 1612, 1613, 1614, 1615, 1616, 1617, 1618, 1619, 1620, 1630, 1631, 1636, 1638, 1641, 1642, 1643, 1644, 1766, 1767, 1768, 1769, 1770, 1771, 1772, 1773, 1774, 1775, 1776, 1777, 1778, 1779, 1780, 1781, 1782, 1783, 1784, 1800, 1801, 1802, 1803, 1804, 1805, 1806, 1807, 1808, 1809, 1823, 1824, 1825, 1826, 1827, 1828, 1830, 1831, 1832]
10-15 17:12:50.055 W/libc    ( 1049): Access denied finding property "ro.vendor.pnpmgr.touch.ctl"
10-15 17:12:50.055 D/os.fingerprint( 1049): onActivityResume next:ActivityRecord{404ddc2 u0 com.zhiliaoapp.musically/com.ss.android.ugc.aweme.splash.SplashActivity t1196}
10-15 17:12:50.055 D/os.fingerprint( 1049): activityComponent = ComponentInfo{com.zhiliaoapp.musically/com.ss.android.ugc.aweme.main.MainActivity} inMultiWindow = false
10-15 17:12:50.056 I/gralloc4(  618): unregister: id=269000071b6, vaddr=0x76d9563000
10-15 17:12:50.057 E/Finsky  ( 8336): [217] [Counters] attempted to use a non-positive increment for: 4753
10-15 17:12:50.057 V/WindowManager( 1049): updateFrameRateSelectionPriorityIfNeeded refreshRate=0.0  package=com.android.systemui
10-15 17:12:50.057 V/WindowManager( 1049): updateFrameRateSelectionPriorityIfNeeded refreshRate=0.0  package=com.whatsapp.w4b
10-15 17:12:50.057 V/WindowManager( 1049): updateFrameRateSelectionPriorityIfNeeded refreshRate=0.0  package=com.whatsapp.w4b
10-15 17:12:50.057 V/WindowManager( 1049): updateFrameRateSelectionPriorityIfNeeded refreshRate=0.0  package=ai.perplexity.app.android
10-15 17:12:50.057 E/RefreshRatePolicy( 1049): whxdebug WindowState preferredDisplayModeId=60.0  packageName=com.transsion.camera
10-15 17:12:50.057 V/WindowManager( 1049): updateFrameRateSelectionPriorityIfNeeded refreshRate=60.0  package=com.transsion.camera
10-15 17:12:50.057 V/WindowManager( 1049): updateFrameRateSelectionPriorityIfNeeded refreshRate=0.0  package=com.gallery20
10-15 17:12:50.057 V/WindowManager( 1049): updateFrameRateSelectionPriorityIfNeeded refreshRate=0.0  package=com.gallery20
10-15 17:12:50.057 V/WindowManager( 1049): updateFrameRateSelectionPriorityIfNeeded refreshRate=0.0  package=com.lenovo.anyshare.gps
10-15 17:12:50.057 V/WindowManager( 1049): updateFrameRateSelectionPriorityIfNeeded refreshRate=0.0  package=com.yandex.browser
10-15 17:12:50.057 V/WindowManager( 1049): updateFrameRateSelectionPriorityIfNeeded refreshRate=0.0  package=org.telegram.messenger
10-15 17:12:50.057 V/WindowManager( 1049): updateFrameRateSelectionPriorityIfNeeded refreshRate=0.0  package=com.v2raytun.android
10-15 17:12:50.057 V/WindowManager( 1049): updateFrameRateSelectionPriorityIfNeeded refreshRate=0.0  package=com.whatsapp
10-15 17:12:50.057 V/WindowManager( 1049): updateFrameRateSelectionPriorityIfNeeded refreshRate=0.0  package=com.whatsapp
10-15 17:12:50.057 V/WindowManager( 1049): updateFrameRateSelectionPriorityIfNeeded refreshRate=0.0  package=com.transsion.XOSLauncher.upgrade
10-15 17:12:50.057 V/WindowManager( 1049): updateFrameRateSelectionPriorityIfNeeded refreshRate=0.0  package=com.transsion.XOSLauncher.upgrade
10-15 17:12:50.057 V/WindowManager( 1049): updateFrameRateSelectionPriorityIfNeeded refreshRate=0.0  package=com.zhiliaoapp.musically
10-15 17:12:50.057 V/WindowManager( 1049): updateFrameRateSelectionPriorityIfNeeded refreshRate=0.0  package=com.android.systemui
10-15 17:12:50.057 V/WindowManager( 1049): updateFrameRateSelectionPriorityIfNeeded refreshRate=0.0  package=com.transsnet.store
10-15 17:12:50.057 V/WindowManager( 1049): updateFrameRateSelectionPriorityIfNeeded refreshRate=0.0  package=com.transsnet.store
10-15 17:12:50.057 V/WindowManager( 1049): updateFrameRateSelectionPriorityIfNeeded refreshRate=0.0  package=com.transsnet.store
10-15 17:12:50.057 V/WindowManager( 1049): updateFrameRateSelectionPriorityIfNeeded refreshRate=0.0  package=com.transsnet.store
10-15 17:12:50.057 V/WindowManager( 1049): updateFrameRateSelectionPriorityIfNeeded refreshRate=0.0  package=com.transsion.smartpanel
10-15 17:12:50.057 V/WindowManager( 1049): updateFrameRateSelectionPriorityIfNeeded refreshRate=0.0  package=ru.yandex.androidkeyboard
10-15 17:12:50.057 V/WindowManager( 1049): updateFrameRateSelectionPriorityIfNeeded refreshRate=0.0  package=com.android.systemui
10-15 17:12:50.057 V/WindowManager( 1049): updateFrameRateSelectionPriorityIfNeeded refreshRate=0.0  package=com.android.systemui
10-15 17:12:50.057 V/WindowManager( 1049): updateFrameRateSelectionPriorityIfNeeded refreshRate=0.0  package=com.android.systemui
10-15 17:12:50.057 V/WindowManager( 1049): updateFrameRateSelectionPriorityIfNeeded refreshRate=0.0  package=com.android.systemui
10-15 17:12:50.057 I/SmartPanel_SmartPanelService( 3212): activityCheck pkgName: com.zhiliaoapp.musically, className: com.ss.android.ugc.aweme.main.MainActivity isResume=true isInshow =true isDrawn = false
10-15 17:12:50.057 V/WindowManager( 1049): updateFrameRateSelectionPriorityIfNeeded refreshRate=0.0  package=com.android.systemui
10-15 17:12:50.057 W/Binder:1049_7( 1049): type=1400 audit(0.0:47235): avc: denied { read } for name="u:object_r:vendor_default_prop:s0" dev="tmpfs" ino=11079 scontext=u:r:system_server:s0 tcontext=u:object_r:vendor_default_prop:s0 tclass=file permissive=0
10-15 17:12:50.057 V/WindowManager( 1049): updateFrameRateSelectionPriorityIfNeeded refreshRate=0.0  package=com.android.systemui
10-15 17:12:50.057 V/WindowManager( 1049): updateFrameRateSelectionPriorityIfNeeded refreshRate=0.0  package=com.android.systemui
10-15 17:12:50.058 W/ActivityTaskManager( 1049): Can't find TaskDisplayArea to determine support for multi window. Task id=1234 attached=false
10-15 17:12:50.058 W/ActivityTaskManager( 1049): Can't find TaskDisplayArea to determine support for multi window. Task id=1234 attached=false
10-15 17:12:50.059 W/WindowManager( 1049): Failed looking up window session=Session{95c5869 1381:u0a10149} callers=com.android.server.wm.WindowManagerService.windowForClientLocked:5836 com.android.server.wm.WindowManagerService.relayoutWindow:2359 com.android.server.wm.Session.relayout:235 
10-15 17:12:50.060 I/gralloc4( 1381): unregister: id=269000071b6, vaddr=0x7a8a9bc000
10-15 17:12:50.061 W/libc    ( 1049): Access denied finding property "persist.vendor.dbg.disable.art"
10-15 17:12:50.062 V/WindowManager( 1049): updateFrameRateSelectionPriorityIfNeeded refreshRate=0.0  package=com.android.systemui
10-15 17:12:50.062 V/WindowManager( 1049): updateFrameRateSelectionPriorityIfNeeded refreshRate=0.0  package=com.whatsapp.w4b
10-15 17:12:50.062 V/WindowManager( 1049): updateFrameRateSelectionPriorityIfNeeded refreshRate=0.0  package=com.whatsapp.w4b
10-15 17:12:50.062 V/WindowManager( 1049): updateFrameRateSelectionPriorityIfNeeded refreshRate=0.0  package=ai.perplexity.app.android
10-15 17:12:50.062 E/RefreshRatePolicy( 1049): whxdebug WindowState preferredDisplayModeId=60.0  packageName=com.transsion.camera
10-15 17:12:50.062 V/WindowManager( 1049): updateFrameRateSelectionPriorityIfNeeded refreshRate=60.0  package=com.transsion.camera
10-15 17:12:50.062 V/WindowManager( 1049): updateFrameRateSelectionPriorityIfNeeded refreshRate=0.0  package=com.gallery20
10-15 17:12:50.062 V/WindowManager( 1049): updateFrameRateSelectionPriorityIfNeeded refreshRate=0.0  package=com.gallery20
10-15 17:12:50.062 V/WindowManager( 1049): updateFrameRateSelectionPriorityIfNeeded refreshRate=0.0  package=com.lenovo.anyshare.gps
10-15 17:12:50.062 V/WindowManager( 1049): updateFrameRateSelectionPriorityIfNeeded refreshRate=0.0  package=com.yandex.browser
10-15 17:12:50.062 V/WindowManager( 1049): updateFrameRateSelectionPriorityIfNeeded refreshRate=0.0  package=org.telegram.messenger
10-15 17:12:50.062 V/WindowManager( 1049): updateFrameRateSelectionPriorityIfNeeded refreshRate=0.0  package=com.v2raytun.android
10-15 17:12:50.062 I/Finsky  ( 8336): [219] AIM: AppInfoManager-Perf > ItemModel > CacheSize=123, cacheHitCount=0, cacheMissCount=0, total appsWithNoServerDataCount=6. Missed  in cache (limit 10) : []
10-15 17:12:50.062 V/WindowManager( 1049): updateFrameRateSelectionPriorityIfNeeded refreshRate=0.0  package=com.whatsapp
10-15 17:12:50.062 V/WindowManager( 1049): updateFrameRateSelectionPriorityIfNeeded refreshRate=0.0  package=com.whatsapp
10-15 17:12:50.062 V/WindowManager( 1049): updateFrameRateSelectionPriorityIfNeeded refreshRate=0.0  package=com.transsion.XOSLauncher.upgrade
10-15 17:12:50.062 V/WindowManager( 1049): updateFrameRateSelectionPriorityIfNeeded refreshRate=0.0  package=com.transsion.XOSLauncher.upgrade
10-15 17:12:50.062 V/WindowManager( 1049): updateFrameRateSelectionPriorityIfNeeded refreshRate=0.0  package=com.zhiliaoapp.musically
10-15 17:12:50.062 V/WindowManager( 1049): updateFrameRateSelectionPriorityIfNeeded refreshRate=0.0  package=com.android.systemui
10-15 17:12:50.063 V/WindowManager( 1049): updateFrameRateSelectionPriorityIfNeeded refreshRate=0.0  package=com.transsnet.store
10-15 17:12:50.063 V/WindowManager( 1049): updateFrameRateSelectionPriorityIfNeeded refreshRate=0.0  package=com.transsnet.store
10-15 17:12:50.063 V/WindowManager( 1049): updateFrameRateSelectionPriorityIfNeeded refreshRate=0.0  package=com.transsnet.store
10-15 17:12:50.063 V/WindowManager( 1049): updateFrameRateSelectionPriorityIfNeeded refreshRate=0.0  package=com.transsnet.store
10-15 17:12:50.063 V/WindowManager( 1049): updateFrameRateSelectionPriorityIfNeeded refreshRate=0.0  package=com.transsion.smartpanel
10-15 17:12:50.063 V/WindowManager( 1049): updateFrameRateSelectionPriorityIfNeeded refreshRate=0.0  package=ru.yandex.androidkeyboard
10-15 17:12:50.063 V/WindowManager( 1049): updateFrameRateSelectionPriorityIfNeeded refreshRate=0.0  package=com.android.systemui
10-15 17:12:50.063 V/WindowManager( 1049): updateFrameRateSelectionPriorityIfNeeded refreshRate=0.0  package=com.android.systemui
10-15 17:12:50.063 V/WindowManager( 1049): updateFrameRateSelectionPriorityIfNeeded refreshRate=0.0  package=com.android.systemui
10-15 17:12:50.063 V/WindowManager( 1049): updateFrameRateSelectionPriorityIfNeeded refreshRate=0.0  package=com.android.systemui
10-15 17:12:50.063 V/WindowManager( 1049): updateFrameRateSelectionPriorityIfNeeded refreshRate=0.0  package=com.android.systemui
10-15 17:12:50.063 V/WindowManager( 1049): updateFrameRateSelectionPriorityIfNeeded refreshRate=0.0  package=com.android.systemui
10-15 17:12:50.063 V/WindowManager( 1049): updateFrameRateSelectionPriorityIfNeeded refreshRate=0.0  package=com.android.systemui
10-15 17:12:50.065 D/os.fingerprint( 1049): onUpdateFocusedApp oldPackageName:null oldComponent:null newPackageName:com.zhiliaoapp.musically newComponent:ComponentInfo{com.zhiliaoapp.musically/com.ss.android.ugc.aweme.main.MainActivity} mFm :android.hardware.fingerprint.FingerprintManager@3b51c18
10-15 17:12:50.065 I/Finsky  ( 8336): [213] AIM: AppInfoManager-Perf > ItemModel > CacheSize=123, cacheHitCount=0, cacheMissCount=0, total appsWithNoServerDataCount=6. Missed  in cache (limit 10) : []
10-15 17:12:50.066 I/Finsky  ( 8336): [213] AIM: AppInfoManager-Perf > getApps > data collection finished
10-15 17:12:50.066 I/Finsky  ( 8336): [213] AIM: AppInfoManager-Perf > maybeDestroyAppInfoManager is called. actives = 0
10-15 17:12:50.068 I/WindowManager( 1049): Input focus has changed to Window{1c768d1 u0 com.zhiliaoapp.musically/com.ss.android.ugc.aweme.splash.SplashActivity} from 1c768d1 com.zhiliaoapp.musically/com.ss.android.ugc.aweme.splash.SplashActivity mDisplayId 0 updateInputWindows true
10-15 17:12:50.069 V/WindowManager( 1049): updateFrameRateSelectionPriorityIfNeeded refreshRate=0.0  package=com.android.systemui
10-15 17:12:50.069 V/WindowManager( 1049): updateFrameRateSelectionPriorityIfNeeded refreshRate=0.0  package=com.whatsapp.w4b
10-15 17:12:50.069 V/WindowManager( 1049): updateFrameRateSelectionPriorityIfNeeded refreshRate=0.0  package=com.whatsapp.w4b
10-15 17:12:50.069 V/WindowManager( 1049): updateFrameRateSelectionPriorityIfNeeded refreshRate=0.0  package=ai.perplexity.app.android
10-15 17:12:50.069 E/RefreshRatePolicy( 1049): whxdebug WindowState preferredDisplayModeId=60.0  packageName=com.transsion.camera
10-15 17:12:50.069 V/WindowManager( 1049): updateFrameRateSelectionPriorityIfNeeded refreshRate=60.0  package=com.transsion.camera
10-15 17:12:50.069 V/WindowManager( 1049): updateFrameRateSelectionPriorityIfNeeded refreshRate=0.0  package=com.gallery20
10-15 17:12:50.069 V/WindowManager( 1049): updateFrameRateSelectionPriorityIfNeeded refreshRate=0.0  package=com.gallery20
10-15 17:12:50.069 V/WindowManager( 1049): updateFrameRateSelectionPriorityIfNeeded refreshRate=0.0  package=com.lenovo.anyshare.gps
10-15 17:12:50.069 V/WindowManager( 1049): updateFrameRateSelectionPriorityIfNeeded refreshRate=0.0  package=com.yandex.browser
10-15 17:12:50.069 V/WindowManager( 1049): updateFrameRateSelectionPriorityIfNeeded refreshRate=0.0  package=org.telegram.messenger
10-15 17:12:50.069 V/WindowManager( 1049): updateFrameRateSelectionPriorityIfNeeded refreshRate=0.0  package=com.v2raytun.android
10-15 17:12:50.069 V/WindowManager( 1049): updateFrameRateSelectionPriorityIfNeeded refreshRate=0.0  package=com.whatsapp
10-15 17:12:50.069 V/WindowManager( 1049): updateFrameRateSelectionPriorityIfNeeded refreshRate=0.0  package=com.whatsapp
10-15 17:12:50.069 V/WindowManager( 1049): updateFrameRateSelectionPriorityIfNeeded refreshRate=0.0  package=com.transsion.XOSLauncher.upgrade
10-15 17:12:50.069 V/WindowManager( 1049): updateFrameRateSelectionPriorityIfNeeded refreshRate=0.0  package=com.transsion.XOSLauncher.upgrade
10-15 17:12:50.070 V/WindowManager( 1049): updateFrameRateSelectionPriorityIfNeeded refreshRate=0.0  package=com.zhiliaoapp.musically
10-15 17:12:50.070 V/WindowManager( 1049): updateFrameRateSelectionPriorityIfNeeded refreshRate=0.0  package=com.android.systemui
10-15 17:12:50.070 V/WindowManager( 1049): updateFrameRateSelectionPriorityIfNeeded refreshRate=0.0  package=com.transsnet.store
10-15 17:12:50.070 V/WindowManager( 1049): updateFrameRateSelectionPriorityIfNeeded refreshRate=0.0  package=com.transsnet.store
10-15 17:12:50.070 V/WindowManager( 1049): updateFrameRateSelectionPriorityIfNeeded refreshRate=0.0  package=com.transsnet.store
10-15 17:12:50.070 V/WindowManager( 1049): updateFrameRateSelectionPriorityIfNeeded refreshRate=0.0  package=com.transsnet.store
10-15 17:12:50.070 V/WindowManager( 1049): updateFrameRateSelectionPriorityIfNeeded refreshRate=0.0  package=com.transsion.smartpanel
10-15 17:12:50.070 V/WindowManager( 1049): updateFrameRateSelectionPriorityIfNeeded refreshRate=0.0  package=ru.yandex.androidkeyboard
10-15 17:12:50.070 V/WindowManager( 1049): updateFrameRateSelectionPriorityIfNeeded refreshRate=0.0  package=com.android.systemui
10-15 17:12:50.070 V/WindowManager( 1049): updateFrameRateSelectionPriorityIfNeeded refreshRate=0.0  package=com.android.systemui
10-15 17:12:50.070 V/WindowManager( 1049): updateFrameRateSelectionPriorityIfNeeded refreshRate=0.0  package=com.android.systemui
10-15 17:12:50.070 V/WindowManager( 1049): updateFrameRateSelectionPriorityIfNeeded refreshRate=0.0  package=com.android.systemui
10-15 17:12:50.070 V/WindowManager( 1049): updateFrameRateSelectionPriorityIfNeeded refreshRate=0.0  package=com.android.systemui
10-15 17:12:50.070 V/WindowManager( 1049): updateFrameRateSelectionPriorityIfNeeded refreshRate=0.0  package=com.android.systemui
10-15 17:12:50.070 V/WindowManager( 1049): updateFrameRateSelectionPriorityIfNeeded refreshRate=0.0  package=com.android.systemui
10-15 17:12:50.071 I/gralloc4(  681): unregister: id=269000071b8, vaddr=0x7034f18000
10-15 17:12:50.072 V/WindowManager( 1049): updateFrameRateSelectionPriorityIfNeeded refreshRate=0.0  package=com.android.systemui
10-15 17:12:50.072 V/WindowManager( 1049): updateFrameRateSelectionPriorityIfNeeded refreshRate=0.0  package=com.whatsapp.w4b
10-15 17:12:50.072 V/WindowManager( 1049): updateFrameRateSelectionPriorityIfNeeded refreshRate=0.0  package=com.whatsapp.w4b
10-15 17:12:50.072 V/WindowManager( 1049): updateFrameRateSelectionPriorityIfNeeded refreshRate=0.0  package=ai.perplexity.app.android
10-15 17:12:50.072 E/RefreshRatePolicy( 1049): whxdebug WindowState preferredDisplayModeId=60.0  packageName=com.transsion.camera
10-15 17:12:50.072 V/WindowManager( 1049): updateFrameRateSelectionPriorityIfNeeded refreshRate=60.0  package=com.transsion.camera
10-15 17:12:50.072 V/WindowManager( 1049): updateFrameRateSelectionPriorityIfNeeded refreshRate=0.0  package=com.gallery20
10-15 17:12:50.072 V/WindowManager( 1049): updateFrameRateSelectionPriorityIfNeeded refreshRate=0.0  package=com.gallery20
10-15 17:12:50.072 V/WindowManager( 1049): updateFrameRateSelectionPriorityIfNeeded refreshRate=0.0  package=com.lenovo.anyshare.gps
10-15 17:12:50.072 V/WindowManager( 1049): updateFrameRateSelectionPriorityIfNeeded refreshRate=0.0  package=com.yandex.browser
10-15 17:12:50.072 V/WindowManager( 1049): updateFrameRateSelectionPriorityIfNeeded refreshRate=0.0  package=org.telegram.messenger
10-15 17:12:50.072 V/WindowManager( 1049): updateFrameRateSelectionPriorityIfNeeded refreshRate=0.0  package=com.v2raytun.android
10-15 17:12:50.072 V/WindowManager( 1049): updateFrameRateSelectionPriorityIfNeeded refreshRate=0.0  package=com.whatsapp
10-15 17:12:50.072 V/WindowManager( 1049): updateFrameRateSelectionPriorityIfNeeded refreshRate=0.0  package=com.whatsapp
10-15 17:12:50.072 V/WindowManager( 1049): updateFrameRateSelectionPriorityIfNeeded refreshRate=0.0  package=com.transsion.XOSLauncher.upgrade
10-15 17:12:50.072 V/WindowManager( 1049): updateFrameRateSelectionPriorityIfNeeded refreshRate=0.0  package=com.transsion.XOSLauncher.upgrade
10-15 17:12:50.072 V/WindowManager( 1049): updateFrameRateSelectionPriorityIfNeeded refreshRate=0.0  package=com.zhiliaoapp.musically
10-15 17:12:50.072 V/WindowManager( 1049): updateFrameRateSelectionPriorityIfNeeded refreshRate=0.0  package=com.android.systemui
10-15 17:12:50.072 V/WindowManager( 1049): updateFrameRateSelectionPriorityIfNeeded refreshRate=0.0  package=com.transsnet.store
10-15 17:12:50.072 V/WindowManager( 1049): updateFrameRateSelectionPriorityIfNeeded refreshRate=0.0  package=com.transsnet.store
10-15 17:12:50.072 V/WindowManager( 1049): updateFrameRateSelectionPriorityIfNeeded refreshRate=0.0  package=com.transsnet.store
10-15 17:12:50.072 V/WindowManager( 1049): updateFrameRateSelectionPriorityIfNeeded refreshRate=0.0  package=com.transsnet.store
10-15 17:12:50.072 V/WindowManager( 1049): updateFrameRateSelectionPriorityIfNeeded refreshRate=0.0  package=com.transsion.smartpanel
10-15 17:12:50.072 V/WindowManager( 1049): updateFrameRateSelectionPriorityIfNeeded refreshRate=0.0  package=ru.yandex.androidkeyboard
10-15 17:12:50.072 V/WindowManager( 1049): updateFrameRateSelectionPriorityIfNeeded refreshRate=0.0  package=com.android.systemui
10-15 17:12:50.072 V/WindowManager( 1049): updateFrameRateSelectionPriorityIfNeeded refreshRate=0.0  package=com.android.systemui
10-15 17:12:50.072 V/WindowManager( 1049): updateFrameRateSelectionPriorityIfNeeded refreshRate=0.0  package=com.android.systemui
10-15 17:12:50.072 V/WindowManager( 1049): updateFrameRateSelectionPriorityIfNeeded refreshRate=0.0  package=com.android.systemui
10-15 17:12:50.072 V/WindowManager( 1049): updateFrameRateSelectionPriorityIfNeeded refreshRate=0.0  package=com.android.systemui
10-15 17:12:50.072 V/WindowManager( 1049): updateFrameRateSelectionPriorityIfNeeded refreshRate=0.0  package=com.android.systemui
10-15 17:12:50.072 V/WindowManager( 1049): updateFrameRateSelectionPriorityIfNeeded refreshRate=0.0  package=com.android.systemui
10-15 17:12:50.073 W/WindowManager( 1049): Failed looking up window session=Session{95c5869 1381:u0a10149} callers=com.android.server.wm.WindowManagerService.windowForClientLocked:5836 com.android.server.wm.WindowManagerService.removeWindow:2153 com.android.server.wm.Session.remove:218 
10-15 17:12:50.073 D/WindowManager( 1049): after addSurfaceViewPkg packageName = com.zhiliaoapp.musically count:1
10-15 17:12:50.074 I/FocusResolver( 1049): window 1c768d1 com.zhiliaoapp.musically/com.ss.android.ugc.aweme.splash.SplashActivity focusable==false
10-15 17:12:50.076 I/gralloc4(  681): unregister: id=269000071b6, vaddr=0x701dc58000
10-15 17:12:50.080 D/WindowManager( 1049): after addSurfaceViewPkg packageName = com.zhiliaoapp.musically count:2
10-15 17:12:50.082 V/WindowManager( 1049): updateFrameRateSelectionPriorityIfNeeded refreshRate=0.0  package=com.android.systemui
10-15 17:12:50.082 V/WindowManager( 1049): updateFrameRateSelectionPriorityIfNeeded refreshRate=0.0  package=com.whatsapp.w4b
10-15 17:12:50.082 V/WindowManager( 1049): updateFrameRateSelectionPriorityIfNeeded refreshRate=0.0  package=com.whatsapp.w4b
10-15 17:12:50.082 V/WindowManager( 1049): updateFrameRateSelectionPriorityIfNeeded refreshRate=0.0  package=ai.perplexity.app.android
10-15 17:12:50.083 E/RefreshRatePolicy( 1049): whxdebug WindowState preferredDisplayModeId=60.0  packageName=com.transsion.camera
10-15 17:12:50.083 V/WindowManager( 1049): updateFrameRateSelectionPriorityIfNeeded refreshRate=60.0  package=com.transsion.camera
10-15 17:12:50.083 V/WindowManager( 1049): updateFrameRateSelectionPriorityIfNeeded refreshRate=0.0  package=com.gallery20
10-15 17:12:50.083 V/WindowManager( 1049): updateFrameRateSelectionPriorityIfNeeded refreshRate=0.0  package=com.gallery20
10-15 17:12:50.083 V/WindowManager( 1049): updateFrameRateSelectionPriorityIfNeeded refreshRate=0.0  package=com.lenovo.anyshare.gps
10-15 17:12:50.083 V/WindowManager( 1049): updateFrameRateSelectionPriorityIfNeeded refreshRate=0.0  package=com.yandex.browser
10-15 17:12:50.083 V/WindowManager( 1049): updateFrameRateSelectionPriorityIfNeeded refreshRate=0.0  package=org.telegram.messenger
10-15 17:12:50.083 V/WindowManager( 1049): updateFrameRateSelectionPriorityIfNeeded refreshRate=0.0  package=com.v2raytun.android
10-15 17:12:50.083 V/WindowManager( 1049): updateFrameRateSelectionPriorityIfNeeded refreshRate=0.0  package=com.whatsapp
10-15 17:12:50.083 V/WindowManager( 1049): updateFrameRateSelectionPriorityIfNeeded refreshRate=0.0  package=com.whatsapp
10-15 17:12:50.083 V/WindowManager( 1049): updateFrameRateSelectionPriorityIfNeeded refreshRate=0.0  package=com.transsion.XOSLauncher.upgrade
10-15 17:12:50.083 V/WindowManager( 1049): updateFrameRateSelectionPriorityIfNeeded refreshRate=0.0  package=com.transsion.XOSLauncher.upgrade
10-15 17:12:50.083 V/WindowManager( 1049): updateFrameRateSelectionPriorityIfNeeded refreshRate=0.0  package=com.zhiliaoapp.musically
10-15 17:12:50.083 V/WindowManager( 1049): updateFrameRateSelectionPriorityIfNeeded refreshRate=0.0  package=com.android.systemui
10-15 17:12:50.083 V/WindowManager( 1049): updateFrameRateSelectionPriorityIfNeeded refreshRate=0.0  package=com.transsnet.store
10-15 17:12:50.083 V/WindowManager( 1049): updateFrameRateSelectionPriorityIfNeeded refreshRate=0.0  package=com.transsnet.store
10-15 17:12:50.083 V/WindowManager( 1049): updateFrameRateSelectionPriorityIfNeeded refreshRate=0.0  package=com.transsnet.store
10-15 17:12:50.083 V/WindowManager( 1049): updateFrameRateSelectionPriorityIfNeeded refreshRate=0.0  package=com.transsnet.store
10-15 17:12:50.083 V/WindowManager( 1049): updateFrameRateSelectionPriorityIfNeeded refreshRate=0.0  package=com.transsion.smartpanel
10-15 17:12:50.083 V/WindowManager( 1049): updateFrameRateSelectionPriorityIfNeeded refreshRate=0.0  package=ru.yandex.androidkeyboard
10-15 17:12:50.083 V/WindowManager( 1049): updateFrameRateSelectionPriorityIfNeeded refreshRate=0.0  package=com.android.systemui
10-15 17:12:50.083 V/WindowManager( 1049): updateFrameRateSelectionPriorityIfNeeded refreshRate=0.0  package=com.android.systemui
10-15 17:12:50.083 V/WindowManager( 1049): updateFrameRateSelectionPriorityIfNeeded refreshRate=0.0  package=com.android.systemui
10-15 17:12:50.083 V/WindowManager( 1049): updateFrameRateSelectionPriorityIfNeeded refreshRate=0.0  package=com.android.systemui
10-15 17:12:50.083 V/WindowManager( 1049): updateFrameRateSelectionPriorityIfNeeded refreshRate=0.0  package=com.android.systemui
10-15 17:12:50.083 V/WindowManager( 1049): updateFrameRateSelectionPriorityIfNeeded refreshRate=0.0  package=com.android.systemui
10-15 17:12:50.083 V/WindowManager( 1049): updateFrameRateSelectionPriorityIfNeeded refreshRate=0.0  package=com.android.systemui
10-15 17:12:50.083 W/ActivityManager( 1049): setHasOverlayUi called on unknown pid: 22981
10-15 17:12:50.083 D/performance( 1049): updateAppMem: error pid= -1
10-15 17:12:50.084 D/vendor.unisoc.hardware.power-service(  643): Enter getSceneIdByName: sceneName:com.zhiliaoapp.musically
10-15 17:12:50.087 V/WindowManager( 1049): updateFrameRateSelectionPriorityIfNeeded refreshRate=0.0  package=com.android.systemui
10-15 17:12:50.087 D/WindowManager( 1049): after addSurfaceViewPkg packageName = com.zhiliaoapp.musically count:3
10-15 17:12:50.087 V/WindowManager( 1049): updateFrameRateSelectionPriorityIfNeeded refreshRate=0.0  package=com.whatsapp.w4b
10-15 17:12:50.087 V/WindowManager( 1049): updateFrameRateSelectionPriorityIfNeeded refreshRate=0.0  package=com.whatsapp.w4b
10-15 17:12:50.087 V/WindowManager( 1049): updateFrameRateSelectionPriorityIfNeeded refreshRate=0.0  package=ai.perplexity.app.android
10-15 17:12:50.087 E/RefreshRatePolicy( 1049): whxdebug WindowState preferredDisplayModeId=60.0  packageName=com.transsion.camera
10-15 17:12:50.087 V/WindowManager( 1049): updateFrameRateSelectionPriorityIfNeeded refreshRate=60.0  package=com.transsion.camera
10-15 17:12:50.087 V/WindowManager( 1049): updateFrameRateSelectionPriorityIfNeeded refreshRate=0.0  package=com.gallery20
10-15 17:12:50.087 V/WindowManager( 1049): updateFrameRateSelectionPriorityIfNeeded refreshRate=0.0  package=com.gallery20
10-15 17:12:50.087 V/WindowManager( 1049): updateFrameRateSelectionPriorityIfNeeded refreshRate=0.0  package=com.lenovo.anyshare.gps
10-15 17:12:50.087 V/WindowManager( 1049): updateFrameRateSelectionPriorityIfNeeded refreshRate=0.0  package=com.yandex.browser
10-15 17:12:50.087 V/WindowManager( 1049): updateFrameRateSelectionPriorityIfNeeded refreshRate=0.0  package=org.telegram.messenger
10-15 17:12:50.087 V/WindowManager( 1049): updateFrameRateSelectionPriorityIfNeeded refreshRate=0.0  package=com.v2raytun.android
10-15 17:12:50.087 V/WindowManager( 1049): updateFrameRateSelectionPriorityIfNeeded refreshRate=0.0  package=com.whatsapp
10-15 17:12:50.087 V/WindowManager( 1049): updateFrameRateSelectionPriorityIfNeeded refreshRate=0.0  package=com.whatsapp
10-15 17:12:50.087 V/WindowManager( 1049): updateFrameRateSelectionPriorityIfNeeded refreshRate=0.0  package=com.transsion.XOSLauncher.upgrade
10-15 17:12:50.087 V/WindowManager( 1049): updateFrameRateSelectionPriorityIfNeeded refreshRate=0.0  package=com.transsion.XOSLauncher.upgrade
10-15 17:12:50.087 V/WindowManager( 1049): updateFrameRateSelectionPriorityIfNeeded refreshRate=0.0  package=com.zhiliaoapp.musically
10-15 17:12:50.087 V/WindowManager( 1049): updateFrameRateSelectionPriorityIfNeeded refreshRate=0.0  package=com.android.systemui
10-15 17:12:50.087 V/WindowManager( 1049): updateFrameRateSelectionPriorityIfNeeded refreshRate=0.0  package=com.transsnet.store
10-15 17:12:50.087 V/WindowManager( 1049): updateFrameRateSelectionPriorityIfNeeded refreshRate=0.0  package=com.transsnet.store
10-15 17:12:50.087 V/WindowManager( 1049): updateFrameRateSelectionPriorityIfNeeded refreshRate=0.0  package=com.transsnet.store
10-15 17:12:50.088 V/WindowManager( 1049): updateFrameRateSelectionPriorityIfNeeded refreshRate=0.0  package=com.transsnet.store
10-15 17:12:50.088 V/WindowManager( 1049): updateFrameRateSelectionPriorityIfNeeded refreshRate=0.0  package=com.transsion.smartpanel
10-15 17:12:50.088 V/WindowManager( 1049): updateFrameRateSelectionPriorityIfNeeded refreshRate=0.0  package=ru.yandex.androidkeyboard
10-15 17:12:50.088 V/WindowManager( 1049): updateFrameRateSelectionPriorityIfNeeded refreshRate=0.0  package=com.android.systemui
10-15 17:12:50.088 V/WindowManager( 1049): updateFrameRateSelectionPriorityIfNeeded refreshRate=0.0  package=com.android.systemui
10-15 17:12:50.088 V/WindowManager( 1049): updateFrameRateSelectionPriorityIfNeeded refreshRate=0.0  package=com.android.systemui
10-15 17:12:50.088 V/WindowManager( 1049): updateFrameRateSelectionPriorityIfNeeded refreshRate=0.0  package=com.android.systemui
10-15 17:12:50.088 V/WindowManager( 1049): updateFrameRateSelectionPriorityIfNeeded refreshRate=0.0  package=com.android.systemui
10-15 17:12:50.088 V/WindowManager( 1049): updateFrameRateSelectionPriorityIfNeeded refreshRate=0.0  package=com.android.systemui
10-15 17:12:50.088 V/WindowManager( 1049): updateFrameRateSelectionPriorityIfNeeded refreshRate=0.0  package=com.android.systemui
10-15 17:12:50.089 I/Layer   (  681): name=1c768d1 com.zhiliaoapp.musically/com.ss.android.ugc.aweme.splash.SplashActivity, id=20899, visible=0, DrawingState.flags=0x101, paused=0, portal=-1, param=NOT_TOUCH_MODAL | KEEP_SCREEN_ON | LAYOUT_IN_SCREEN | LAYOUT_INSET_DECOR | SPLIT_TOUCH | HARDWARE_ACCELERATED | DRAWS_SYSTEM_BAR_BACKGROUNDS, feature=0x0
10-15 17:12:50.089 I/Layer   (  681): name=SurfaceView[com.zhiliaoapp.musically/com.ss.android.ugc.aweme.splash.SplashActivity](BLAST)#0, id=21001, visible=0, DrawingState.flags=0x102, paused=0, portal=-1, param=NOT_TOUCH_MODAL, feature=NO_INPUT_CHANNEL
10-15 17:12:50.089 I/Layer   (  681): name=SurfaceView[com.zhiliaoapp.musically/com.ss.android.ugc.aweme.splash.SplashActivity](BLAST)#0, id=20998, visible=0, DrawingState.flags=0x102, paused=0, portal=-1, param=NOT_TOUCH_MODAL, feature=NO_INPUT_CHANNEL
10-15 17:12:50.089 I/Layer   (  681): name=SurfaceView[com.zhiliaoapp.musically/com.ss.android.ugc.aweme.splash.SplashActivity](BLAST)#0, id=20995, visible=0, DrawingState.flags=0x102, paused=0, portal=-1, param=NOT_TOUCH_MODAL, feature=NO_INPUT_CHANNEL
10-15 17:12:50.089 V/WindowManager( 1049): updateFrameRateSelectionPriorityIfNeeded refreshRate=0.0  package=com.android.systemui
10-15 17:12:50.090 V/WindowManager( 1049): updateFrameRateSelectionPriorityIfNeeded refreshRate=0.0  package=com.whatsapp.w4b
10-15 17:12:50.090 V/WindowManager( 1049): updateFrameRateSelectionPriorityIfNeeded refreshRate=0.0  package=com.whatsapp.w4b
10-15 17:12:50.090 V/WindowManager( 1049): updateFrameRateSelectionPriorityIfNeeded refreshRate=0.0  package=ai.perplexity.app.android
10-15 17:12:50.090 E/RefreshRatePolicy( 1049): whxdebug WindowState preferredDisplayModeId=60.0  packageName=com.transsion.camera
10-15 17:12:50.090 V/WindowManager( 1049): updateFrameRateSelectionPriorityIfNeeded refreshRate=60.0  package=com.transsion.camera
10-15 17:12:50.090 V/WindowManager( 1049): updateFrameRateSelectionPriorityIfNeeded refreshRate=0.0  package=com.gallery20
10-15 17:12:50.090 V/WindowManager( 1049): updateFrameRateSelectionPriorityIfNeeded refreshRate=0.0  package=com.gallery20
10-15 17:12:50.090 V/WindowManager( 1049): updateFrameRateSelectionPriorityIfNeeded refreshRate=0.0  package=com.lenovo.anyshare.gps
10-15 17:12:50.090 V/WindowManager( 1049): updateFrameRateSelectionPriorityIfNeeded refreshRate=0.0  package=com.yandex.browser
10-15 17:12:50.090 V/WindowManager( 1049): updateFrameRateSelectionPriorityIfNeeded refreshRate=0.0  package=org.telegram.messenger
10-15 17:12:50.090 V/WindowManager( 1049): updateFrameRateSelectionPriorityIfNeeded refreshRate=0.0  package=com.v2raytun.android
10-15 17:12:50.090 V/WindowManager( 1049): updateFrameRateSelectionPriorityIfNeeded refreshRate=0.0  package=com.whatsapp
10-15 17:12:50.090 V/WindowManager( 1049): updateFrameRateSelectionPriorityIfNeeded refreshRate=0.0  package=com.whatsapp
10-15 17:12:50.090 V/WindowManager( 1049): updateFrameRateSelectionPriorityIfNeeded refreshRate=0.0  package=com.transsion.XOSLauncher.upgrade
10-15 17:12:50.090 V/WindowManager( 1049): updateFrameRateSelectionPriorityIfNeeded refreshRate=0.0  package=com.transsion.XOSLauncher.upgrade
10-15 17:12:50.090 V/WindowManager( 1049): updateFrameRateSelectionPriorityIfNeeded refreshRate=0.0  package=com.zhiliaoapp.musically
10-15 17:12:50.090 V/WindowManager( 1049): updateFrameRateSelectionPriorityIfNeeded refreshRate=0.0  package=com.android.systemui
10-15 17:12:50.090 V/WindowManager( 1049): updateFrameRateSelectionPriorityIfNeeded refreshRate=0.0  package=com.transsnet.store
10-15 17:12:50.090 V/WindowManager( 1049): updateFrameRateSelectionPriorityIfNeeded refreshRate=0.0  package=com.transsnet.store
10-15 17:12:50.090 V/WindowManager( 1049): updateFrameRateSelectionPriorityIfNeeded refreshRate=0.0  package=com.transsnet.store
10-15 17:12:50.090 V/WindowManager( 1049): updateFrameRateSelectionPriorityIfNeeded refreshRate=0.0  package=com.transsnet.store
10-15 17:12:50.090 V/WindowManager( 1049): updateFrameRateSelectionPriorityIfNeeded refreshRate=0.0  package=com.transsion.smartpanel
10-15 17:12:50.090 V/WindowManager( 1049): updateFrameRateSelectionPriorityIfNeeded refreshRate=0.0  package=ru.yandex.androidkeyboard
10-15 17:12:50.090 V/WindowManager( 1049): updateFrameRateSelectionPriorityIfNeeded refreshRate=0.0  package=com.android.systemui
10-15 17:12:50.090 V/WindowManager( 1049): updateFrameRateSelectionPriorityIfNeeded refreshRate=0.0  package=com.android.systemui
10-15 17:12:50.090 V/WindowManager( 1049): updateFrameRateSelectionPriorityIfNeeded refreshRate=0.0  package=com.android.systemui
10-15 17:12:50.090 V/WindowManager( 1049): updateFrameRateSelectionPriorityIfNeeded refreshRate=0.0  package=com.android.systemui
10-15 17:12:50.090 V/WindowManager( 1049): updateFrameRateSelectionPriorityIfNeeded refreshRate=0.0  package=com.android.systemui
10-15 17:12:50.090 V/WindowManager( 1049): updateFrameRateSelectionPriorityIfNeeded refreshRate=0.0  package=com.android.systemui
10-15 17:12:50.090 V/WindowManager( 1049): updateFrameRateSelectionPriorityIfNeeded refreshRate=0.0  package=com.android.systemui
10-15 17:12:50.096 I/gralloc4(  617): allocate: id=269000071b9, hal_format=RGBA8888, mali_format=RGBA8888, afbc=SPLIT, usage=GPU_RW|HWC|BACKBUF, size=720x1612(4727808), stride=720, name=ViewRootImpl[SplashActivity]#331(BLAST Consumer)331
10-15 17:12:50.096 I/gralloc4(11871): register: id=269000071b9, vaddr=0x78b3615000
10-15 17:12:50.097 V/WindowManager( 1049): updateFrameRateSelectionPriorityIfNeeded refreshRate=0.0  package=com.android.systemui
10-15 17:12:50.097 V/WindowManager( 1049): updateFrameRateSelectionPriorityIfNeeded refreshRate=0.0  package=com.whatsapp.w4b
10-15 17:12:50.097 V/WindowManager( 1049): updateFrameRateSelectionPriorityIfNeeded refreshRate=0.0  package=com.whatsapp.w4b
10-15 17:12:50.097 V/WindowManager( 1049): updateFrameRateSelectionPriorityIfNeeded refreshRate=0.0  package=ai.perplexity.app.android
10-15 17:12:50.097 E/RefreshRatePolicy( 1049): whxdebug WindowState preferredDisplayModeId=60.0  packageName=com.transsion.camera
10-15 17:12:50.097 V/WindowManager( 1049): updateFrameRateSelectionPriorityIfNeeded refreshRate=60.0  package=com.transsion.camera
10-15 17:12:50.097 V/WindowManager( 1049): updateFrameRateSelectionPriorityIfNeeded refreshRate=0.0  package=com.gallery20
10-15 17:12:50.097 V/WindowManager( 1049): updateFrameRateSelectionPriorityIfNeeded refreshRate=0.0  package=com.gallery20
10-15 17:12:50.097 V/WindowManager( 1049): updateFrameRateSelectionPriorityIfNeeded refreshRate=0.0  package=com.lenovo.anyshare.gps
10-15 17:12:50.097 V/WindowManager( 1049): updateFrameRateSelectionPriorityIfNeeded refreshRate=0.0  package=com.yandex.browser
10-15 17:12:50.097 V/WindowManager( 1049): updateFrameRateSelectionPriorityIfNeeded refreshRate=0.0  package=org.telegram.messenger
10-15 17:12:50.097 V/WindowManager( 1049): updateFrameRateSelectionPriorityIfNeeded refreshRate=0.0  package=com.v2raytun.android
10-15 17:12:50.097 V/WindowManager( 1049): updateFrameRateSelectionPriorityIfNeeded refreshRate=0.0  package=com.whatsapp
10-15 17:12:50.097 V/WindowManager( 1049): updateFrameRateSelectionPriorityIfNeeded refreshRate=0.0  package=com.whatsapp
10-15 17:12:50.097 V/WindowManager( 1049): updateFrameRateSelectionPriorityIfNeeded refreshRate=0.0  package=com.transsion.XOSLauncher.upgrade
10-15 17:12:50.097 V/WindowManager( 1049): updateFrameRateSelectionPriorityIfNeeded refreshRate=0.0  package=com.transsion.XOSLauncher.upgrade
10-15 17:12:50.097 V/WindowManager( 1049): updateFrameRateSelectionPriorityIfNeeded refreshRate=0.0  package=com.zhiliaoapp.musically
10-15 17:12:50.097 V/WindowManager( 1049): updateFrameRateSelectionPriorityIfNeeded refreshRate=0.0  package=com.android.systemui
10-15 17:12:50.097 V/WindowManager( 1049): updateFrameRateSelectionPriorityIfNeeded refreshRate=0.0  package=com.transsnet.store
10-15 17:12:50.097 V/WindowManager( 1049): updateFrameRateSelectionPriorityIfNeeded refreshRate=0.0  package=com.transsnet.store
10-15 17:12:50.097 V/WindowManager( 1049): updateFrameRateSelectionPriorityIfNeeded refreshRate=0.0  package=com.transsnet.store
10-15 17:12:50.097 V/WindowManager( 1049): updateFrameRateSelectionPriorityIfNeeded refreshRate=0.0  package=com.transsnet.store
10-15 17:12:50.097 V/WindowManager( 1049): updateFrameRateSelectionPriorityIfNeeded refreshRate=0.0  package=com.transsion.smartpanel
10-15 17:12:50.097 V/WindowManager( 1049): updateFrameRateSelectionPriorityIfNeeded refreshRate=0.0  package=ru.yandex.androidkeyboard
10-15 17:12:50.097 V/WindowManager( 1049): updateFrameRateSelectionPriorityIfNeeded refreshRate=0.0  package=com.android.systemui
10-15 17:12:50.097 V/WindowManager( 1049): updateFrameRateSelectionPriorityIfNeeded refreshRate=0.0  package=com.android.systemui
10-15 17:12:50.097 V/WindowManager( 1049): updateFrameRateSelectionPriorityIfNeeded refreshRate=0.0  package=com.android.systemui
10-15 17:12:50.097 V/WindowManager( 1049): updateFrameRateSelectionPriorityIfNeeded refreshRate=0.0  package=com.android.systemui
10-15 17:12:50.097 V/WindowManager( 1049): updateFrameRateSelectionPriorityIfNeeded refreshRate=0.0  package=com.android.systemui
10-15 17:12:50.097 V/WindowManager( 1049): updateFrameRateSelectionPriorityIfNeeded refreshRate=0.0  package=com.android.systemui
10-15 17:12:50.097 V/WindowManager( 1049): updateFrameRateSelectionPriorityIfNeeded refreshRate=0.0  package=com.android.systemui
10-15 17:12:50.099 D/BoundBrokerSvc(12973): onBind: Intent { act=com.google.android.gms.measurement.START pkg=com.google.android.gms }
10-15 17:12:50.099 D/BoundBrokerSvc(12973): Loading bound service for intent: Intent { act=com.google.android.gms.measurement.START pkg=com.google.android.gms }
10-15 17:12:50.102 I/gralloc4(  681): register: id=269000071b9, vaddr=0x7034f03000
10-15 17:12:50.102 D/Game_Utils( 3212): getWindowingModeByTask mode : 1
10-15 17:12:50.104 I/Layer   (  681): name=1c768d1 com.zhiliaoapp.musically/com.ss.android.ugc.aweme.splash.SplashActivity, id=20899, visible=1, DrawingState.flags=0x100, paused=0, portal=-1, param=NOT_TOUCH_MODAL | KEEP_SCREEN_ON | LAYOUT_IN_SCREEN | LAYOUT_INSET_DECOR | SPLIT_TOUCH | HARDWARE_ACCELERATED | DRAWS_SYSTEM_BAR_BACKGROUNDS, feature=0x0
10-15 17:12:50.104 I/Layer   (  681): name=SurfaceView[com.zhiliaoapp.musically/com.ss.android.ugc.aweme.splash.SplashActivity](BLAST)#0, id=21001, visible=1, DrawingState.flags=0x102, paused=0, portal=-1, param=NOT_TOUCH_MODAL, feature=NO_INPUT_CHANNEL
10-15 17:12:50.104 I/System.out(11871): SAFActivity: onResume Start
10-15 17:12:50.104 I/Layer   (  681): name=SurfaceView[com.zhiliaoapp.musically/com.ss.android.ugc.aweme.splash.SplashActivity](BLAST)#0, id=20998, visible=1, DrawingState.flags=0x102, paused=0, portal=-1, param=NOT_TOUCH_MODAL, feature=NO_INPUT_CHANNEL
10-15 17:12:50.104 I/Layer   (  681): name=SurfaceView[com.zhiliaoapp.musically/com.ss.android.ugc.aweme.splash.SplashActivity](BLAST)#0, id=20995, visible=1, DrawingState.flags=0x102, paused=0, portal=-1, param=NOT_TOUCH_MODAL, feature=NO_INPUT_CHANNEL
10-15 17:12:50.105 V/WindowManager( 1049): updateFrameRateSelectionPriorityIfNeeded refreshRate=0.0  package=com.android.systemui
10-15 17:12:50.105 V/WindowManager( 1049): updateFrameRateSelectionPriorityIfNeeded refreshRate=0.0  package=com.whatsapp.w4b
10-15 17:12:50.105 V/WindowManager( 1049): updateFrameRateSelectionPriorityIfNeeded refreshRate=0.0  package=com.whatsapp.w4b
10-15 17:12:50.105 V/WindowManager( 1049): updateFrameRateSelectionPriorityIfNeeded refreshRate=0.0  package=ai.perplexity.app.android
10-15 17:12:50.105 E/RefreshRatePolicy( 1049): whxdebug WindowState preferredDisplayModeId=60.0  packageName=com.transsion.camera
10-15 17:12:50.105 V/WindowManager( 1049): updateFrameRateSelectionPriorityIfNeeded refreshRate=60.0  package=com.transsion.camera
10-15 17:12:50.105 V/WindowManager( 1049): updateFrameRateSelectionPriorityIfNeeded refreshRate=0.0  package=com.gallery20
10-15 17:12:50.105 V/WindowManager( 1049): updateFrameRateSelectionPriorityIfNeeded refreshRate=0.0  package=com.gallery20
10-15 17:12:50.105 V/WindowManager( 1049): updateFrameRateSelectionPriorityIfNeeded refreshRate=0.0  package=com.lenovo.anyshare.gps
10-15 17:12:50.105 V/WindowManager( 1049): updateFrameRateSelectionPriorityIfNeeded refreshRate=0.0  package=com.yandex.browser
10-15 17:12:50.105 V/WindowManager( 1049): updateFrameRateSelectionPriorityIfNeeded refreshRate=0.0  package=org.telegram.messenger
10-15 17:12:50.105 V/WindowManager( 1049): updateFrameRateSelectionPriorityIfNeeded refreshRate=0.0  package=com.v2raytun.android
10-15 17:12:50.105 V/WindowManager( 1049): updateFrameRateSelectionPriorityIfNeeded refreshRate=0.0  package=com.whatsapp
10-15 17:12:50.105 V/WindowManager( 1049): updateFrameRateSelectionPriorityIfNeeded refreshRate=0.0  package=com.whatsapp
10-15 17:12:50.105 V/WindowManager( 1049): updateFrameRateSelectionPriorityIfNeeded refreshRate=0.0  package=com.transsion.XOSLauncher.upgrade
10-15 17:12:50.105 V/WindowManager( 1049): updateFrameRateSelectionPriorityIfNeeded refreshRate=0.0  package=com.transsion.XOSLauncher.upgrade
10-15 17:12:50.105 V/WindowManager( 1049): updateFrameRateSelectionPriorityIfNeeded refreshRate=0.0  package=com.zhiliaoapp.musically
10-15 17:12:50.105 V/WindowManager( 1049): updateFrameRateSelectionPriorityIfNeeded refreshRate=0.0  package=com.android.systemui
10-15 17:12:50.105 V/WindowManager( 1049): updateFrameRateSelectionPriorityIfNeeded refreshRate=0.0  package=com.transsnet.store
10-15 17:12:50.105 V/WindowManager( 1049): updateFrameRateSelectionPriorityIfNeeded refreshRate=0.0  package=com.transsnet.store
10-15 17:12:50.105 V/WindowManager( 1049): updateFrameRateSelectionPriorityIfNeeded refreshRate=0.0  package=com.transsnet.store
10-15 17:12:50.105 V/WindowManager( 1049): updateFrameRateSelectionPriorityIfNeeded refreshRate=0.0  package=com.transsnet.store
10-15 17:12:50.105 V/WindowManager( 1049): updateFrameRateSelectionPriorityIfNeeded refreshRate=0.0  package=com.transsion.smartpanel
10-15 17:12:50.105 V/WindowManager( 1049): updateFrameRateSelectionPriorityIfNeeded refreshRate=0.0  package=ru.yandex.androidkeyboard
10-15 17:12:50.105 V/WindowManager( 1049): updateFrameRateSelectionPriorityIfNeeded refreshRate=0.0  package=com.android.systemui
10-15 17:12:50.105 V/WindowManager( 1049): updateFrameRateSelectionPriorityIfNeeded refreshRate=0.0  package=com.android.systemui
10-15 17:12:50.105 V/WindowManager( 1049): updateFrameRateSelectionPriorityIfNeeded refreshRate=0.0  package=com.android.systemui
10-15 17:12:50.105 V/WindowManager( 1049): updateFrameRateSelectionPriorityIfNeeded refreshRate=0.0  package=com.android.systemui
10-15 17:12:50.105 V/WindowManager( 1049): updateFrameRateSelectionPriorityIfNeeded refreshRate=0.0  package=com.android.systemui
10-15 17:12:50.105 V/WindowManager( 1049): updateFrameRateSelectionPriorityIfNeeded refreshRate=0.0  package=com.android.systemui
10-15 17:12:50.105 V/WindowManager( 1049): updateFrameRateSelectionPriorityIfNeeded refreshRate=0.0  package=com.android.systemui
10-15 17:12:50.107 W/AudioManager(11871): Use of stream types is deprecated for operations other than volume control
10-15 17:12:50.107 W/AudioManager(11871): See the documentation of requestAudioFocus() for what to use instead with android.media.AudioAttributes to qualify your playback use case
10-15 17:12:50.107 I/gralloc4(  618): register: id=269000071a1, vaddr=0x76df600000
10-15 17:12:50.108 I/MediaFocusControl( 1049): requestAudioFocus() from uid/pid 10316/11871 AA=USAGE_MEDIA/CONTENT_TYPE_MUSIC clientId=android.media.AudioManager@2ae753bX.BSo@2a21458 callingPack=com.zhiliaoapp.musically req=2 flags=0x0 sdk=34
10-15 17:12:50.110 D/Game_Utils( 3212): isTheMainScreen, displayId: 0  classname = com.ss.android.ugc.aweme.main.MainActivity
10-15 17:12:50.111 I/System.out(11871): SceneSafeLifecycleDispatcher: onResumed Start
