10-15 16:13:55.412 D/PackageManager( 1049): PMS setEnabledSetting: packageName = com.lenovo.anyshare.gps, className = spg.erahsyna.ovonel.moc.comps.Tierahs2Service, newState = 1, flags = 1, userId = 0, callingPackage = null, callingUid = 10323, allowedByPermission = false
10-15 16:13:55.520 D/enhanceHAL(  652): slpSetBrightness: ambient = 6
10-15 16:13:55.682 D/enhanceHAL(  652): slpSetBrightness: ambient = 6
10-15 16:13:55.844 D/enhanceHAL(  652): slpSetBrightness: ambient = 6
10-15 16:13:55.962 D/CompatibilityChangeReporter( 1049): Compat change id reported: 319212206; UID 10323; state: DISABLED
10-15 16:13:55.965 D/LowMemPhoneManager(29402): SysCaps.getTotalMem() :7795, isLowest_MemPhone:false
10-15 16:13:55.965 D/LowMemPhoneManager(29402): SysCaps.getTotalMem() :7795, isLower_MemPhone:false
10-15 16:13:55.967 D/ConnectivityService( 1049): NetReassign [no changes] [c 1] [a 1] [i 2]
10-15 16:13:55.974 D/AppOps  ( 1049): PNForegroundeval-evalMode-op:1 ,mode: 4 ,capability: 0
10-15 16:13:55.974 D/AppOps  ( 1049): noteOperation: uid reject #1 for code 1 (1) uid 10323 package com.lenovo.anyshare.gps flags: s
10-15 16:13:55.974 D/AppOps  ( 1049): PNForegroundeval-evalMode-op:1 ,mode: 4 ,capability: 0
10-15 16:13:55.974 D/AppOps  ( 1049): noteOperation: uid reject #1 for code 1 (1) uid 10323 package com.lenovo.anyshare.gps flags: s
10-15 16:13:55.975 D/AppOps  ( 1049): PNForegroundeval-evalMode-op:1 ,mode: 4 ,capability: 0
10-15 16:13:55.975 D/AppOps  ( 1049): noteOperation: uid reject #1 for code 1 (1) uid 10323 package com.lenovo.anyshare.gps flags: s
10-15 16:13:55.975 D/AppOps  ( 1049): PNForegroundeval-evalMode-op:1 ,mode: 4 ,capability: 0
10-15 16:13:55.975 D/AppOps  ( 1049): noteOperation: uid reject #1 for code 1 (1) uid 10323 package com.lenovo.anyshare.gps flags: s
10-15 16:13:55.976 W/System.err(29402): java.lang.NumberFormatException: For input string: "62,0"
10-15 16:13:55.976 W/System.err(29402): 	at jdk.internal.math.FloatingDecimal.readJavaFormatString(FloatingDecimal.java:2054)
10-15 16:13:55.976 W/System.err(29402): 	at jdk.internal.math.FloatingDecimal.parseDouble(FloatingDecimal.java:110)
10-15 16:13:55.977 W/System.err(29402): 	at java.lang.Double.parseDouble(Double.java:662)
10-15 16:13:55.977 W/System.err(29402): 	at si.z41.j(Unknown Source:96)
10-15 16:13:55.977 W/System.err(29402): 	at si.z41.e(Unknown Source:103)
10-15 16:13:55.977 W/System.err(29402): 	at si.mwa.f(Unknown Source:4)
10-15 16:13:55.977 W/System.err(29402): 	at si.l7h.l(Unknown Source:139)
10-15 16:13:55.977 W/System.err(29402): 	at si.xud.l(Unknown Source:35)
10-15 16:13:55.977 W/System.err(29402): 	at com.ushareit.worker.category.HighPriorityWork.c(Unknown Source:15)
10-15 16:13:55.977 W/System.err(29402): 	at com.ushareit.worker.category.HighPriorityWork.doWork(Unknown Source:43)
10-15 16:13:55.977 W/System.err(29402): 	at si.iwi$a.run(Unknown Source:2)
10-15 16:13:55.977 W/System.err(29402): 	at java.util.concurrent.Executors$RunnableAdapter.call(Executors.java:524)
10-15 16:13:55.977 W/System.err(29402): 	at java.util.concurrent.FutureTask.run(FutureTask.java:317)
10-15 16:13:55.977 W/System.err(29402): 	at java.util.concurrent.ScheduledThreadPoolExecutor$ScheduledFutureTask.run(ScheduledThreadPoolExecutor.java:348)
10-15 16:13:55.977 W/System.err(29402): 	at java.util.concurrent.ThreadPoolExecutor.runWorker(ThreadPoolExecutor.java:1156)
10-15 16:13:55.977 W/System.err(29402): 	at java.util.concurrent.ThreadPoolExecutor$Worker.run(ThreadPoolExecutor.java:651)
10-15 16:13:55.977 W/System.err(29402): 	at java.lang.Thread.run(Thread.java:1119)
10-15 16:13:55.979 I/WifiService( 1049): getConnectionInfo uid=10323
10-15 16:13:55.979 V/WifiPermissionsWrapper( 1049): getUidPermission(android.permission.LOCAL_MAC_ADDRESS, 10323): false
10-15 16:13:55.979 V/WifiPermissionsWrapper( 1049): getUidPermission(android.permission.NETWORK_SETTINGS, 10323): false
10-15 16:13:55.979 V/WifiService( 1049): Clearing REDACT_FOR_ACCESS_FINE_LOCATION for com.lenovo.anyshare.gps(uid=10323)
10-15 16:13:55.979 V/WifiPermissionsWrapper( 1049): getUidPermission(android.permission.NETWORK_SETTINGS, 10323): false
10-15 16:13:55.979 V/WifiPermissionsWrapper( 1049): getUidPermission(android.permission.NETWORK_SETUP_WIZARD, 10323): false
10-15 16:13:55.980 V/WifiPermissionsWrapper( 1049): getUidPermission(android.permission.NETWORK_MANAGED_PROVISIONING, 10323): false
10-15 16:13:55.980 V/WifiPermissionsWrapper( 1049): getUidPermission(android.permission.NETWORK_STACK, 10323): false
10-15 16:13:55.980 V/WifiPermissionsWrapper( 1049): getUidPermission(android.permission.MAINLINE_NETWORK_STACK, 10323): false
10-15 16:13:55.980 V/WifiPermissionsWrapper( 1049): getUidPermission(android.permission.RADIO_SCAN_WITHOUT_LOCATION, 10323): false
10-15 16:13:55.980 V/WifiPermissionsWrapper( 1049): getUidPermission(android.permission.PEERS_MAC_ADDRESS, 10323): false
10-15 16:13:55.980 V/WifiPermissionsWrapper( 1049): getUidPermission(android.permission.ACCESS_FINE_LOCATION, 10323): true
10-15 16:13:55.980 D/AppOps  ( 1049): PNForegroundeval-evalMode-op:1 ,mode: 4 ,capability: 0
10-15 16:13:55.980 D/AppOps  ( 1049): noteOperation: uid reject #1 for code 1 (1) uid 10323 package com.lenovo.anyshare.gps flags: s
10-15 16:13:55.980 V/WifiPermissionsUtil( 1049): checkCallersLocationPermission(com.lenovo.anyshare.gps): returning false for 10323: coarseForTargetSdkLessThanQ=true, isTargetSdkLessThanQ=false
10-15 16:13:55.980 V/WifiPermissionsUtil( 1049): enforceCanAccessScanResults(pkg=com.lenovo.anyshare.gps, uid=10323): canCallingUidAccessLocation=false, canAppPackageUseLocation=false
10-15 16:13:55.980 V/WifiService( 1049): Keeping REDACT_FOR_ACCESS_FINE_LOCATION:java.lang.SecurityException: UID 10323 has no location permission
10-15 16:13:55.995 D/BroadcastQueue( 1049): Add broadcast <BroadcastRecord{ff5b948 u-1 android.net.conn.CONNECTIVITY_CHANGE}> into [parallel | background], pending size 0
10-15 16:13:55.995 D/BroadcastQueue( 1049): Done with parallel broadcast [background] [BroadcastRecord{ff5b948 u-1 android.net.conn.CONNECTIVITY_CHANGE}]
10-15 16:13:56.001 D/LowMemPhoneManager(29402): SysCaps.getTotalMem() :7795, isLower_MemPhone:false
10-15 16:13:56.001 D/LowMemPhoneManager(29402): SysCaps.getTotalMem() :7795, isLowest_MemPhone:false
10-15 16:13:56.001 D/LowMemPhoneManager(29402): shouldForbidFunc ,  mDiffFunAb :low_all, shouldDiffByType:true, funcType:MEDIA_DB_CUS
10-15 16:13:56.001 D/LowMemPhoneManager(29402): SysCaps.getTotalMem() :7795, isLowest_MemPhone:false
10-15 16:13:56.001 D/LowMemPhoneManager(29402): SysCaps.getTotalMem() :7795, isLower_MemPhone:false
10-15 16:13:56.001 D/LowMemPhoneManager(29402): shouldForbidFunc ,  LowMemPhoneDiffFuncManager.AB_LOW_ALL  , result:false, funcType:MEDIA_DB_CUS
10-15 16:13:56.005 I/PlayCore(29402): UID: [10323]  PID: [29402] AppUpdateService : requestUpdateInfo(com.lenovo.anyshare.gps)
10-15 16:13:56.006 I/PlayCore(29402): UID: [10323]  PID: [29402] AppUpdateService : Initiate binding to the service.
10-15 16:13:56.006 D/enhanceHAL(  652): slpSetBrightness: ambient = 6
10-15 16:13:56.006 D/LowMemPhoneManager(29402): SysCaps.getTotalMem() :7795, isLower_MemPhone:false
10-15 16:13:56.006 D/LowMemPhoneManager(29402): SysCaps.getTotalMem() :7795, isLowest_MemPhone:false
10-15 16:13:56.006 D/LowMemPhoneManager(29402): shouldForbidFunc ,  mDiffFunAb :low_all, shouldDiffByType:true, funcType:RATE_INAPP
10-15 16:13:56.006 D/LowMemPhoneManager(29402): SysCaps.getTotalMem() :7795, isLowest_MemPhone:false
10-15 16:13:56.006 D/LowMemPhoneManager(29402): SysCaps.getTotalMem() :7795, isLower_MemPhone:false
10-15 16:13:56.006 D/LowMemPhoneManager(29402): shouldForbidFunc ,  LowMemPhoneDiffFuncManager.AB_LOW_ALL  , result:false, funcType:RATE_INAPP
10-15 16:13:56.009 I/PlayCore(29402): UID: [10323]  PID: [29402] SplitInstallListenerRegistry : registerListener
10-15 16:13:56.010 I/PlayCore(29402): UID: [10323]  PID: [29402] SplitInstallListenerRegistry : registerListener
10-15 16:13:56.011 I/PlayCore(29402): UID: [10323]  PID: [29402] SplitInstallListenerRegistry : registerListener
10-15 16:13:56.018 D/LowMemPhoneManager(29402): SysCaps.getTotalMem() :7795, isLower_MemPhone:false
10-15 16:13:56.018 D/LowMemPhoneManager(29402): SysCaps.getTotalMem() :7795, isLowest_MemPhone:false
10-15 16:13:56.018 D/LowMemPhoneManager(29402): shouldForbidFunc ,  mDiffFunAb :low_all, shouldDiffByType:true, funcType:MEDIA_DB_CUS
10-15 16:13:56.018 D/LowMemPhoneManager(29402): SysCaps.getTotalMem() :7795, isLowest_MemPhone:false
10-15 16:13:56.018 D/LowMemPhoneManager(29402): SysCaps.getTotalMem() :7795, isLower_MemPhone:false
10-15 16:13:56.018 D/LowMemPhoneManager(29402): shouldForbidFunc ,  LowMemPhoneDiffFuncManager.AB_LOW_ALL  , result:false, funcType:MEDIA_DB_CUS
10-15 16:13:56.021 W/vo.anyshare.gp(29402): Unable to resolve Lsi/xb0; annotation class 8620
10-15 16:13:56.023 W/vo.anyshare.gp(29402): Unable to resolve Lsi/fe0; annotation class 8620
10-15 16:13:56.025 D/LowMemPhoneManager(29402): SysCaps.getTotalMem() :7795, isLower_MemPhone:false
10-15 16:13:56.025 D/LowMemPhoneManager(29402): SysCaps.getTotalMem() :7795, isLowest_MemPhone:false
10-15 16:13:56.025 D/LowMemPhoneManager(29402): shouldForbidFunc ,  mDiffFunAb :low_all, shouldDiffByType:true, funcType:NETWORK_DETECTOR
10-15 16:13:56.025 D/LowMemPhoneManager(29402): SysCaps.getTotalMem() :7795, isLowest_MemPhone:false
10-15 16:13:56.026 D/LowMemPhoneManager(29402): SysCaps.getTotalMem() :7795, isLower_MemPhone:false
10-15 16:13:56.026 D/LowMemPhoneManager(29402): shouldForbidFunc ,  LowMemPhoneDiffFuncManager.AB_LOW_ALL  , result:false, funcType:NETWORK_DETECTOR
10-15 16:13:56.029 W/AS.BTAssist(29402): 16:13:56.029[122] restore user bt config failed no permission
10-15 16:13:56.034 I/PlayCore(29402): UID: [10323]  PID: [29402] AppUpdateService : ServiceConnectionImpl.onServiceConnected(ComponentInfo{com.android.vending/com.google.android.finsky.installservice.DevTriggeredUpdateService})
10-15 16:13:56.035 I/PlayCore(29402): UID: [10323]  PID: [29402] AppUpdateService : linkToDeath
10-15 16:13:56.069 D/LowMemPhoneManager(29402): SysCaps.getTotalMem() :7795, isLower_MemPhone:false
10-15 16:13:56.069 D/LowMemPhoneManager(29402): SysCaps.getTotalMem() :7795, isLowest_MemPhone:false
10-15 16:13:56.069 D/LowMemPhoneManager(29402): shouldForbidFunc ,  mDiffFunAb :low_all, shouldDiffByType:true, funcType:MEDIA_DB_CUS
10-15 16:13:56.069 D/LowMemPhoneManager(29402): SysCaps.getTotalMem() :7795, isLowest_MemPhone:false
10-15 16:13:56.070 D/LowMemPhoneManager(29402): SysCaps.getTotalMem() :7795, isLower_MemPhone:false
10-15 16:13:56.070 D/LowMemPhoneManager(29402): shouldForbidFunc ,  LowMemPhoneDiffFuncManager.AB_LOW_ALL  , result:false, funcType:MEDIA_DB_CUS
10-15 16:13:56.076 E/CrashFixLancet(29402): androidx.room.RoomDatabase#beginTransaction
10-15 16:13:56.077 E/CrashFixLancet(29402): androidx.room.RoomDatabase#assertNotSuspendingTransaction
10-15 16:13:56.077 E/CrashFixLancet(29402): androidx.room.RoomDatabase#assertNotSuspendingTransaction
10-15 16:13:56.078 E/CrashFixLancet(29402): androidx.room.RoomDatabase#endTransaction
10-15 16:13:56.079 E/CrashFixLancet(29402): androidx.room.RoomDatabase#beginTransaction
10-15 16:13:56.079 E/CrashFixLancet(29402): androidx.room.RoomDatabase#assertNotSuspendingTransaction
10-15 16:13:56.079 E/CrashFixLancet(29402): androidx.room.RoomDatabase#assertNotSuspendingTransaction
10-15 16:13:56.080 E/CrashFixLancet(29402): androidx.room.RoomDatabase#assertNotSuspendingTransaction
10-15 16:13:56.080 E/CrashFixLancet(29402): androidx.room.RoomDatabase#assertNotSuspendingTransaction
10-15 16:13:56.081 E/CrashFixLancet(29402): androidx.room.RoomDatabase#endTransaction
10-15 16:13:56.082 E/CrashFixLancet(29402): androidx.room.RoomDatabase#query
10-15 16:13:56.082 E/CrashFixLancet(29402): androidx.room.RoomDatabase#assertNotSuspendingTransaction
10-15 16:13:56.168 D/enhanceHAL(  652): slpSetBrightness: ambient = 6
10-15 16:13:56.175 V/ClearcutMetricXmitter(29352): Transmission is done.
10-15 16:13:56.229 V/ClearcutMetricXmitter(29352): Transmission is done.
10-15 16:13:56.243 I/GoLog   (17155): from tcp:127.0.0.1:59238 accepted tcp:142.250.184.206:443 [socks >> proxy]
10-15 16:13:56.302 D/WifiClientModeImpl[wlan0]( 1049): updateLinkLayerStatsRssiSpeedFrequencyCapabilities rssi=-56 TxLinkspeed=121 freq=2457 RxLinkSpeed=81
10-15 16:13:56.305 D/WifiDataStall( 1049): tx tput in kbps: 40837
10-15 16:13:56.305 D/WifiDataStall( 1049): rx tput in kbps: 74250
10-15 16:13:56.305 V/WifiConfigManager( 1049): Updating scan detail cache freq=2457 BSSID=08:c6:b3:33:47:f0 RSSI=-55 for "TTK_2"WPA_PSK
10-15 16:13:56.307 D/WifiScoreCard( 1049): BSSID update SIGNAL_POLL ID: 114962201 SSID: "TTK_2", BSSID: 08:c6:b3:33:47:f0, MAC: 0e:1c:23:ee:bc:f0, Security type: 2, Supplicant state: COMPLETED, Wi-Fi standard: 4, RSSI: -56, Link speed: 121Mbps, Tx Link speed: 121Mbps, Max Supported Tx Link speed: 150Mbps, Rx Link speed: 81Mbps, Max Supported Rx Link speed: 150Mbps, Frequency: 2457MHz, Net ID: 42, Metered hint: false, score: 60, CarrierMerged: false, SubscriptionId: -1, IsPrimary: 1
10-15 16:13:56.308 D/WifiScoreCard( 1049): txRate: 0 txSpeed: 121
10-15 16:13:56.308 D/WifiScoreCard( 1049): network update SIGNAL_POLL "TTK_2" ID: 1048233252 RSSI -56 txSpeed -1
10-15 16:13:56.310 D/BroadcastQueue( 1049): Add broadcast <BroadcastRecord{cbeb2d5 u-1 android.net.wifi.RSSI_CHANGED}> into [parallel | background], pending size 0
10-15 16:13:56.311 V/WifiManager( 1381): TrafficStateCallbackProxy: onStateChanged state=0
10-15 16:13:56.311 D/WifiClientModeImpl[wlan0]( 1049):  L2ConnectedState screen=on 134 0 "TTK_2" 08:c6:b3:33:47:f0 rssi=-56 f=2457 sc=60 link=121 tx=0,0, 0,0, 0,0  rx=0,0 bcn=30 [on:3108 tx:14 rx:58 period:3012] from screen [on:1586075 period:689053] score=60
10-15 16:13:56.311 D/BroadcastQueue( 1049): Done with parallel broadcast [background] [BroadcastRecord{cbeb2d5 u-1 android.net.wifi.RSSI_CHANGED}]
10-15 16:13:56.331 D/enhanceHAL(  652): slpSetBrightness: ambient = 6
10-15 16:13:56.493 D/enhanceHAL(  652): slpSetBrightness: ambient = 6
10-15 16:13:56.536 D/SSense  ( 1049): onTouchRateChanged: rate:0.15625
10-15 16:13:56.655 D/enhanceHAL(  652): slpSetBrightness: ambient = 6
10-15 16:13:56.817 D/enhanceHAL(  652): slpSetBrightness: ambient = 6
10-15 16:13:56.979 D/enhanceHAL(  652): slpSetBrightness: ambient = 6
10-15 16:13:57.012 I/PlayCore(29402): UID: [10323]  PID: [29402] OnRequestInstallCallback : onRequestInfo
10-15 16:13:57.012 I/PlayCore(29402): UID: [10323]  PID: [29402] AppUpdateService : Unbind from service.
10-15 16:13:57.085 D/AlarmManagerService( 1049): set alarm to kernel: 253798.258000000, type=2 
10-15 16:13:57.085 D/AlarmManagerService( 1049): set alarm to kernel: 253208.346000000, type=3 
10-15 16:13:57.141 D/enhanceHAL(  652): slpSetBrightness: ambient = 6
10-15 16:13:57.303 D/enhanceHAL(  652): slpSetBrightness: ambient = 6
10-15 16:13:57.466 D/enhanceHAL(  652): slpSetBrightness: ambient = 6
10-15 16:13:57.482 D/PackageManager( 1049): PMS setEnabledSetting: packageName = com.lenovo.anyshare.gps, className = spg.erahsyna.ovonel.moc.comps.Tierahs3Service, newState = 1, flags = 1, userId = 0, callingPackage = null, callingUid = 10323, allowedByPermission = false
10-15 16:13:57.628 D/enhanceHAL(  652): slpSetBrightness: ambient = 6
10-15 16:13:57.790 D/enhanceHAL(  652): slpSetBrightness: ambient = 6
10-15 16:13:57.916 W/ProcessStats( 1049): Tracking association SourceState{6976a06 system/1000 BTopFgs #397953} whose proc state 2 is better than process ProcessState{76a28c7 com.v2raytun.android:RunSoLibV2RayDaemon/10376 pkg=com.v2raytun.android} proc state 3 (301 skipped)
10-15 16:13:57.917 D/BoundBrokerSvc(28956): onRebind: Intent { act=com.google.android.gms.libs.gmscorelogger.service.START dat=chimera-action: cmp=com.google.android.gms/.chimera.PersistentDirectBootAwareApiService }
10-15 16:13:57.952 D/enhanceHAL(  652): slpSetBrightness: ambient = 6
10-15 16:13:57.959 D/AlarmManager( 1049): waitForAlarm result:8currentTime=1760512437959, elapsedRealtime=253208346
10-15 16:13:57.960 D/AlarmManager( 1049): sending alarm.type = 3, action = null, cn = null, operation = null
10-15 16:13:57.960 D/AlarmManagerService( 1049): set alarm to kernel: 253798.258000000, type=2 
10-15 16:13:57.961 D/AlarmManagerService( 1049): set alarm to kernel: 253210.387000000, type=3 
10-15 16:13:57.964 V/AlarmManager( 1049): set(null) : type=3 listener=android.app.AlarmManager$ListenerWrapper@a4b4669 listenerTag=StatsCompanionService.pull triggerAtTime=253508346 win=0 tElapsed=253508346 maxElapsed=253508346 interval=0 flags=0x9
10-15 16:13:57.964 D/AlarmManagerService( 1049): set alarm to kernel: 253798.258000000, type=2 
10-15 16:13:57.964 D/AlarmManagerService( 1049): set alarm to kernel: 253210.387000000, type=3 
10-15 16:13:58.114 D/enhanceHAL(  652): slpSetBrightness: ambient = 6
10-15 16:13:58.223 I/ActivityTaskManager( 1049): START u0 {flg=0x10000000 cmp=com.selfservice.kiosk.debug/com.selfservice.kiosk.MainActivity} from uid 2000, pid 29913
10-15 16:13:58.225 W/ActivityTaskManager( 1049): Can't find TaskDisplayArea to determine support for multi window. Task id=1213 attached=false
10-15 16:13:58.226 D/PerformanceDatabaseControl( 1049): queryMem pkgName = com.selfservice.kiosk.debug
10-15 16:13:58.227 I/lowmemorykiller(  321): memfree(91MB) is enough and ignore fast kill
10-15 16:13:58.228 I/Layer   (  681): name=468bf21 com.android.settings/com.android.settings.applications.InstalledAppDetails, id=19234, visible=1, DrawingState.flags=0x100, paused=0, portal=-1, param=NOT_TOUCH_MODAL | LAYOUT_IN_SCREEN | LAYOUT_INSET_DECOR | SPLIT_TOUCH | HARDWARE_ACCELERATED | DRAWS_SYSTEM_BAR_BACKGROUNDS, feature=0x0
10-15 16:13:58.228 D/CompatibilityChangeReporter( 1049): Compat change id reported: 174042980; UID 10424; state: DISABLED
10-15 16:13:58.229 D/CompatibilityChangeReporter( 1049): Compat change id reported: 184838306; UID 10424; state: DISABLED
10-15 16:13:58.229 D/CompatibilityChangeReporter( 1049): Compat change id reported: 185004937; UID 10424; state: DISABLED
10-15 16:13:58.230 D/CompatibilityChangeReporter( 1049): Compat change id reported: 181136395; UID 10424; state: DISABLED
10-15 16:13:58.230 D/CompatibilityChangeReporter( 1049): Compat change id reported: 174042936; UID 10424; state: DISABLED
10-15 16:13:58.234 D/PowerHAL(  643): ###Enter launch scene bgn###
10-15 16:13:58.234 D/PowerHAL(  643): Enter common_set: enable:1, duration: 0, /sys/devices/system/cpu/sprd_isolation/core_crl_cluster0/min_cpus: 3
10-15 16:13:58.235 D/PowerHAL(  643): Enter common_set: enable:1, duration: 0, /sys/devices/system/cpu/cpufreq/policy0/scaling_min_freq: 1820000
10-15 16:13:58.235 D/PowerHAL(  643): Enter common_set: enable:1, duration: 0, /sys/devices/system/cpu/cpufreq/policy0/scaling_max_freq: 1820000
10-15 16:13:58.235 D/PowerHAL(  643): Enter common_set: enable:1, duration: 0, /sys/devices/system/cpu/cpufreq/policy6/scaling_min_freq: 2028000
10-15 16:13:58.235 D/PowerHAL(  643): Enter common_set: enable:1, duration: 0, /sys/devices/system/cpu/cpufreq/policy6/scaling_max_freq: 2028000
10-15 16:13:58.235 D/PowerHAL(  643): Enter devfreq_ddr_set: enable:1, duration: 0, /sys/class/devfreq/scene-frequency/sprd-governor/scene_boost_dfs: max
10-15 16:13:58.236 D/CompatibilityChangeReporter( 1049): Compat change id reported: 168419799; UID 10424; state: DISABLED
10-15 16:13:58.236 D/PowerHAL(  643): Enter common_subsys_set: enable:1, duration: 0, subsys:uclamp: conf_1:2
10-15 16:13:58.236 D/PowerHAL(  643): Enter common_subsys_set_current_config: 
10-15 16:13:58.238 D/PowerHAL(  643): ###Enter launch scene end###
10-15 16:13:58.238 I/ActivityTaskManager( 1049): ->startActivity for ActivityRecord{b63bfaf u0 com.selfservice.kiosk.debug/com.selfservice.kiosk.MainActivity t1213} result:START_SUCCESS
10-15 16:13:58.239 V/WindowManager( 1049): updateFrameRateSelectionPriorityIfNeeded refreshRate=0.0  package=com.android.systemui
10-15 16:13:58.239 V/WindowManager( 1049): updateFrameRateSelectionPriorityIfNeeded refreshRate=0.0  package=com.v2raytun.android
10-15 16:13:58.239 V/WindowManager( 1049): updateFrameRateSelectionPriorityIfNeeded refreshRate=0.0  package=com.whatsapp.w4b
10-15 16:13:58.239 V/WindowManager( 1049): updateFrameRateSelectionPriorityIfNeeded refreshRate=0.0  package=com.whatsapp.w4b
10-15 16:13:58.239 V/WindowManager( 1049): updateFrameRateSelectionPriorityIfNeeded refreshRate=0.0  package=ai.perplexity.app.android
10-15 16:13:58.239 V/WindowManager( 1049): updateFrameRateSelectionPriorityIfNeeded refreshRate=0.0  package=org.telegram.messenger
10-15 16:13:58.239 E/RefreshRatePolicy( 1049): whxdebug WindowState preferredDisplayModeId=60.0  packageName=com.transsion.camera
10-15 16:13:58.239 V/WindowManager( 1049): updateFrameRateSelectionPriorityIfNeeded refreshRate=60.0  package=com.transsion.camera
10-15 16:13:58.239 V/WindowManager( 1049): updateFrameRateSelectionPriorityIfNeeded refreshRate=0.0  package=com.gallery20
10-15 16:13:58.239 V/WindowManager( 1049): updateFrameRateSelectionPriorityIfNeeded refreshRate=0.0  package=com.gallery20
10-15 16:13:58.239 V/WindowManager( 1049): updateFrameRateSelectionPriorityIfNeeded refreshRate=0.0  package=com.yandex.browser
10-15 16:13:58.239 V/WindowManager( 1049): updateFrameRateSelectionPriorityIfNeeded refreshRate=0.0  package=com.whatsapp
10-15 16:13:58.239 V/WindowManager( 1049): updateFrameRateSelectionPriorityIfNeeded refreshRate=0.0  package=com.whatsapp
10-15 16:13:58.239 V/WindowManager( 1049): updateFrameRateSelectionPriorityIfNeeded refreshRate=0.0  package=com.zhiliaoapp.musically
10-15 16:13:58.239 V/WindowManager( 1049): updateFrameRateSelectionPriorityIfNeeded refreshRate=0.0  package=com.transsion.XOSLauncher.upgrade
10-15 16:13:58.239 V/WindowManager( 1049): updateFrameRateSelectionPriorityIfNeeded refreshRate=0.0  package=com.transsion.XOSLauncher.upgrade
10-15 16:13:58.239 V/WindowManager( 1049): updateFrameRateSelectionPriorityIfNeeded refreshRate=0.0  package=com.android.settings
10-15 16:13:58.239 V/WindowManager( 1049): updateFrameRateSelectionPriorityIfNeeded refreshRate=0.0  package=com.android.systemui
10-15 16:13:58.239 V/WindowManager( 1049): updateFrameRateSelectionPriorityIfNeeded refreshRate=0.0  package=com.transsnet.store
10-15 16:13:58.239 V/WindowManager( 1049): updateFrameRateSelectionPriorityIfNeeded refreshRate=0.0  package=com.transsion.smartpanel
10-15 16:13:58.239 V/WindowManager( 1049): updateFrameRateSelectionPriorityIfNeeded refreshRate=0.0  package=ru.yandex.androidkeyboard
10-15 16:13:58.239 V/WindowManager( 1049): updateFrameRateSelectionPriorityIfNeeded refreshRate=0.0  package=com.android.systemui
10-15 16:13:58.239 V/WindowManager( 1049): updateFrameRateSelectionPriorityIfNeeded refreshRate=0.0  package=com.android.systemui
10-15 16:13:58.239 V/WindowManager( 1049): updateFrameRateSelectionPriorityIfNeeded refreshRate=0.0  package=com.android.systemui
10-15 16:13:58.239 V/WindowManager( 1049): updateFrameRateSelectionPriorityIfNeeded refreshRate=0.0  package=com.android.systemui
10-15 16:13:58.239 V/WindowManager( 1049): updateFrameRateSelectionPriorityIfNeeded refreshRate=0.0  package=com.android.systemui
10-15 16:13:58.239 V/WindowManager( 1049): updateFrameRateSelectionPriorityIfNeeded refreshRate=0.0  package=com.android.systemui
10-15 16:13:58.239 V/WindowManager( 1049): updateFrameRateSelectionPriorityIfNeeded refreshRate=0.0  package=com.android.systemui
10-15 16:13:58.240 D/TranLayerControlManager( 1381): initSkipInfo getSkipInfo fail strPkgName:com.android.systemui
10-15 16:13:58.241 D/os.FreeformLice( 1049): handleStartActivityResult Task{dc2329a #1213 type=standard A=10424:com.selfservice.kiosk.debug U=0 visible=true mode=fullscreen translucent=true sz=1} null 0
10-15 16:13:58.241 I/SmartPanel_SmartPanelService( 3212): activityCheck pkgName: com.selfservice.kiosk.debug, className: com.selfservice.kiosk.MainActivity isResume=false isInshow =true isDrawn = false
10-15 16:13:58.242 V/WindowManager( 1049): updateFrameRateSelectionPriorityIfNeeded refreshRate=0.0  package=com.android.systemui
10-15 16:13:58.243 V/WindowManager( 1049): updateFrameRateSelectionPriorityIfNeeded refreshRate=0.0  package=com.v2raytun.android
10-15 16:13:58.243 V/WindowManager( 1049): updateFrameRateSelectionPriorityIfNeeded refreshRate=0.0  package=com.whatsapp.w4b
10-15 16:13:58.243 V/WindowManager( 1049): updateFrameRateSelectionPriorityIfNeeded refreshRate=0.0  package=com.whatsapp.w4b
10-15 16:13:58.243 V/WindowManager( 1049): updateFrameRateSelectionPriorityIfNeeded refreshRate=0.0  package=ai.perplexity.app.android
10-15 16:13:58.243 V/WindowManager( 1049): updateFrameRateSelectionPriorityIfNeeded refreshRate=0.0  package=org.telegram.messenger
10-15 16:13:58.243 E/RefreshRatePolicy( 1049): whxdebug WindowState preferredDisplayModeId=60.0  packageName=com.transsion.camera
10-15 16:13:58.243 V/WindowManager( 1049): updateFrameRateSelectionPriorityIfNeeded refreshRate=60.0  package=com.transsion.camera
10-15 16:13:58.243 V/WindowManager( 1049): updateFrameRateSelectionPriorityIfNeeded refreshRate=0.0  package=com.gallery20
10-15 16:13:58.243 V/WindowManager( 1049): updateFrameRateSelectionPriorityIfNeeded refreshRate=0.0  package=com.gallery20
10-15 16:13:58.243 V/WindowManager( 1049): updateFrameRateSelectionPriorityIfNeeded refreshRate=0.0  package=com.yandex.browser
10-15 16:13:58.243 V/WindowManager( 1049): updateFrameRateSelectionPriorityIfNeeded refreshRate=0.0  package=com.whatsapp
10-15 16:13:58.243 V/WindowManager( 1049): updateFrameRateSelectionPriorityIfNeeded refreshRate=0.0  package=com.whatsapp
10-15 16:13:58.243 V/WindowManager( 1049): updateFrameRateSelectionPriorityIfNeeded refreshRate=0.0  package=com.zhiliaoapp.musically
10-15 16:13:58.243 V/WindowManager( 1049): updateFrameRateSelectionPriorityIfNeeded refreshRate=0.0  package=com.transsion.XOSLauncher.upgrade
10-15 16:13:58.243 V/WindowManager( 1049): updateFrameRateSelectionPriorityIfNeeded refreshRate=0.0  package=com.transsion.XOSLauncher.upgrade
10-15 16:13:58.243 V/WindowManager( 1049): updateFrameRateSelectionPriorityIfNeeded refreshRate=0.0  package=com.android.settings
10-15 16:13:58.243 V/WindowManager( 1049): updateFrameRateSelectionPriorityIfNeeded refreshRate=0.0  package=com.android.systemui
10-15 16:13:58.243 V/WindowManager( 1049): updateFrameRateSelectionPriorityIfNeeded refreshRate=0.0  package=com.transsnet.store
10-15 16:13:58.243 V/WindowManager( 1049): updateFrameRateSelectionPriorityIfNeeded refreshRate=0.0  package=com.transsion.smartpanel
10-15 16:13:58.243 V/WindowManager( 1049): updateFrameRateSelectionPriorityIfNeeded refreshRate=0.0  package=ru.yandex.androidkeyboard
10-15 16:13:58.243 V/WindowManager( 1049): updateFrameRateSelectionPriorityIfNeeded refreshRate=0.0  package=com.android.systemui
10-15 16:13:58.243 V/WindowManager( 1049): updateFrameRateSelectionPriorityIfNeeded refreshRate=0.0  package=com.android.systemui
10-15 16:13:58.243 V/WindowManager( 1049): updateFrameRateSelectionPriorityIfNeeded refreshRate=0.0  package=com.android.systemui
10-15 16:13:58.243 V/WindowManager( 1049): updateFrameRateSelectionPriorityIfNeeded refreshRate=0.0  package=com.android.systemui
10-15 16:13:58.243 V/WindowManager( 1049): updateFrameRateSelectionPriorityIfNeeded refreshRate=0.0  package=com.android.systemui
10-15 16:13:58.243 V/WindowManager( 1049): updateFrameRateSelectionPriorityIfNeeded refreshRate=0.0  package=com.android.systemui
10-15 16:13:58.243 V/WindowManager( 1049): updateFrameRateSelectionPriorityIfNeeded refreshRate=0.0  package=com.android.systemui
10-15 16:13:58.246 D/CompatibilityChangeReporter( 1049): Compat change id reported: 135634846; UID 10424; state: DISABLED
10-15 16:13:58.246 D/CompatibilityChangeReporter( 1049): Compat change id reported: 135754954; UID 10424; state: ENABLED
10-15 16:13:58.246 D/SSense  ( 1049): windowsChanged
10-15 16:13:58.247 D/CompatibilityChangeReporter( 1049): Compat change id reported: 143937733; UID 10424; state: ENABLED
10-15 16:13:58.250 I/Layer   (  681): name=468bf21 com.android.settings/com.android.settings.applications.InstalledAppDetails, id=19234, visible=1, DrawingState.flags=0x100, paused=0, portal=-1, param=NOT_TOUCH_MODAL | LAYOUT_IN_SCREEN | LAYOUT_INSET_DECOR | SPLIT_TOUCH | HARDWARE_ACCELERATED | DRAWS_SYSTEM_BAR_BACKGROUNDS, feature=0x0
10-15 16:13:58.252 V/WindowManager( 1049): updateFrameRateSelectionPriorityIfNeeded refreshRate=0.0  package=com.android.systemui
10-15 16:13:58.252 V/WindowManager( 1049): updateFrameRateSelectionPriorityIfNeeded refreshRate=0.0  package=com.v2raytun.android
10-15 16:13:58.252 V/WindowManager( 1049): updateFrameRateSelectionPriorityIfNeeded refreshRate=0.0  package=com.whatsapp.w4b
10-15 16:13:58.252 V/WindowManager( 1049): updateFrameRateSelectionPriorityIfNeeded refreshRate=0.0  package=com.whatsapp.w4b
10-15 16:13:58.252 V/WindowManager( 1049): updateFrameRateSelectionPriorityIfNeeded refreshRate=0.0  package=ai.perplexity.app.android
10-15 16:13:58.252 V/WindowManager( 1049): updateFrameRateSelectionPriorityIfNeeded refreshRate=0.0  package=org.telegram.messenger
10-15 16:13:58.252 E/RefreshRatePolicy( 1049): whxdebug WindowState preferredDisplayModeId=60.0  packageName=com.transsion.camera
10-15 16:13:58.252 V/WindowManager( 1049): updateFrameRateSelectionPriorityIfNeeded refreshRate=60.0  package=com.transsion.camera
10-15 16:13:58.252 V/WindowManager( 1049): updateFrameRateSelectionPriorityIfNeeded refreshRate=0.0  package=com.gallery20
10-15 16:13:58.252 V/WindowManager( 1049): updateFrameRateSelectionPriorityIfNeeded refreshRate=0.0  package=com.gallery20
10-15 16:13:58.252 V/WindowManager( 1049): updateFrameRateSelectionPriorityIfNeeded refreshRate=0.0  package=com.yandex.browser
10-15 16:13:58.252 V/WindowManager( 1049): updateFrameRateSelectionPriorityIfNeeded refreshRate=0.0  package=com.whatsapp
10-15 16:13:58.252 V/WindowManager( 1049): updateFrameRateSelectionPriorityIfNeeded refreshRate=0.0  package=com.whatsapp
10-15 16:13:58.252 V/WindowManager( 1049): updateFrameRateSelectionPriorityIfNeeded refreshRate=0.0  package=com.zhiliaoapp.musically
10-15 16:13:58.252 V/WindowManager( 1049): updateFrameRateSelectionPriorityIfNeeded refreshRate=0.0  package=com.transsion.XOSLauncher.upgrade
10-15 16:13:58.252 V/WindowManager( 1049): updateFrameRateSelectionPriorityIfNeeded refreshRate=0.0  package=com.transsion.XOSLauncher.upgrade
10-15 16:13:58.252 V/WindowManager( 1049): updateFrameRateSelectionPriorityIfNeeded refreshRate=0.0  package=com.android.settings
10-15 16:13:58.252 V/WindowManager( 1049): updateFrameRateSelectionPriorityIfNeeded refreshRate=0.0  package=com.android.systemui
10-15 16:13:58.252 V/WindowManager( 1049): updateFrameRateSelectionPriorityIfNeeded refreshRate=0.0  package=com.transsnet.store
10-15 16:13:58.252 V/WindowManager( 1049): updateFrameRateSelectionPriorityIfNeeded refreshRate=0.0  package=com.transsion.smartpanel
10-15 16:13:58.252 V/WindowManager( 1049): updateFrameRateSelectionPriorityIfNeeded refreshRate=0.0  package=ru.yandex.androidkeyboard
10-15 16:13:58.252 V/WindowManager( 1049): updateFrameRateSelectionPriorityIfNeeded refreshRate=0.0  package=com.android.systemui
10-15 16:13:58.252 V/WindowManager( 1049): updateFrameRateSelectionPriorityIfNeeded refreshRate=0.0  package=com.android.systemui
10-15 16:13:58.252 V/WindowManager( 1049): updateFrameRateSelectionPriorityIfNeeded refreshRate=0.0  package=com.android.systemui
10-15 16:13:58.252 V/WindowManager( 1049): updateFrameRateSelectionPriorityIfNeeded refreshRate=0.0  package=com.android.systemui
10-15 16:13:58.252 V/WindowManager( 1049): updateFrameRateSelectionPriorityIfNeeded refreshRate=0.0  package=com.android.systemui
10-15 16:13:58.252 V/WindowManager( 1049): updateFrameRateSelectionPriorityIfNeeded refreshRate=0.0  package=com.android.systemui
10-15 16:13:58.252 V/WindowManager( 1049): updateFrameRateSelectionPriorityIfNeeded refreshRate=0.0  package=com.android.systemui
10-15 16:13:58.255 D/Zygote  (  595): Forked child process 29916
10-15 16:13:58.256 I/ActivityManager( 1049): Start proc 29916:com.selfservice.kiosk.debug/u0a424 for pre-top-activity {com.selfservice.kiosk.debug/com.selfservice.kiosk.MainActivity}
10-15 16:13:58.257 I/Layer   (  681): name=468bf21 com.android.settings/com.android.settings.applications.InstalledAppDetails, id=19234, visible=1, DrawingState.flags=0x100, paused=1, portal=-1, param=NOT_TOUCH_MODAL | LAYOUT_IN_SCREEN | LAYOUT_INSET_DECOR | SPLIT_TOUCH | HARDWARE_ACCELERATED | DRAWS_SYSTEM_BAR_BACKGROUNDS, feature=0x0
10-15 16:13:58.257 V/WindowManager( 1049): updateFrameRateSelectionPriorityIfNeeded refreshRate=0.0  package=com.android.systemui
10-15 16:13:58.257 V/WindowManager( 1049): updateFrameRateSelectionPriorityIfNeeded refreshRate=0.0  package=com.v2raytun.android
10-15 16:13:58.257 V/WindowManager( 1049): updateFrameRateSelectionPriorityIfNeeded refreshRate=0.0  package=com.whatsapp.w4b
10-15 16:13:58.258 V/WindowManager( 1049): updateFrameRateSelectionPriorityIfNeeded refreshRate=0.0  package=com.whatsapp.w4b
10-15 16:13:58.258 V/WindowManager( 1049): updateFrameRateSelectionPriorityIfNeeded refreshRate=0.0  package=ai.perplexity.app.android
10-15 16:13:58.258 V/WindowManager( 1049): updateFrameRateSelectionPriorityIfNeeded refreshRate=0.0  package=org.telegram.messenger
10-15 16:13:58.258 E/RefreshRatePolicy( 1049): whxdebug WindowState preferredDisplayModeId=60.0  packageName=com.transsion.camera
10-15 16:13:58.258 V/WindowManager( 1049): updateFrameRateSelectionPriorityIfNeeded refreshRate=60.0  package=com.transsion.camera
10-15 16:13:58.258 V/WindowManager( 1049): updateFrameRateSelectionPriorityIfNeeded refreshRate=0.0  package=com.gallery20
10-15 16:13:58.258 V/WindowManager( 1049): updateFrameRateSelectionPriorityIfNeeded refreshRate=0.0  package=com.gallery20
10-15 16:13:58.258 V/WindowManager( 1049): updateFrameRateSelectionPriorityIfNeeded refreshRate=0.0  package=com.yandex.browser
10-15 16:13:58.258 V/WindowManager( 1049): updateFrameRateSelectionPriorityIfNeeded refreshRate=0.0  package=com.whatsapp
10-15 16:13:58.258 V/WindowManager( 1049): updateFrameRateSelectionPriorityIfNeeded refreshRate=0.0  package=com.whatsapp
10-15 16:13:58.258 V/WindowManager( 1049): updateFrameRateSelectionPriorityIfNeeded refreshRate=0.0  package=com.zhiliaoapp.musically
10-15 16:13:58.258 V/WindowManager( 1049): updateFrameRateSelectionPriorityIfNeeded refreshRate=0.0  package=com.transsion.XOSLauncher.upgrade
10-15 16:13:58.258 V/WindowManager( 1049): updateFrameRateSelectionPriorityIfNeeded refreshRate=0.0  package=com.transsion.XOSLauncher.upgrade
10-15 16:13:58.258 V/WindowManager( 1049): updateFrameRateSelectionPriorityIfNeeded refreshRate=0.0  package=com.android.settings
10-15 16:13:58.258 V/WindowManager( 1049): updateFrameRateSelectionPriorityIfNeeded refreshRate=0.0  package=com.selfservice.kiosk.debug
10-15 16:13:58.258 V/WindowManager( 1049): updateFrameRateSelectionPriorityIfNeeded refreshRate=0.0  package=com.android.systemui
10-15 16:13:58.258 V/WindowManager( 1049): updateFrameRateSelectionPriorityIfNeeded refreshRate=0.0  package=com.transsnet.store
10-15 16:13:58.258 V/WindowManager( 1049): updateFrameRateSelectionPriorityIfNeeded refreshRate=0.0  package=com.transsion.smartpanel
10-15 16:13:58.258 V/WindowManager( 1049): updateFrameRateSelectionPriorityIfNeeded refreshRate=0.0  package=ru.yandex.androidkeyboard
10-15 16:13:58.258 V/WindowManager( 1049): updateFrameRateSelectionPriorityIfNeeded refreshRate=0.0  package=com.android.systemui
10-15 16:13:58.258 V/WindowManager( 1049): updateFrameRateSelectionPriorityIfNeeded refreshRate=0.0  package=com.android.systemui
10-15 16:13:58.258 V/WindowManager( 1049): updateFrameRateSelectionPriorityIfNeeded refreshRate=0.0  package=com.android.systemui
10-15 16:13:58.258 V/WindowManager( 1049): updateFrameRateSelectionPriorityIfNeeded refreshRate=0.0  package=com.android.systemui
10-15 16:13:58.258 V/WindowManager( 1049): updateFrameRateSelectionPriorityIfNeeded refreshRate=0.0  package=com.android.systemui
10-15 16:13:58.258 V/WindowManager( 1049): updateFrameRateSelectionPriorityIfNeeded refreshRate=0.0  package=com.android.systemui
10-15 16:13:58.258 V/WindowManager( 1049): updateFrameRateSelectionPriorityIfNeeded refreshRate=0.0  package=com.android.systemui
10-15 16:13:58.261 W/libc    ( 1049): Access denied finding property "persist.vendor.dbg.disable.art"
10-15 16:13:58.257 W/Binder:1049_20( 1049): type=1400 audit(0.0:44900): avc: denied { read } for name="u:object_r:vendor_default_prop:s0" dev="tmpfs" ino=11079 scontext=u:r:system_server:s0 tcontext=u:object_r:vendor_default_prop:s0 tclass=file permissive=0
10-15 16:13:58.264 V/WindowManager( 1049): updateFrameRateSelectionPriorityIfNeeded refreshRate=0.0  package=com.android.systemui
10-15 16:13:58.264 V/WindowManager( 1049): updateFrameRateSelectionPriorityIfNeeded refreshRate=0.0  package=com.v2raytun.android
10-15 16:13:58.264 V/WindowManager( 1049): updateFrameRateSelectionPriorityIfNeeded refreshRate=0.0  package=com.whatsapp.w4b
10-15 16:13:58.264 V/WindowManager( 1049): updateFrameRateSelectionPriorityIfNeeded refreshRate=0.0  package=com.whatsapp.w4b
10-15 16:13:58.264 V/WindowManager( 1049): updateFrameRateSelectionPriorityIfNeeded refreshRate=0.0  package=ai.perplexity.app.android
10-15 16:13:58.264 V/WindowManager( 1049): updateFrameRateSelectionPriorityIfNeeded refreshRate=0.0  package=org.telegram.messenger
10-15 16:13:58.264 E/RefreshRatePolicy( 1049): whxdebug WindowState preferredDisplayModeId=60.0  packageName=com.transsion.camera
10-15 16:13:58.264 V/WindowManager( 1049): updateFrameRateSelectionPriorityIfNeeded refreshRate=60.0  package=com.transsion.camera
10-15 16:13:58.264 V/WindowManager( 1049): updateFrameRateSelectionPriorityIfNeeded refreshRate=0.0  package=com.gallery20
10-15 16:13:58.264 V/WindowManager( 1049): updateFrameRateSelectionPriorityIfNeeded refreshRate=0.0  package=com.gallery20
10-15 16:13:58.264 V/WindowManager( 1049): updateFrameRateSelectionPriorityIfNeeded refreshRate=0.0  package=com.yandex.browser
10-15 16:13:58.264 V/WindowManager( 1049): updateFrameRateSelectionPriorityIfNeeded refreshRate=0.0  package=com.whatsapp
10-15 16:13:58.264 V/WindowManager( 1049): updateFrameRateSelectionPriorityIfNeeded refreshRate=0.0  package=com.whatsapp
10-15 16:13:58.264 D/Game_Utils( 3212): getWindowingModeByTask mode : 1
10-15 16:13:58.264 V/WindowManager( 1049): updateFrameRateSelectionPriorityIfNeeded refreshRate=0.0  package=com.zhiliaoapp.musically
10-15 16:13:58.264 V/WindowManager( 1049): updateFrameRateSelectionPriorityIfNeeded refreshRate=0.0  package=com.transsion.XOSLauncher.upgrade
10-15 16:13:58.264 V/WindowManager( 1049): updateFrameRateSelectionPriorityIfNeeded refreshRate=0.0  package=com.transsion.XOSLauncher.upgrade
10-15 16:13:58.264 V/WindowManager( 1049): updateFrameRateSelectionPriorityIfNeeded refreshRate=0.0  package=com.android.settings
10-15 16:13:58.264 V/WindowManager( 1049): updateFrameRateSelectionPriorityIfNeeded refreshRate=0.0  package=com.selfservice.kiosk.debug
10-15 16:13:58.264 V/WindowManager( 1049): updateFrameRateSelectionPriorityIfNeeded refreshRate=0.0  package=com.android.systemui
10-15 16:13:58.264 V/WindowManager( 1049): updateFrameRateSelectionPriorityIfNeeded refreshRate=0.0  package=com.transsnet.store
10-15 16:13:58.264 V/WindowManager( 1049): updateFrameRateSelectionPriorityIfNeeded refreshRate=0.0  package=com.transsion.smartpanel
10-15 16:13:58.264 V/WindowManager( 1049): updateFrameRateSelectionPriorityIfNeeded refreshRate=0.0  package=ru.yandex.androidkeyboard
10-15 16:13:58.264 V/WindowManager( 1049): updateFrameRateSelectionPriorityIfNeeded refreshRate=0.0  package=com.android.systemui
10-15 16:13:58.264 V/WindowManager( 1049): updateFrameRateSelectionPriorityIfNeeded refreshRate=0.0  package=com.android.systemui
10-15 16:13:58.264 V/WindowManager( 1049): updateFrameRateSelectionPriorityIfNeeded refreshRate=0.0  package=com.android.systemui
10-15 16:13:58.264 V/WindowManager( 1049): updateFrameRateSelectionPriorityIfNeeded refreshRate=0.0  package=com.android.systemui
10-15 16:13:58.264 V/WindowManager( 1049): updateFrameRateSelectionPriorityIfNeeded refreshRate=0.0  package=com.android.systemui
10-15 16:13:58.264 V/WindowManager( 1049): updateFrameRateSelectionPriorityIfNeeded refreshRate=0.0  package=com.android.systemui
10-15 16:13:58.264 V/WindowManager( 1049): updateFrameRateSelectionPriorityIfNeeded refreshRate=0.0  package=com.android.systemui
10-15 16:13:58.265 D/os.fingerprint( 1049): onUpdateFocusedApp oldPackageName:com.android.settings oldComponent:ComponentInfo{com.android.settings/com.android.settings.applications.InstalledAppDetailsTop} newPackageName:null newComponent:null mFm :android.hardware.fingerprint.FingerprintManager@3b51c18
10-15 16:13:58.265 I/WindowManager( 1049): Input focus has changed to null from 468bf21 com.android.settings/com.android.settings.applications.InstalledAppDetails mDisplayId 0 updateInputWindows true
10-15 16:13:58.268 V/WindowManager( 1049): updateFrameRateSelectionPriorityIfNeeded refreshRate=0.0  package=com.android.systemui
10-15 16:13:58.268 V/WindowManager( 1049): updateFrameRateSelectionPriorityIfNeeded refreshRate=0.0  package=com.v2raytun.android
10-15 16:13:58.268 V/WindowManager( 1049): updateFrameRateSelectionPriorityIfNeeded refreshRate=0.0  package=com.whatsapp.w4b
10-15 16:13:58.268 V/WindowManager( 1049): updateFrameRateSelectionPriorityIfNeeded refreshRate=0.0  package=com.whatsapp.w4b
10-15 16:13:58.268 V/WindowManager( 1049): updateFrameRateSelectionPriorityIfNeeded refreshRate=0.0  package=ai.perplexity.app.android
10-15 16:13:58.268 V/WindowManager( 1049): updateFrameRateSelectionPriorityIfNeeded refreshRate=0.0  package=org.telegram.messenger
10-15 16:13:58.268 E/RefreshRatePolicy( 1049): whxdebug WindowState preferredDisplayModeId=60.0  packageName=com.transsion.camera
10-15 16:13:58.268 V/WindowManager( 1049): updateFrameRateSelectionPriorityIfNeeded refreshRate=60.0  package=com.transsion.camera
10-15 16:13:58.268 V/WindowManager( 1049): updateFrameRateSelectionPriorityIfNeeded refreshRate=0.0  package=com.gallery20
10-15 16:13:58.268 V/WindowManager( 1049): updateFrameRateSelectionPriorityIfNeeded refreshRate=0.0  package=com.gallery20
10-15 16:13:58.268 V/WindowManager( 1049): updateFrameRateSelectionPriorityIfNeeded refreshRate=0.0  package=com.yandex.browser
10-15 16:13:58.268 V/WindowManager( 1049): updateFrameRateSelectionPriorityIfNeeded refreshRate=0.0  package=com.whatsapp
10-15 16:13:58.268 V/WindowManager( 1049): updateFrameRateSelectionPriorityIfNeeded refreshRate=0.0  package=com.whatsapp
10-15 16:13:58.268 V/WindowManager( 1049): updateFrameRateSelectionPriorityIfNeeded refreshRate=0.0  package=com.zhiliaoapp.musically
10-15 16:13:58.268 V/WindowManager( 1049): updateFrameRateSelectionPriorityIfNeeded refreshRate=0.0  package=com.transsion.XOSLauncher.upgrade
10-15 16:13:58.268 V/WindowManager( 1049): updateFrameRateSelectionPriorityIfNeeded refreshRate=0.0  package=com.transsion.XOSLauncher.upgrade
10-15 16:13:58.268 V/WindowManager( 1049): updateFrameRateSelectionPriorityIfNeeded refreshRate=0.0  package=com.android.settings
10-15 16:13:58.268 V/WindowManager( 1049): updateFrameRateSelectionPriorityIfNeeded refreshRate=0.0  package=com.selfservice.kiosk.debug
10-15 16:13:58.268 V/WindowManager( 1049): updateFrameRateSelectionPriorityIfNeeded refreshRate=0.0  package=com.android.systemui
10-15 16:13:58.268 V/WindowManager( 1049): updateFrameRateSelectionPriorityIfNeeded refreshRate=0.0  package=com.transsnet.store
10-15 16:13:58.268 V/WindowManager( 1049): updateFrameRateSelectionPriorityIfNeeded refreshRate=0.0  package=com.transsion.smartpanel
10-15 16:13:58.268 V/WindowManager( 1049): updateFrameRateSelectionPriorityIfNeeded refreshRate=0.0  package=ru.yandex.androidkeyboard
10-15 16:13:58.268 V/WindowManager( 1049): updateFrameRateSelectionPriorityIfNeeded refreshRate=0.0  package=com.android.systemui
10-15 16:13:58.268 V/WindowManager( 1049): updateFrameRateSelectionPriorityIfNeeded refreshRate=0.0  package=com.android.systemui
10-15 16:13:58.268 V/WindowManager( 1049): updateFrameRateSelectionPriorityIfNeeded refreshRate=0.0  package=com.android.systemui
10-15 16:13:58.268 V/WindowManager( 1049): updateFrameRateSelectionPriorityIfNeeded refreshRate=0.0  package=com.android.systemui
10-15 16:13:58.268 V/WindowManager( 1049): updateFrameRateSelectionPriorityIfNeeded refreshRate=0.0  package=com.android.systemui
10-15 16:13:58.268 V/WindowManager( 1049): updateFrameRateSelectionPriorityIfNeeded refreshRate=0.0  package=com.android.systemui
10-15 16:13:58.268 V/WindowManager( 1049): updateFrameRateSelectionPriorityIfNeeded refreshRate=0.0  package=com.android.systemui
10-15 16:13:58.268 I/Layer   (  681): name=468bf21 com.android.settings/com.android.settings.applications.InstalledAppDetails, id=19234, visible=1, DrawingState.flags=0x100, paused=1, portal=-1, param=NOT_FOCUSABLE | NOT_TOUCHABLE | NOT_TOUCH_MODAL, feature=NO_INPUT_CHANNEL
10-15 16:13:58.269 D/Game_Utils( 3212): isTheMainScreen, displayId: 0  classname = com.selfservice.kiosk.MainActivity
10-15 16:13:58.273 D/Game_Utils( 3212): isQSplitscreenMode mode = 1
10-15 16:13:58.276 D/enhanceHAL(  652): slpSetBrightness: ambient = 6
10-15 16:13:58.278 D/SSense  ( 1049): windowsChanged
10-15 16:13:58.279 D/Game_Utils( 3212): getWindowingModeByTask mode : 1
10-15 16:13:58.283 D/Game_Utils( 3212): isTheMainScreen, displayId: 0  classname = com.selfservice.kiosk.MainActivity
10-15 16:13:58.283 D/Game_Utils( 3212): getTopPackageNameNew pkm = com.selfservice.kiosk.debug
10-15 16:13:58.285 I/gralloc4(  617): allocate: id=26900006b99, hal_format=RGBA8888, mali_format=RGBA8888, afbc=SPLIT, usage=GPU_RW|HWC|BACKBUF, size=720x1612(4727808), stride=720, name=ViewRootImpl[debug]#515(BLAST Consumer)515
10-15 16:13:58.286 I/gralloc4( 1381): register: id=26900006b99, vaddr=0x794cfd5000
10-15 16:13:58.288 I/gralloc4(  617): allocate: id=26900006b9a, hal_format=RGBA8888, mali_format=RGBA8888, afbc=SPLIT, usage=GPU_RW|HWC|BACKBUF, size=720x1612(4727808), stride=720, name=ViewRootImpl[debug]#515(BLAST Consumer)515
10-15 16:13:58.288 I/gralloc4( 1381): register: id=26900006b9a, vaddr=0x7947856000
10-15 16:13:58.290 I/gralloc4(  617): allocate: id=26900006b9b, hal_format=RGBA8888, mali_format=RGBA8888, afbc=SPLIT, usage=GPU_RW|HWC|BACKBUF, size=720x1612(4727808), stride=720, name=ViewRootImpl[debug]#515(BLAST Consumer)515
10-15 16:13:58.290 I/gralloc4( 1381): register: id=26900006b9b, vaddr=0x793b1e4000
10-15 16:13:58.290 I/ice.kiosk.debu(29916): Late-enabling -Xcheck:jni
10-15 16:13:58.293 I/gralloc4(  617): allocate: id=26900006b9c, hal_format=RGBA8888, mali_format=RGBA8888, afbc=SPLIT, usage=GPU_RW|HWC|BACKBUF, size=720x1612(4727808), stride=720, name=ViewRootImpl[debug]#515(BLAST Consumer)515
10-15 16:13:58.293 I/gralloc4( 1381): register: id=26900006b9c, vaddr=0x793ad61000
10-15 16:13:58.294 D/Game_Utils( 3212): isQSplitscreenMode mode = 1
10-15 16:13:58.299 I/gralloc4(  681): register: id=26900006b9c, vaddr=0x7020ec9000
10-15 16:13:58.306 V/WindowManager( 1049): updateFrameRateSelectionPriorityIfNeeded refreshRate=0.0  package=com.android.systemui
10-15 16:13:58.306 V/WindowManager( 1049): updateFrameRateSelectionPriorityIfNeeded refreshRate=0.0  package=com.v2raytun.android
10-15 16:13:58.306 V/WindowManager( 1049): updateFrameRateSelectionPriorityIfNeeded refreshRate=0.0  package=com.whatsapp.w4b
10-15 16:13:58.306 V/WindowManager( 1049): updateFrameRateSelectionPriorityIfNeeded refreshRate=0.0  package=com.whatsapp.w4b
10-15 16:13:58.306 V/WindowManager( 1049): updateFrameRateSelectionPriorityIfNeeded refreshRate=0.0  package=ai.perplexity.app.android
10-15 16:13:58.306 V/WindowManager( 1049): updateFrameRateSelectionPriorityIfNeeded refreshRate=0.0  package=org.telegram.messenger
10-15 16:13:58.306 E/RefreshRatePolicy( 1049): whxdebug WindowState preferredDisplayModeId=60.0  packageName=com.transsion.camera
10-15 16:13:58.306 V/WindowManager( 1049): updateFrameRateSelectionPriorityIfNeeded refreshRate=60.0  package=com.transsion.camera
10-15 16:13:58.306 V/WindowManager( 1049): updateFrameRateSelectionPriorityIfNeeded refreshRate=0.0  package=com.gallery20
10-15 16:13:58.306 V/WindowManager( 1049): updateFrameRateSelectionPriorityIfNeeded refreshRate=0.0  package=com.gallery20
10-15 16:13:58.306 V/WindowManager( 1049): updateFrameRateSelectionPriorityIfNeeded refreshRate=0.0  package=com.yandex.browser
10-15 16:13:58.307 V/WindowManager( 1049): updateFrameRateSelectionPriorityIfNeeded refreshRate=0.0  package=com.whatsapp
10-15 16:13:58.307 V/WindowManager( 1049): updateFrameRateSelectionPriorityIfNeeded refreshRate=0.0  package=com.whatsapp
10-15 16:13:58.307 V/WindowManager( 1049): updateFrameRateSelectionPriorityIfNeeded refreshRate=0.0  package=com.zhiliaoapp.musically
10-15 16:13:58.307 V/WindowManager( 1049): updateFrameRateSelectionPriorityIfNeeded refreshRate=0.0  package=com.transsion.XOSLauncher.upgrade
10-15 16:13:58.307 V/WindowManager( 1049): updateFrameRateSelectionPriorityIfNeeded refreshRate=0.0  package=com.transsion.XOSLauncher.upgrade
10-15 16:13:58.307 V/WindowManager( 1049): updateFrameRateSelectionPriorityIfNeeded refreshRate=0.0  package=com.android.settings
10-15 16:13:58.307 V/WindowManager( 1049): updateFrameRateSelectionPriorityIfNeeded refreshRate=0.0  package=com.selfservice.kiosk.debug
10-15 16:13:58.307 V/WindowManager( 1049): updateFrameRateSelectionPriorityIfNeeded refreshRate=0.0  package=com.android.systemui
10-15 16:13:58.307 V/WindowManager( 1049): updateFrameRateSelectionPriorityIfNeeded refreshRate=0.0  package=com.transsnet.store
