10-15 17:12:48.723 E/RefreshRatePolicy( 1049): whxdebug WindowState preferredDisplayModeId=60.0  packageName=com.transsion.camera
10-15 17:12:48.723 V/WindowManager( 1049): updateFrameRateSelectionPriorityIfNeeded refreshRate=60.0  package=com.transsion.camera
10-15 17:12:48.723 V/WindowManager( 1049): updateFrameRateSelectionPriorityIfNeeded refreshRate=0.0  package=com.gallery20
10-15 17:12:48.723 V/WindowManager( 1049): updateFrameRateSelectionPriorityIfNeeded refreshRate=0.0  package=com.gallery20
10-15 17:12:48.723 V/WindowManager( 1049): updateFrameRateSelectionPriorityIfNeeded refreshRate=0.0  package=com.lenovo.anyshare.gps
10-15 17:12:48.723 V/WindowManager( 1049): updateFrameRateSelectionPriorityIfNeeded refreshRate=0.0  package=com.yandex.browser
10-15 17:12:48.723 V/WindowManager( 1049): updateFrameRateSelectionPriorityIfNeeded refreshRate=0.0  package=org.telegram.messenger
10-15 17:12:48.723 V/WindowManager( 1049): updateFrameRateSelectionPriorityIfNeeded refreshRate=0.0  package=com.v2raytun.android
10-15 17:12:48.723 V/WindowManager( 1049): updateFrameRateSelectionPriorityIfNeeded refreshRate=0.0  package=com.whatsapp
10-15 17:12:48.723 V/WindowManager( 1049): updateFrameRateSelectionPriorityIfNeeded refreshRate=0.0  package=com.whatsapp
10-15 17:12:48.723 V/WindowManager( 1049): updateFrameRateSelectionPriorityIfNeeded refreshRate=0.0  package=com.transsion.XOSLauncher.upgrade
10-15 17:12:48.723 V/WindowManager( 1049): updateFrameRateSelectionPriorityIfNeeded refreshRate=0.0  package=com.transsion.XOSLauncher.upgrade
10-15 17:12:48.723 V/WindowManager( 1049): updateFrameRateSelectionPriorityIfNeeded refreshRate=0.0  package=com.zhiliaoapp.musically
10-15 17:12:48.725 V/WindowManager( 1049): updateFrameRateSelectionPriorityIfNeeded refreshRate=0.0  package=com.selfservice.kiosk.debug
10-15 17:12:48.726 V/WindowManager( 1049): updateFrameRateSelectionPriorityIfNeeded refreshRate=0.0  package=com.android.systemui
10-15 17:12:48.726 V/WindowManager( 1049): updateFrameRateSelectionPriorityIfNeeded refreshRate=0.0  package=com.transsnet.store
10-15 17:12:48.726 V/WindowManager( 1049): updateFrameRateSelectionPriorityIfNeeded refreshRate=0.0  package=com.transsnet.store
10-15 17:12:48.726 V/WindowManager( 1049): updateFrameRateSelectionPriorityIfNeeded refreshRate=0.0  package=com.transsnet.store
10-15 17:12:48.727 V/WindowManager( 1049): updateFrameRateSelectionPriorityIfNeeded refreshRate=0.0  package=com.transsnet.store
10-15 17:12:48.727 V/WindowManager( 1049): updateFrameRateSelectionPriorityIfNeeded refreshRate=0.0  package=com.transsion.smartpanel
10-15 17:12:48.727 V/WindowManager( 1049): updateFrameRateSelectionPriorityIfNeeded refreshRate=0.0  package=ru.yandex.androidkeyboard
10-15 17:12:48.727 V/WindowManager( 1049): updateFrameRateSelectionPriorityIfNeeded refreshRate=0.0  package=com.android.systemui
10-15 17:12:48.727 V/WindowManager( 1049): updateFrameRateSelectionPriorityIfNeeded refreshRate=0.0  package=com.android.systemui
10-15 17:12:48.727 V/WindowManager( 1049): updateFrameRateSelectionPriorityIfNeeded refreshRate=0.0  package=com.android.systemui
10-15 17:12:48.727 V/WindowManager( 1049): updateFrameRateSelectionPriorityIfNeeded refreshRate=0.0  package=com.android.systemui
10-15 17:12:48.727 V/WindowManager( 1049): updateFrameRateSelectionPriorityIfNeeded refreshRate=0.0  package=com.android.systemui
10-15 17:12:48.728 V/WindowManager( 1049): updateFrameRateSelectionPriorityIfNeeded refreshRate=0.0  package=com.android.systemui
10-15 17:12:48.728 V/WindowManager( 1049): updateFrameRateSelectionPriorityIfNeeded refreshRate=0.0  package=com.android.systemui
10-15 17:12:48.731 V/WindowManager( 1049): updateFrameRateSelectionPriorityIfNeeded refreshRate=0.0  package=com.android.systemui
10-15 17:12:48.731 V/WindowManager( 1049): updateFrameRateSelectionPriorityIfNeeded refreshRate=0.0  package=com.whatsapp.w4b
10-15 17:12:48.731 V/WindowManager( 1049): updateFrameRateSelectionPriorityIfNeeded refreshRate=0.0  package=com.whatsapp.w4b
10-15 17:12:48.731 V/WindowManager( 1049): updateFrameRateSelectionPriorityIfNeeded refreshRate=0.0  package=ai.perplexity.app.android
10-15 17:12:48.731 E/RefreshRatePolicy( 1049): whxdebug WindowState preferredDisplayModeId=60.0  packageName=com.transsion.camera
10-15 17:12:48.731 V/WindowManager( 1049): updateFrameRateSelectionPriorityIfNeeded refreshRate=60.0  package=com.transsion.camera
10-15 17:12:48.731 V/WindowManager( 1049): updateFrameRateSelectionPriorityIfNeeded refreshRate=0.0  package=com.gallery20
10-15 17:12:48.731 V/WindowManager( 1049): updateFrameRateSelectionPriorityIfNeeded refreshRate=0.0  package=com.gallery20
10-15 17:12:48.731 V/WindowManager( 1049): updateFrameRateSelectionPriorityIfNeeded refreshRate=0.0  package=com.lenovo.anyshare.gps
10-15 17:12:48.731 V/WindowManager( 1049): updateFrameRateSelectionPriorityIfNeeded refreshRate=0.0  package=com.yandex.browser
10-15 17:12:48.731 V/WindowManager( 1049): updateFrameRateSelectionPriorityIfNeeded refreshRate=0.0  package=org.telegram.messenger
10-15 17:12:48.731 V/WindowManager( 1049): updateFrameRateSelectionPriorityIfNeeded refreshRate=0.0  package=com.v2raytun.android
10-15 17:12:48.731 V/WindowManager( 1049): updateFrameRateSelectionPriorityIfNeeded refreshRate=0.0  package=com.whatsapp
10-15 17:12:48.731 V/WindowManager( 1049): updateFrameRateSelectionPriorityIfNeeded refreshRate=0.0  package=com.whatsapp
10-15 17:12:48.731 V/WindowManager( 1049): updateFrameRateSelectionPriorityIfNeeded refreshRate=0.0  package=com.transsion.XOSLauncher.upgrade
10-15 17:12:48.731 V/WindowManager( 1049): updateFrameRateSelectionPriorityIfNeeded refreshRate=0.0  package=com.transsion.XOSLauncher.upgrade
10-15 17:12:48.731 V/WindowManager( 1049): updateFrameRateSelectionPriorityIfNeeded refreshRate=0.0  package=com.zhiliaoapp.musically
10-15 17:12:48.731 V/WindowManager( 1049): updateFrameRateSelectionPriorityIfNeeded refreshRate=0.0  package=com.selfservice.kiosk.debug
10-15 17:12:48.731 V/WindowManager( 1049): updateFrameRateSelectionPriorityIfNeeded refreshRate=0.0  package=com.android.systemui
10-15 17:12:48.731 V/WindowManager( 1049): updateFrameRateSelectionPriorityIfNeeded refreshRate=0.0  package=com.transsnet.store
10-15 17:12:48.732 V/WindowManager( 1049): updateFrameRateSelectionPriorityIfNeeded refreshRate=0.0  package=com.transsnet.store
10-15 17:12:48.732 V/WindowManager( 1049): updateFrameRateSelectionPriorityIfNeeded refreshRate=0.0  package=com.transsnet.store
10-15 17:12:48.732 V/WindowManager( 1049): updateFrameRateSelectionPriorityIfNeeded refreshRate=0.0  package=com.transsnet.store
10-15 17:12:48.732 V/WindowManager( 1049): updateFrameRateSelectionPriorityIfNeeded refreshRate=0.0  package=com.transsion.smartpanel
10-15 17:12:48.732 V/WindowManager( 1049): updateFrameRateSelectionPriorityIfNeeded refreshRate=0.0  package=ru.yandex.androidkeyboard
10-15 17:12:48.732 V/WindowManager( 1049): updateFrameRateSelectionPriorityIfNeeded refreshRate=0.0  package=com.android.systemui
10-15 17:12:48.732 V/WindowManager( 1049): updateFrameRateSelectionPriorityIfNeeded refreshRate=0.0  package=com.android.systemui
10-15 17:12:48.732 V/WindowManager( 1049): updateFrameRateSelectionPriorityIfNeeded refreshRate=0.0  package=com.android.systemui
10-15 17:12:48.732 V/WindowManager( 1049): updateFrameRateSelectionPriorityIfNeeded refreshRate=0.0  package=com.android.systemui
10-15 17:12:48.732 V/WindowManager( 1049): updateFrameRateSelectionPriorityIfNeeded refreshRate=0.0  package=com.android.systemui
10-15 17:12:48.733 V/WindowManager( 1049): updateFrameRateSelectionPriorityIfNeeded refreshRate=0.0  package=com.android.systemui
10-15 17:12:48.733 V/WindowManager( 1049): updateFrameRateSelectionPriorityIfNeeded refreshRate=0.0  package=com.android.systemui
10-15 17:12:48.738 D/Game_Utils( 3212): getWindowingModeByTask mode : 1
10-15 17:12:48.742 V/WindowManager( 1049): updateFrameRateSelectionPriorityIfNeeded refreshRate=0.0  package=com.android.systemui
10-15 17:12:48.742 V/WindowManager( 1049): updateFrameRateSelectionPriorityIfNeeded refreshRate=0.0  package=com.whatsapp.w4b
10-15 17:12:48.742 V/WindowManager( 1049): updateFrameRateSelectionPriorityIfNeeded refreshRate=0.0  package=com.whatsapp.w4b
10-15 17:12:48.742 V/WindowManager( 1049): updateFrameRateSelectionPriorityIfNeeded refreshRate=0.0  package=ai.perplexity.app.android
10-15 17:12:48.742 E/RefreshRatePolicy( 1049): whxdebug WindowState preferredDisplayModeId=60.0  packageName=com.transsion.camera
10-15 17:12:48.742 V/WindowManager( 1049): updateFrameRateSelectionPriorityIfNeeded refreshRate=60.0  package=com.transsion.camera
10-15 17:12:48.742 V/WindowManager( 1049): updateFrameRateSelectionPriorityIfNeeded refreshRate=0.0  package=com.gallery20
10-15 17:12:48.742 V/WindowManager( 1049): updateFrameRateSelectionPriorityIfNeeded refreshRate=0.0  package=com.gallery20
10-15 17:12:48.742 V/WindowManager( 1049): updateFrameRateSelectionPriorityIfNeeded refreshRate=0.0  package=com.lenovo.anyshare.gps
10-15 17:12:48.742 V/WindowManager( 1049): updateFrameRateSelectionPriorityIfNeeded refreshRate=0.0  package=com.yandex.browser
10-15 17:12:48.742 V/WindowManager( 1049): updateFrameRateSelectionPriorityIfNeeded refreshRate=0.0  package=org.telegram.messenger
10-15 17:12:48.742 V/WindowManager( 1049): updateFrameRateSelectionPriorityIfNeeded refreshRate=0.0  package=com.v2raytun.android
10-15 17:12:48.742 V/WindowManager( 1049): updateFrameRateSelectionPriorityIfNeeded refreshRate=0.0  package=com.whatsapp
10-15 17:12:48.742 V/WindowManager( 1049): updateFrameRateSelectionPriorityIfNeeded refreshRate=0.0  package=com.whatsapp
10-15 17:12:48.742 I/Layer   (  681): name=1c768d1 com.zhiliaoapp.musically/com.ss.android.ugc.aweme.splash.SplashActivity, id=20899, visible=1, DrawingState.flags=0x100, paused=1, portal=-1, param=NOT_FOCUSABLE | NOT_TOUCHABLE | NOT_TOUCH_MODAL, feature=NO_INPUT_CHANNEL
10-15 17:12:48.742 V/WindowManager( 1049): updateFrameRateSelectionPriorityIfNeeded refreshRate=0.0  package=com.transsion.XOSLauncher.upgrade
10-15 17:12:48.742 V/WindowManager( 1049): updateFrameRateSelectionPriorityIfNeeded refreshRate=0.0  package=com.transsion.XOSLauncher.upgrade
10-15 17:12:48.742 I/Layer   (  681): name=SurfaceView[com.zhiliaoapp.musically/com.ss.android.ugc.aweme.splash.SplashActivity](BLAST)#0, id=20976, visible=1, DrawingState.flags=0x102, paused=0, portal=-1, param=NOT_TOUCH_MODAL, feature=NO_INPUT_CHANNEL
10-15 17:12:48.742 V/WindowManager( 1049): updateFrameRateSelectionPriorityIfNeeded refreshRate=0.0  package=com.zhiliaoapp.musically
10-15 17:12:48.742 I/Layer   (  681): name=SurfaceView[com.zhiliaoapp.musically/com.ss.android.ugc.aweme.splash.SplashActivity](BLAST)#2, id=20973, visible=1, DrawingState.flags=0x102, paused=0, portal=-1, param=NOT_TOUCH_MODAL, feature=NO_INPUT_CHANNEL
10-15 17:12:48.742 I/Layer   (  681): name=SurfaceView[com.zhiliaoapp.musically/com.ss.android.ugc.aweme.splash.SplashActivity](BLAST)#1, id=20970, visible=1, DrawingState.flags=0x102, paused=0, portal=-1, param=NOT_TOUCH_MODAL, feature=NO_INPUT_CHANNEL
10-15 17:12:48.742 V/WindowManager( 1049): updateFrameRateSelectionPriorityIfNeeded refreshRate=0.0  package=com.selfservice.kiosk.debug
10-15 17:12:48.742 V/WindowManager( 1049): updateFrameRateSelectionPriorityIfNeeded refreshRate=0.0  package=com.android.systemui
10-15 17:12:48.742 V/WindowManager( 1049): updateFrameRateSelectionPriorityIfNeeded refreshRate=0.0  package=com.transsnet.store
10-15 17:12:48.742 V/WindowManager( 1049): updateFrameRateSelectionPriorityIfNeeded refreshRate=0.0  package=com.transsnet.store
10-15 17:12:48.742 V/WindowManager( 1049): updateFrameRateSelectionPriorityIfNeeded refreshRate=0.0  package=com.transsnet.store
10-15 17:12:48.742 V/WindowManager( 1049): updateFrameRateSelectionPriorityIfNeeded refreshRate=0.0  package=com.transsnet.store
10-15 17:12:48.742 V/WindowManager( 1049): updateFrameRateSelectionPriorityIfNeeded refreshRate=0.0  package=com.transsion.smartpanel
10-15 17:12:48.742 V/WindowManager( 1049): updateFrameRateSelectionPriorityIfNeeded refreshRate=0.0  package=ru.yandex.androidkeyboard
10-15 17:12:48.742 V/WindowManager( 1049): updateFrameRateSelectionPriorityIfNeeded refreshRate=0.0  package=com.android.systemui
10-15 17:12:48.742 V/WindowManager( 1049): updateFrameRateSelectionPriorityIfNeeded refreshRate=0.0  package=com.android.systemui
10-15 17:12:48.742 V/WindowManager( 1049): updateFrameRateSelectionPriorityIfNeeded refreshRate=0.0  package=com.android.systemui
10-15 17:12:48.742 V/WindowManager( 1049): updateFrameRateSelectionPriorityIfNeeded refreshRate=0.0  package=com.android.systemui
10-15 17:12:48.742 V/WindowManager( 1049): updateFrameRateSelectionPriorityIfNeeded refreshRate=0.0  package=com.android.systemui
10-15 17:12:48.742 V/WindowManager( 1049): updateFrameRateSelectionPriorityIfNeeded refreshRate=0.0  package=com.android.systemui
10-15 17:12:48.742 V/WindowManager( 1049): updateFrameRateSelectionPriorityIfNeeded refreshRate=0.0  package=com.android.systemui
10-15 17:12:48.744 D/Game_Utils( 3212): isTheMainScreen, displayId: 0  classname = com.selfservice.kiosk.MainActivity
10-15 17:12:48.744 D/Game_Utils( 3212): getTopPackageNameNew pkm = com.selfservice.kiosk.debug
10-15 17:12:48.745 I/gralloc4(  681): unregister: id=269000071b7, vaddr=0x701d7ea000
10-15 17:12:48.748 I/gralloc4( 1381): register: id=269000071b7, vaddr=0x7a92e17000
10-15 17:12:48.748 I/gralloc4( 1658): register: id=269000071b7, vaddr=0x7939c8d000
10-15 17:12:48.749 I/gralloc4( 1381): register: id=269000071b7, vaddr=0x7a89f65000
10-15 17:12:48.752 I/gralloc4( 1381): register: id=269000071b7, vaddr=0x7976776000
10-15 17:12:48.752 I/gralloc4( 1381): unregister: id=269000071b7, vaddr=0x7976776000
10-15 17:12:48.753 D/Game_Utils( 3212): isQSplitscreenMode mode = 1
10-15 17:12:48.757 I/Layer   (  681): name=1c768d1 com.zhiliaoapp.musically/com.ss.android.ugc.aweme.splash.SplashActivity, id=20899, visible=1, DrawingState.flags=0x100, paused=1, portal=-1, param=NOT_FOCUSABLE | NOT_TOUCHABLE | NOT_TOUCH_MODAL, feature=NO_INPUT_CHANNEL
10-15 17:12:48.757 I/Layer   (  681): name=SurfaceView[com.zhiliaoapp.musically/com.ss.android.ugc.aweme.splash.SplashActivity](BLAST)#0, id=20976, visible=1, DrawingState.flags=0x102, paused=0, portal=-1, param=NOT_TOUCH_MODAL, feature=NO_INPUT_CHANNEL
10-15 17:12:48.757 I/Layer   (  681): name=SurfaceView[com.zhiliaoapp.musically/com.ss.android.ugc.aweme.splash.SplashActivity](BLAST)#2, id=20973, visible=1, DrawingState.flags=0x102, paused=0, portal=-1, param=NOT_TOUCH_MODAL, feature=NO_INPUT_CHANNEL
10-15 17:12:48.757 I/Layer   (  681): name=SurfaceView[com.zhiliaoapp.musically/com.ss.android.ugc.aweme.splash.SplashActivity](BLAST)#1, id=20970, visible=1, DrawingState.flags=0x102, paused=0, portal=-1, param=NOT_TOUCH_MODAL, feature=NO_INPUT_CHANNEL
10-15 17:12:48.760 D/Game_Utils( 3212): getWindowingModeByTask mode : 1
10-15 17:12:48.766 D/Game_Utils( 3212): isTheMainScreen, displayId: 0  classname = com.selfservice.kiosk.MainActivity
10-15 17:12:48.766 D/SmartPanelService( 3212): handlerActivityStart isResume = false  mPCIsResume = false  pkgName = com.selfservice.kiosk.debug
10-15 17:12:48.771 D/Game_Utils( 3212): isQSplitscreenMode mode = 1
10-15 17:12:48.774 I/Layer   (  681): name=1c768d1 com.zhiliaoapp.musically/com.ss.android.ugc.aweme.splash.SplashActivity, id=20899, visible=1, DrawingState.flags=0x100, paused=1, portal=-1, param=NOT_FOCUSABLE | NOT_TOUCHABLE | NOT_TOUCH_MODAL, feature=NO_INPUT_CHANNEL
10-15 17:12:48.774 I/Layer   (  681): name=SurfaceView[com.zhiliaoapp.musically/com.ss.android.ugc.aweme.splash.SplashActivity](BLAST)#0, id=20976, visible=1, DrawingState.flags=0x102, paused=0, portal=-1, param=NOT_TOUCH_MODAL, feature=NO_INPUT_CHANNEL
10-15 17:12:48.774 I/Layer   (  681): name=SurfaceView[com.zhiliaoapp.musically/com.ss.android.ugc.aweme.splash.SplashActivity](BLAST)#2, id=20973, visible=1, DrawingState.flags=0x102, paused=0, portal=-1, param=NOT_TOUCH_MODAL, feature=NO_INPUT_CHANNEL
10-15 17:12:48.774 I/Layer   (  681): name=SurfaceView[com.zhiliaoapp.musically/com.ss.android.ugc.aweme.splash.SplashActivity](BLAST)#1, id=20970, visible=1, DrawingState.flags=0x102, paused=0, portal=-1, param=NOT_TOUCH_MODAL, feature=NO_INPUT_CHANNEL
10-15 17:12:48.777 D/os.ActivityManagerServiceLice( 1049): make process active com.selfservice.kiosk.debug(22981)
10-15 17:12:48.777 I/gralloc4(  618): register: id=269000071b6, vaddr=0x76d9563000
10-15 17:12:48.778 D/Game_Utils( 3212): getWindowingModeByTask mode : 1
10-15 17:12:48.780 D/os.lice ( 1049): dispatch event ON_REAL_START_ACTIVITY_LOCKED to 1312
10-15 17:12:48.781 D/os.lice ( 1312): receive ON_REAL_START_ACTIVITY_LOCKED priority:0 groupId:12
10-15 17:12:48.782 D/os.agency( 1312): event begin: 120003 com.transsion.lice.RealStartActivityLockedParcel{activityRecord: com.transsion.lice.summons.ActivityRecordParcel{mHashCode: 124009268, mUserId: 0, packageName: com.selfservice.kiosk.debug, mActivityComponent: com.transsion.lice.summons.ComponentNameParcel{mPackage: com.selfservice.kiosk.debug, mClass: com.selfservice.kiosk.MainActivity}, pid: 22981, uid: 10431, launchedFromPid: 22975, launchedFromUid: 2000, launchedFromPackage: com.android.shell, launchedFromFeatureId: null, intent: com.transsion.lice.summons.IntentParcel{mAction: null, mData: null, mType: null, mIdentifier: null, mPackage: null, mComponent: com.transsion.lice.summons.ComponentNameParcel{mPackage: com.selfservice.kiosk.debug, mClass: com.selfservice.kiosk.MainActivity}, mFlags: 268435456, mCategories: null}, windowFlags: 16777216, mState: 0, taskId: 1234, mDrawn: false, displayId: 0}, isKeyguardShowing: false}
10-15 17:12:48.782 D/os.jupiter( 1312): post check task 407 ComponentInfo{com.selfservice.kiosk.debug/com.selfservice.kiosk.MainActivity}
10-15 17:12:48.782 D/os.agency( 1312): event end: 120003
10-15 17:12:48.783 D/os.fingerprint( 1049): onRealStartActivityLocked next:ActivityRecord{7643b34 u0 com.selfservice.kiosk.debug/com.selfservice.kiosk.MainActivity t1234} isKeyguardShowing:false
10-15 17:12:48.783 D/VideoCallEnhancerControlImpl( 1049): className is com.selfservice.kiosk.debug/com.selfservice.kiosk.MainActivity
10-15 17:12:48.783 D/os.fingerprint( 1049): activityComponent = ComponentInfo{com.selfservice.kiosk.debug/com.selfservice.kiosk.MainActivity} inMultiWindow = false
10-15 17:12:48.783 D/WindowManager( 1049): setFocusedApp mFocusedApp = ActivityRecord{7643b34 u0 com.selfservice.kiosk.debug/com.selfservice.kiosk.MainActivity t1234}
10-15 17:12:48.785 D/os.fingerprint( 1049): onUpdateFocusedApp oldPackageName:com.zhiliaoapp.musically oldComponent:ComponentInfo{com.zhiliaoapp.musically/com.ss.android.ugc.aweme.main.MainActivity} newPackageName:null newComponent:null mFm :android.hardware.fingerprint.FingerprintManager@3b51c18
10-15 17:12:48.788 I/WindowManager( 1049): Input focus has changed to null from 1c768d1 com.zhiliaoapp.musically/com.ss.android.ugc.aweme.splash.SplashActivity mDisplayId 0 updateInputWindows true
10-15 17:12:48.791 I/Layer   (  681): name=1c768d1 com.zhiliaoapp.musically/com.ss.android.ugc.aweme.splash.SplashActivity, id=20899, visible=1, DrawingState.flags=0x100, paused=1, portal=-1, param=NOT_FOCUSABLE | NOT_TOUCHABLE | NOT_TOUCH_MODAL, feature=NO_INPUT_CHANNEL
10-15 17:12:48.791 I/Layer   (  681): name=SurfaceView[com.zhiliaoapp.musically/com.ss.android.ugc.aweme.splash.SplashActivity](BLAST)#0, id=20976, visible=1, DrawingState.flags=0x102, paused=0, portal=-1, param=NOT_TOUCH_MODAL, feature=NO_INPUT_CHANNEL
10-15 17:12:48.792 I/Layer   (  681): name=SurfaceView[com.zhiliaoapp.musically/com.ss.android.ugc.aweme.splash.SplashActivity](BLAST)#2, id=20973, visible=1, DrawingState.flags=0x102, paused=0, portal=-1, param=NOT_TOUCH_MODAL, feature=NO_INPUT_CHANNEL
10-15 17:12:48.792 I/Layer   (  681): name=SurfaceView[com.zhiliaoapp.musically/com.ss.android.ugc.aweme.splash.SplashActivity](BLAST)#1, id=20970, visible=1, DrawingState.flags=0x102, paused=0, portal=-1, param=NOT_TOUCH_MODAL, feature=NO_INPUT_CHANNEL
10-15 17:12:48.792 E/WindowManagerService( 1049): open /proc/iomanager/activity error:2
10-15 17:12:48.793 E/WindowManagerService( 1049): open /sys/power/pnpmgr/ams/usage error:13
10-15 17:12:48.794 D/Griffin/Hooker( 1049): PreviousApp = com.zhiliaoapp.musically/com.ss.android.ugc.aweme.splash.SplashActivity
10-15 17:12:48.794 D/vendor.unisoc.hardware.power-service(  643): Enter getSceneIdByName: sceneName:com.selfservice.kiosk.debug
10-15 17:12:48.793 W/com.transsion.a( 1049): type=1400 audit(0.0:47229): avc: denied { read } for name="u:object_r:vendor_default_prop:s0" dev="tmpfs" ino=11079 scontext=u:r:system_server:s0 tcontext=u:object_r:vendor_default_prop:s0 tclass=file permissive=0
10-15 17:12:48.793 W/com.transsion.a( 1049): type=1400 audit(0.0:47230): avc: denied { read } for name="u:object_r:vendor_default_prop:s0" dev="tmpfs" ino=11079 scontext=u:r:system_server:s0 tcontext=u:object_r:vendor_default_prop:s0 tclass=file permissive=0
10-15 17:12:48.796 W/libc    ( 1049): Access denied finding property "ro.vendor.pnpmgr.game.record"
10-15 17:12:48.796 W/libc    ( 1049): Access denied finding property "ro.vendor.pnpmgr.touch.ctl"
10-15 17:12:48.796 I/ActivityManager( 1049): Applaunch form com.zhiliaoapp.musically to com.selfservice.kiosk.debug
10-15 17:12:48.798 I/ActivityThread(22981): Relaunch all activities: onCoreSettingsChange
10-15 17:12:48.800 D/CompatibilityChangeReporter(22981): Compat change id reported: 171979766; UID 10431; state: ENABLED
10-15 17:12:48.801 V/WindowManager( 1049): updateFrameRateSelectionPriorityIfNeeded refreshRate=0.0  package=com.android.systemui
10-15 17:12:48.801 V/WindowManager( 1049): updateFrameRateSelectionPriorityIfNeeded refreshRate=0.0  package=com.whatsapp.w4b
10-15 17:12:48.801 V/WindowManager( 1049): updateFrameRateSelectionPriorityIfNeeded refreshRate=0.0  package=com.whatsapp.w4b
10-15 17:12:48.801 V/WindowManager( 1049): updateFrameRateSelectionPriorityIfNeeded refreshRate=0.0  package=ai.perplexity.app.android
10-15 17:12:48.801 E/RefreshRatePolicy( 1049): whxdebug WindowState preferredDisplayModeId=60.0  packageName=com.transsion.camera
10-15 17:12:48.801 V/WindowManager( 1049): updateFrameRateSelectionPriorityIfNeeded refreshRate=60.0  package=com.transsion.camera
10-15 17:12:48.801 V/WindowManager( 1049): updateFrameRateSelectionPriorityIfNeeded refreshRate=0.0  package=com.gallery20
10-15 17:12:48.801 V/WindowManager( 1049): updateFrameRateSelectionPriorityIfNeeded refreshRate=0.0  package=com.gallery20
10-15 17:12:48.801 V/WindowManager( 1049): updateFrameRateSelectionPriorityIfNeeded refreshRate=0.0  package=com.lenovo.anyshare.gps
10-15 17:12:48.801 V/WindowManager( 1049): updateFrameRateSelectionPriorityIfNeeded refreshRate=0.0  package=com.yandex.browser
10-15 17:12:48.801 V/WindowManager( 1049): updateFrameRateSelectionPriorityIfNeeded refreshRate=0.0  package=org.telegram.messenger
10-15 17:12:48.801 V/WindowManager( 1049): updateFrameRateSelectionPriorityIfNeeded refreshRate=0.0  package=com.v2raytun.android
10-15 17:12:48.801 V/WindowManager( 1049): updateFrameRateSelectionPriorityIfNeeded refreshRate=0.0  package=com.whatsapp
10-15 17:12:48.801 V/WindowManager( 1049): updateFrameRateSelectionPriorityIfNeeded refreshRate=0.0  package=com.whatsapp
10-15 17:12:48.801 V/WindowManager( 1049): updateFrameRateSelectionPriorityIfNeeded refreshRate=0.0  package=com.transsion.XOSLauncher.upgrade
10-15 17:12:48.801 V/WindowManager( 1049): updateFrameRateSelectionPriorityIfNeeded refreshRate=0.0  package=com.transsion.XOSLauncher.upgrade
10-15 17:12:48.801 V/WindowManager( 1049): updateFrameRateSelectionPriorityIfNeeded refreshRate=0.0  package=com.zhiliaoapp.musically
10-15 17:12:48.801 V/WindowManager( 1049): updateFrameRateSelectionPriorityIfNeeded refreshRate=0.0  package=com.selfservice.kiosk.debug
10-15 17:12:48.801 V/WindowManager( 1049): updateFrameRateSelectionPriorityIfNeeded refreshRate=0.0  package=com.android.systemui
10-15 17:12:48.801 V/WindowManager( 1049): updateFrameRateSelectionPriorityIfNeeded refreshRate=0.0  package=com.transsnet.store
10-15 17:12:48.802 V/WindowManager( 1049): updateFrameRateSelectionPriorityIfNeeded refreshRate=0.0  package=com.transsnet.store
10-15 17:12:48.802 V/WindowManager( 1049): updateFrameRateSelectionPriorityIfNeeded refreshRate=0.0  package=com.transsnet.store
10-15 17:12:48.802 V/WindowManager( 1049): updateFrameRateSelectionPriorityIfNeeded refreshRate=0.0  package=com.transsnet.store
10-15 17:12:48.802 V/WindowManager( 1049): updateFrameRateSelectionPriorityIfNeeded refreshRate=0.0  package=com.transsion.smartpanel
10-15 17:12:48.802 V/WindowManager( 1049): updateFrameRateSelectionPriorityIfNeeded refreshRate=0.0  package=ru.yandex.androidkeyboard
10-15 17:12:48.802 V/WindowManager( 1049): updateFrameRateSelectionPriorityIfNeeded refreshRate=0.0  package=com.android.systemui
10-15 17:12:48.802 V/WindowManager( 1049): updateFrameRateSelectionPriorityIfNeeded refreshRate=0.0  package=com.android.systemui
10-15 17:12:48.802 V/WindowManager( 1049): updateFrameRateSelectionPriorityIfNeeded refreshRate=0.0  package=com.android.systemui
10-15 17:12:48.802 V/WindowManager( 1049): updateFrameRateSelectionPriorityIfNeeded refreshRate=0.0  package=com.android.systemui
10-15 17:12:48.802 V/WindowManager( 1049): updateFrameRateSelectionPriorityIfNeeded refreshRate=0.0  package=com.android.systemui
10-15 17:12:48.802 V/WindowManager( 1049): updateFrameRateSelectionPriorityIfNeeded refreshRate=0.0  package=com.android.systemui
10-15 17:12:48.802 V/WindowManager( 1049): updateFrameRateSelectionPriorityIfNeeded refreshRate=0.0  package=com.android.systemui
10-15 17:12:48.805 D/os.SingleLiceFactory(22981): instance successfully. com.transsion.typeface.v1.TypefaceLice@7373785 from android.graphics.IGraphicLice
10-15 17:12:48.805 D/os.LiceInfo(22981): instance successfully. com.transsion.graphics.GraphicLice@16ea276 from android.graphics.IGraphicLice
10-15 17:12:48.811 D/Game_Utils( 3212): isTheMainScreen, displayId: 0  classname = com.selfservice.kiosk.MainActivity
10-15 17:12:48.811 D/SmartPanelService( 3212): handlerVideoStart isResume = false  VIDEO_PACKAGE =   pkgName = com.selfservice.kiosk.debug
10-15 17:12:48.812 I/SmartPanel_SmartPanelService( 3212): activityCheck pkgName: com.selfservice.kiosk.debug, className: com.selfservice.kiosk.MainActivity isResume=false isInshow =true isDrawn = false
10-15 17:12:48.812 I/SmartPanel_SlideState( 3212): clear, releasePress
10-15 17:12:48.822 D/Game_Utils( 3212): getWindowingModeByTask mode : 1
10-15 17:12:48.827 D/Game_Utils( 3212): isTheMainScreen, displayId: 0  classname = com.selfservice.kiosk.MainActivity
10-15 17:12:48.832 D/Game_Utils( 3212): isQSplitscreenMode mode = 1
10-15 17:12:48.839 D/Game_Utils( 3212): getWindowingModeByTask mode : 1
10-15 17:12:48.844 D/Game_Utils( 3212): isTheMainScreen, displayId: 0  classname = com.selfservice.kiosk.MainActivity
10-15 17:12:48.844 D/Game_Utils( 3212): getTopPackageNameNew pkm = com.selfservice.kiosk.debug
10-15 17:12:48.850 D/Game_Utils( 3212): isQSplitscreenMode mode = 1
10-15 17:12:48.855 D/Game_Utils( 3212): getWindowingModeByTask mode : 1
10-15 17:12:48.860 D/Game_Utils( 3212): isTheMainScreen, displayId: 0  classname = com.selfservice.kiosk.MainActivity
10-15 17:12:48.860 D/SmartPanelService( 3212): handlerActivityStart isResume = false  mPCIsResume = false  pkgName = com.selfservice.kiosk.debug
10-15 17:12:48.864 D/Game_Utils( 3212): isQSplitscreenMode mode = 1
10-15 17:12:48.870 D/Game_Utils( 3212): getWindowingModeByTask mode : 1
10-15 17:12:48.874 D/Game_Utils( 3212): isTheMainScreen, displayId: 0  classname = com.selfservice.kiosk.MainActivity
10-15 17:12:48.875 D/SmartPanelService( 3212): handlerVideoStart isResume = false  VIDEO_PACKAGE =   pkgName = com.selfservice.kiosk.debug
10-15 17:12:48.876 I/SmartPanel_SlideState( 3212): clear, releasePress
10-15 17:12:48.883 I/APM_AudioPolicyManagerSPRD(  671): stopOutput portId 1972
10-15 17:12:48.883 I/APM_AudioPolicyManager(  671): stopOutput portId 1972
10-15 17:12:48.883 D/SceneRecognizer( 1049): notifySceneStatusChanged: notify 1 receivers
10-15 17:12:48.884 I/APM_AudioPolicyManager(  671): stopOutput() output 13, stream 3, session 14577
10-15 17:12:48.884 I/APM_AudioPolicyManager(  671): getNewOutputDevices selected devices AUDIO_DEVICE_NONE
10-15 17:12:48.884 I/APM_AudioPolicyManager(  671): setOutputDevices device AUDIO_DEVICE_NONE delayMs 250
10-15 17:12:48.885 I/APM_AudioPolicyManager(  671): getNewOutputDevices selected devices AUDIO_DEVICE_NONE
10-15 17:12:48.886 I/APM_AudioPolicyManager(  671): setOutputDevices device AUDIO_DEVICE_NONE delayMs 250
10-15 17:12:48.886 D/AlarmManager( 1049): Package com.selfservice.kiosk.debug for user 0 now in bucket 10
10-15 17:12:48.887 I/APM_AudioPolicyManager(  671): setOutputDevices changing device to AUDIO_DEVICE_NONE
10-15 17:12:49.039 D/PowerController.BgClean( 1049): new APK:com.selfservice.kiosk.debug is installed! for userId:0
10-15 17:12:49.046 D/nativeloader(22981): Configuring clns-4 for other apk /data/app/~~DwDp345UPzlXrMSq4bcuFg==/com.selfservice.kiosk.debug-BGeTa2PSjFPRtM2GK8Sr3g==/base.apk. target_sdk_version=34, uses_libraries=, library_path=/data/app/~~DwDp345UPzlXrMSq4bcuFg==/com.selfservice.kiosk.debug-BGeTa2PSjFPRtM2GK8Sr3g==/lib/arm64, permitted_path=/data:/mnt/expand:/data/user/0/com.selfservice.kiosk.debug
10-15 17:12:49.056 V/GraphicsEnvironment(22981): ANGLE Developer option for 'com.selfservice.kiosk.debug' set to: 'default'
10-15 17:12:49.056 V/GraphicsEnvironment(22981): Neither updatable production driver nor prerelease driver is supported.
10-15 17:12:49.060 I/LoadedApk(22981): No resource references to update in package com.transsion.theme.icon
10-15 17:12:49.060 D/NetworkSecurityConfig(22981): No Network Security Config specified, using platform default
10-15 17:12:49.061 D/NetworkSecurityConfig(22981): No Network Security Config specified, using platform default
10-15 17:12:49.075 I/gralloc4(  618): unregister: id=269000071a1, vaddr=0x76d99e6000
10-15 17:12:49.075 I/gralloc4(  618): unregister: id=2690000719a, vaddr=0x76da2ec000
10-15 17:12:49.075 I/gralloc4(  618): unregister: id=2690000719b, vaddr=0x76d9e69000
10-15 17:12:49.075 I/gralloc4(  618): unregister: id=26900007196, vaddr=0x76df17d000
10-15 17:12:49.075 I/gralloc4(  618): unregister: id=2690000716e, vaddr=0x76df600000
10-15 17:12:49.076 I/gralloc4(  618): unregister: id=269000071b1, vaddr=0x76db76f000
10-15 17:12:49.076 I/gralloc4(  618): unregister: id=269000071b0, vaddr=0x76dc218000
10-15 17:12:49.076 I/gralloc4(  618): unregister: id=269000071af, vaddr=0x76dc5ab000
10-15 17:12:49.076 I/gralloc4(  618): unregister: id=269000071ad, vaddr=0x76ddced000
10-15 17:12:49.159 V/WindowManager( 1049): updateFrameRateSelectionPriorityIfNeeded refreshRate=0.0  package=com.android.systemui
10-15 17:12:49.159 V/WindowManager( 1049): updateFrameRateSelectionPriorityIfNeeded refreshRate=0.0  package=com.whatsapp.w4b
10-15 17:12:49.159 V/WindowManager( 1049): updateFrameRateSelectionPriorityIfNeeded refreshRate=0.0  package=com.whatsapp.w4b
10-15 17:12:49.159 V/WindowManager( 1049): updateFrameRateSelectionPriorityIfNeeded refreshRate=0.0  package=ai.perplexity.app.android
10-15 17:12:49.159 E/RefreshRatePolicy( 1049): whxdebug WindowState preferredDisplayModeId=60.0  packageName=com.transsion.camera
10-15 17:12:49.159 V/WindowManager( 1049): updateFrameRateSelectionPriorityIfNeeded refreshRate=60.0  package=com.transsion.camera
10-15 17:12:49.159 V/WindowManager( 1049): updateFrameRateSelectionPriorityIfNeeded refreshRate=0.0  package=com.gallery20
10-15 17:12:49.160 V/WindowManager( 1049): updateFrameRateSelectionPriorityIfNeeded refreshRate=0.0  package=com.gallery20
10-15 17:12:49.160 V/WindowManager( 1049): updateFrameRateSelectionPriorityIfNeeded refreshRate=0.0  package=com.lenovo.anyshare.gps
10-15 17:12:49.160 V/WindowManager( 1049): updateFrameRateSelectionPriorityIfNeeded refreshRate=0.0  package=com.yandex.browser
10-15 17:12:49.160 V/WindowManager( 1049): updateFrameRateSelectionPriorityIfNeeded refreshRate=0.0  package=org.telegram.messenger
10-15 17:12:49.160 V/WindowManager( 1049): updateFrameRateSelectionPriorityIfNeeded refreshRate=0.0  package=com.v2raytun.android
10-15 17:12:49.160 V/WindowManager( 1049): updateFrameRateSelectionPriorityIfNeeded refreshRate=0.0  package=com.whatsapp
10-15 17:12:49.160 V/WindowManager( 1049): updateFrameRateSelectionPriorityIfNeeded refreshRate=0.0  package=com.whatsapp
10-15 17:12:49.160 V/WindowManager( 1049): updateFrameRateSelectionPriorityIfNeeded refreshRate=0.0  package=com.transsion.XOSLauncher.upgrade
10-15 17:12:49.160 V/WindowManager( 1049): updateFrameRateSelectionPriorityIfNeeded refreshRate=0.0  package=com.transsion.XOSLauncher.upgrade
10-15 17:12:49.160 V/WindowManager( 1049): updateFrameRateSelectionPriorityIfNeeded refreshRate=0.0  package=com.zhiliaoapp.musically
10-15 17:12:49.161 V/WindowManager( 1049): updateFrameRateSelectionPriorityIfNeeded refreshRate=0.0  package=com.selfservice.kiosk.debug
10-15 17:12:49.161 V/WindowManager( 1049): updateFrameRateSelectionPriorityIfNeeded refreshRate=0.0  package=com.android.systemui
10-15 17:12:49.161 V/WindowManager( 1049): updateFrameRateSelectionPriorityIfNeeded refreshRate=0.0  package=com.transsnet.store
10-15 17:12:49.161 V/WindowManager( 1049): updateFrameRateSelectionPriorityIfNeeded refreshRate=0.0  package=com.transsnet.store
10-15 17:12:49.161 V/WindowManager( 1049): updateFrameRateSelectionPriorityIfNeeded refreshRate=0.0  package=com.transsnet.store
10-15 17:12:49.161 V/WindowManager( 1049): updateFrameRateSelectionPriorityIfNeeded refreshRate=0.0  package=com.transsnet.store
10-15 17:12:49.161 V/WindowManager( 1049): updateFrameRateSelectionPriorityIfNeeded refreshRate=0.0  package=com.transsion.smartpanel
10-15 17:12:49.161 V/WindowManager( 1049): updateFrameRateSelectionPriorityIfNeeded refreshRate=0.0  package=ru.yandex.androidkeyboard
10-15 17:12:49.162 V/WindowManager( 1049): updateFrameRateSelectionPriorityIfNeeded refreshRate=0.0  package=com.android.systemui
10-15 17:12:49.162 V/WindowManager( 1049): updateFrameRateSelectionPriorityIfNeeded refreshRate=0.0  package=com.android.systemui
10-15 17:12:49.162 V/WindowManager( 1049): updateFrameRateSelectionPriorityIfNeeded refreshRate=0.0  package=com.android.systemui
10-15 17:12:49.162 V/WindowManager( 1049): updateFrameRateSelectionPriorityIfNeeded refreshRate=0.0  package=com.android.systemui
10-15 17:12:49.162 V/WindowManager( 1049): updateFrameRateSelectionPriorityIfNeeded refreshRate=0.0  package=com.android.systemui
10-15 17:12:49.162 V/WindowManager( 1049): updateFrameRateSelectionPriorityIfNeeded refreshRate=0.0  package=com.android.systemui
10-15 17:12:49.162 V/WindowManager( 1049): updateFrameRateSelectionPriorityIfNeeded refreshRate=0.0  package=com.android.systemui
10-15 17:12:49.164 D/PowerManagerService( 1049): userActivityNoUpdateLocked: Scene not defined, event:0
10-15 17:12:49.166 V/WindowManager( 1049): updateFrameRateSelectionPriorityIfNeeded refreshRate=0.0  package=com.android.systemui
10-15 17:12:49.166 V/WindowManager( 1049): updateFrameRateSelectionPriorityIfNeeded refreshRate=0.0  package=com.whatsapp.w4b
10-15 17:12:49.167 V/WindowManager( 1049): updateFrameRateSelectionPriorityIfNeeded refreshRate=0.0  package=com.whatsapp.w4b
10-15 17:12:49.167 V/WindowManager( 1049): updateFrameRateSelectionPriorityIfNeeded refreshRate=0.0  package=ai.perplexity.app.android
10-15 17:12:49.167 E/RefreshRatePolicy( 1049): whxdebug WindowState preferredDisplayModeId=60.0  packageName=com.transsion.camera
10-15 17:12:49.167 V/WindowManager( 1049): updateFrameRateSelectionPriorityIfNeeded refreshRate=60.0  package=com.transsion.camera
10-15 17:12:49.167 V/WindowManager( 1049): updateFrameRateSelectionPriorityIfNeeded refreshRate=0.0  package=com.gallery20
10-15 17:12:49.167 V/WindowManager( 1049): updateFrameRateSelectionPriorityIfNeeded refreshRate=0.0  package=com.gallery20
10-15 17:12:49.167 V/WindowManager( 1049): updateFrameRateSelectionPriorityIfNeeded refreshRate=0.0  package=com.lenovo.anyshare.gps
10-15 17:12:49.167 V/WindowManager( 1049): updateFrameRateSelectionPriorityIfNeeded refreshRate=0.0  package=com.yandex.browser
10-15 17:12:49.167 V/WindowManager( 1049): updateFrameRateSelectionPriorityIfNeeded refreshRate=0.0  package=org.telegram.messenger
10-15 17:12:49.167 V/WindowManager( 1049): updateFrameRateSelectionPriorityIfNeeded refreshRate=0.0  package=com.v2raytun.android
10-15 17:12:49.168 V/WindowManager( 1049): updateFrameRateSelectionPriorityIfNeeded refreshRate=0.0  package=com.whatsapp
10-15 17:12:49.168 V/WindowManager( 1049): updateFrameRateSelectionPriorityIfNeeded refreshRate=0.0  package=com.whatsapp
10-15 17:12:49.168 V/WindowManager( 1049): updateFrameRateSelectionPriorityIfNeeded refreshRate=0.0  package=com.transsion.XOSLauncher.upgrade
10-15 17:12:49.168 V/WindowManager( 1049): updateFrameRateSelectionPriorityIfNeeded refreshRate=0.0  package=com.transsion.XOSLauncher.upgrade
10-15 17:12:49.168 V/WindowManager( 1049): updateFrameRateSelectionPriorityIfNeeded refreshRate=0.0  package=com.zhiliaoapp.musically
10-15 17:12:49.168 V/WindowManager( 1049): updateFrameRateSelectionPriorityIfNeeded refreshRate=0.0  package=com.selfservice.kiosk.debug
10-15 17:12:49.168 V/WindowManager( 1049): updateFrameRateSelectionPriorityIfNeeded refreshRate=0.0  package=com.android.systemui
10-15 17:12:49.168 V/WindowManager( 1049): updateFrameRateSelectionPriorityIfNeeded refreshRate=0.0  package=com.transsnet.store
10-15 17:12:49.168 V/WindowManager( 1049): updateFrameRateSelectionPriorityIfNeeded refreshRate=0.0  package=com.transsnet.store
10-15 17:12:49.168 V/WindowManager( 1049): updateFrameRateSelectionPriorityIfNeeded refreshRate=0.0  package=com.transsnet.store
10-15 17:12:49.169 V/WindowManager( 1049): updateFrameRateSelectionPriorityIfNeeded refreshRate=0.0  package=com.transsnet.store
10-15 17:12:49.169 V/WindowManager( 1049): updateFrameRateSelectionPriorityIfNeeded refreshRate=0.0  package=com.transsion.smartpanel
10-15 17:12:49.169 V/WindowManager( 1049): updateFrameRateSelectionPriorityIfNeeded refreshRate=0.0  package=ru.yandex.androidkeyboard
10-15 17:12:49.169 V/WindowManager( 1049): updateFrameRateSelectionPriorityIfNeeded refreshRate=0.0  package=com.android.systemui
10-15 17:12:49.169 V/WindowManager( 1049): updateFrameRateSelectionPriorityIfNeeded refreshRate=0.0  package=com.android.systemui
10-15 17:12:49.169 V/WindowManager( 1049): updateFrameRateSelectionPriorityIfNeeded refreshRate=0.0  package=com.android.systemui
10-15 17:12:49.169 V/WindowManager( 1049): updateFrameRateSelectionPriorityIfNeeded refreshRate=0.0  package=com.android.systemui
10-15 17:12:49.169 V/WindowManager( 1049): updateFrameRateSelectionPriorityIfNeeded refreshRate=0.0  package=com.android.systemui
10-15 17:12:49.169 V/WindowManager( 1049): updateFrameRateSelectionPriorityIfNeeded refreshRate=0.0  package=com.android.systemui
10-15 17:12:49.170 V/WindowManager( 1049): updateFrameRateSelectionPriorityIfNeeded refreshRate=0.0  package=com.android.systemui
10-15 17:12:49.171 D/SSense  ( 1049): windowsChanged
10-15 17:12:49.173 V/WindowManager( 1049): updateFrameRateSelectionPriorityIfNeeded refreshRate=0.0  package=com.android.systemui
10-15 17:12:49.173 V/WindowManager( 1049): updateFrameRateSelectionPriorityIfNeeded refreshRate=0.0  package=com.whatsapp.w4b
10-15 17:12:49.173 V/WindowManager( 1049): updateFrameRateSelectionPriorityIfNeeded refreshRate=0.0  package=com.whatsapp.w4b
10-15 17:12:49.174 V/WindowManager( 1049): updateFrameRateSelectionPriorityIfNeeded refreshRate=0.0  package=ai.perplexity.app.android
10-15 17:12:49.174 D/WindowManager( 1049): after removeSurfaceViewPkg packageName = com.zhiliaoapp.musically count:2
10-15 17:12:49.174 E/RefreshRatePolicy( 1049): whxdebug WindowState preferredDisplayModeId=60.0  packageName=com.transsion.camera
10-15 17:12:49.174 V/WindowManager( 1049): updateFrameRateSelectionPriorityIfNeeded refreshRate=60.0  package=com.transsion.camera
10-15 17:12:49.174 V/WindowManager( 1049): updateFrameRateSelectionPriorityIfNeeded refreshRate=0.0  package=com.gallery20
10-15 17:12:49.175 V/WindowManager( 1049): updateFrameRateSelectionPriorityIfNeeded refreshRate=0.0  package=com.gallery20
10-15 17:12:49.175 I/gralloc4(11871): unregister: id=269000071ab, vaddr=0x7955055000
10-15 17:12:49.175 V/WindowManager( 1049): updateFrameRateSelectionPriorityIfNeeded refreshRate=0.0  package=com.lenovo.anyshare.gps
10-15 17:12:49.175 V/WindowManager( 1049): updateFrameRateSelectionPriorityIfNeeded refreshRate=0.0  package=com.yandex.browser
10-15 17:12:49.175 V/WindowManager( 1049): updateFrameRateSelectionPriorityIfNeeded refreshRate=0.0  package=org.telegram.messenger
10-15 17:12:49.175 V/WindowManager( 1049): updateFrameRateSelectionPriorityIfNeeded refreshRate=0.0  package=com.v2raytun.android
10-15 17:12:49.175 V/WindowManager( 1049): updateFrameRateSelectionPriorityIfNeeded refreshRate=0.0  package=com.whatsapp
10-15 17:12:49.175 V/WindowManager( 1049): updateFrameRateSelectionPriorityIfNeeded refreshRate=0.0  package=com.whatsapp
10-15 17:12:49.175 V/WindowManager( 1049): updateFrameRateSelectionPriorityIfNeeded refreshRate=0.0  package=com.transsion.XOSLauncher.upgrade
10-15 17:12:49.175 V/WindowManager( 1049): updateFrameRateSelectionPriorityIfNeeded refreshRate=0.0  package=com.transsion.XOSLauncher.upgrade
10-15 17:12:49.175 I/gralloc4(11871): unregister: id=269000071ae, vaddr=0x739b71e000
10-15 17:12:49.175 V/WindowManager( 1049): updateFrameRateSelectionPriorityIfNeeded refreshRate=0.0  package=com.zhiliaoapp.musically
10-15 17:12:49.176 V/WindowManager( 1049): updateFrameRateSelectionPriorityIfNeeded refreshRate=0.0  package=com.selfservice.kiosk.debug
10-15 17:12:49.176 V/WindowManager( 1049): updateFrameRateSelectionPriorityIfNeeded refreshRate=0.0  package=com.android.systemui
10-15 17:12:49.176 V/WindowManager( 1049): updateFrameRateSelectionPriorityIfNeeded refreshRate=0.0  package=com.transsnet.store
10-15 17:12:49.176 V/WindowManager( 1049): updateFrameRateSelectionPriorityIfNeeded refreshRate=0.0  package=com.transsnet.store
10-15 17:12:49.176 V/WindowManager( 1049): updateFrameRateSelectionPriorityIfNeeded refreshRate=0.0  package=com.transsnet.store
10-15 17:12:49.178 V/WindowManager( 1049): updateFrameRateSelectionPriorityIfNeeded refreshRate=0.0  package=com.transsnet.store
10-15 17:12:49.178 I/gralloc4(11871): unregister: id=269000071ad, vaddr=0x780b701000
10-15 17:12:49.178 V/WindowManager( 1049): updateFrameRateSelectionPriorityIfNeeded refreshRate=0.0  package=com.transsion.smartpanel
10-15 17:12:49.178 V/WindowManager( 1049): updateFrameRateSelectionPriorityIfNeeded refreshRate=0.0  package=ru.yandex.androidkeyboard
10-15 17:12:49.178 V/WindowManager( 1049): updateFrameRateSelectionPriorityIfNeeded refreshRate=0.0  package=com.android.systemui
10-15 17:12:49.178 I/gralloc4(11871): unregister: id=269000071b1, vaddr=0x7875fe5000
10-15 17:12:49.178 V/WindowManager( 1049): updateFrameRateSelectionPriorityIfNeeded refreshRate=0.0  package=com.android.systemui
10-15 17:12:49.178 V/WindowManager( 1049): updateFrameRateSelectionPriorityIfNeeded refreshRate=0.0  package=com.android.systemui
10-15 17:12:49.178 V/WindowManager( 1049): updateFrameRateSelectionPriorityIfNeeded refreshRate=0.0  package=com.android.systemui
10-15 17:12:49.179 V/WindowManager( 1049): updateFrameRateSelectionPriorityIfNeeded refreshRate=0.0  package=com.android.systemui
10-15 17:12:49.179 V/WindowManager( 1049): updateFrameRateSelectionPriorityIfNeeded refreshRate=0.0  package=com.android.systemui
10-15 17:12:49.179 V/WindowManager( 1049): updateFrameRateSelectionPriorityIfNeeded refreshRate=0.0  package=com.android.systemui
10-15 17:12:49.179 D/WindowManager( 1049): after removeSurfaceViewPkg packageName = com.zhiliaoapp.musically count:1
10-15 17:12:49.180 I/gralloc4(11871): unregister: id=269000071af, vaddr=0x787faf4000
10-15 17:12:49.181 I/gralloc4(11871): unregister: id=269000071b0, vaddr=0x787f761000
10-15 17:12:49.182 V/WindowManager( 1049): updateFrameRateSelectionPriorityIfNeeded refreshRate=0.0  package=com.android.systemui
10-15 17:12:49.182 V/WindowManager( 1049): updateFrameRateSelectionPriorityIfNeeded refreshRate=0.0  package=com.whatsapp.w4b
10-15 17:12:49.182 V/WindowManager( 1049): updateFrameRateSelectionPriorityIfNeeded refreshRate=0.0  package=com.whatsapp.w4b
10-15 17:12:49.182 V/WindowManager( 1049): updateFrameRateSelectionPriorityIfNeeded refreshRate=0.0  package=ai.perplexity.app.android
10-15 17:12:49.182 E/RefreshRatePolicy( 1049): whxdebug WindowState preferredDisplayModeId=60.0  packageName=com.transsion.camera
10-15 17:12:49.182 V/WindowManager( 1049): updateFrameRateSelectionPriorityIfNeeded refreshRate=60.0  package=com.transsion.camera
10-15 17:12:49.182 V/WindowManager( 1049): updateFrameRateSelectionPriorityIfNeeded refreshRate=0.0  package=com.gallery20
10-15 17:12:49.183 V/WindowManager( 1049): updateFrameRateSelectionPriorityIfNeeded refreshRate=0.0  package=com.gallery20
10-15 17:12:49.183 V/WindowManager( 1049): updateFrameRateSelectionPriorityIfNeeded refreshRate=0.0  package=com.lenovo.anyshare.gps
10-15 17:12:49.183 D/WindowManager( 1049): after removeSurfaceViewPkg packageName = com.zhiliaoapp.musically count:0
10-15 17:12:49.183 V/WindowManager( 1049): updateFrameRateSelectionPriorityIfNeeded refreshRate=0.0  package=com.yandex.browser
10-15 17:12:49.183 V/WindowManager( 1049): updateFrameRateSelectionPriorityIfNeeded refreshRate=0.0  package=org.telegram.messenger
10-15 17:12:49.183 V/WindowManager( 1049): updateFrameRateSelectionPriorityIfNeeded refreshRate=0.0  package=com.v2raytun.android
10-15 17:12:49.183 V/WindowManager( 1049): updateFrameRateSelectionPriorityIfNeeded refreshRate=0.0  package=com.whatsapp
10-15 17:12:49.183 V/WindowManager( 1049): updateFrameRateSelectionPriorityIfNeeded refreshRate=0.0  package=com.whatsapp
10-15 17:12:49.183 V/WindowManager( 1049): updateFrameRateSelectionPriorityIfNeeded refreshRate=0.0  package=com.transsion.XOSLauncher.upgrade
10-15 17:12:49.183 V/WindowManager( 1049): updateFrameRateSelectionPriorityIfNeeded refreshRate=0.0  package=com.transsion.XOSLauncher.upgrade
10-15 17:12:49.183 V/WindowManager( 1049): updateFrameRateSelectionPriorityIfNeeded refreshRate=0.0  package=com.zhiliaoapp.musically
10-15 17:12:49.183 V/WindowManager( 1049): updateFrameRateSelectionPriorityIfNeeded refreshRate=0.0  package=com.selfservice.kiosk.debug
10-15 17:12:49.183 V/WindowManager( 1049): updateFrameRateSelectionPriorityIfNeeded refreshRate=0.0  package=com.android.systemui
10-15 17:12:49.183 V/WindowManager( 1049): updateFrameRateSelectionPriorityIfNeeded refreshRate=0.0  package=com.transsnet.store
10-15 17:12:49.183 I/gralloc4(11871): unregister: id=269000071b2, vaddr=0x7954a84000
10-15 17:12:49.183 V/WindowManager( 1049): updateFrameRateSelectionPriorityIfNeeded refreshRate=0.0  package=com.transsnet.store
10-15 17:12:49.183 V/WindowManager( 1049): updateFrameRateSelectionPriorityIfNeeded refreshRate=0.0  package=com.transsnet.store
10-15 17:12:49.183 V/WindowManager( 1049): updateFrameRateSelectionPriorityIfNeeded refreshRate=0.0  package=com.transsnet.store
10-15 17:12:49.183 V/WindowManager( 1049): updateFrameRateSelectionPriorityIfNeeded refreshRate=0.0  package=com.transsion.smartpanel
10-15 17:12:49.183 V/WindowManager( 1049): updateFrameRateSelectionPriorityIfNeeded refreshRate=0.0  package=ru.yandex.androidkeyboard
10-15 17:12:49.183 V/WindowManager( 1049): updateFrameRateSelectionPriorityIfNeeded refreshRate=0.0  package=com.android.systemui
10-15 17:12:49.183 V/WindowManager( 1049): updateFrameRateSelectionPriorityIfNeeded refreshRate=0.0  package=com.android.systemui
10-15 17:12:49.183 V/WindowManager( 1049): updateFrameRateSelectionPriorityIfNeeded refreshRate=0.0  package=com.android.systemui
10-15 17:12:49.183 V/WindowManager( 1049): updateFrameRateSelectionPriorityIfNeeded refreshRate=0.0  package=com.android.systemui
10-15 17:12:49.183 V/WindowManager( 1049): updateFrameRateSelectionPriorityIfNeeded refreshRate=0.0  package=com.android.systemui
10-15 17:12:49.184 V/WindowManager( 1049): updateFrameRateSelectionPriorityIfNeeded refreshRate=0.0  package=com.android.systemui
10-15 17:12:49.184 V/WindowManager( 1049): updateFrameRateSelectionPriorityIfNeeded refreshRate=0.0  package=com.android.systemui
10-15 17:12:49.189 I/gralloc4(  681): unregister: id=269000071ad, vaddr=0x701e801000
10-15 17:12:49.190 I/gralloc4(  681): unregister: id=269000071b1, vaddr=0x701e0db000
10-15 17:12:49.190 V/WindowManager( 1049): updateFrameRateSelectionPriorityIfNeeded refreshRate=0.0  package=com.android.systemui
10-15 17:12:49.190 V/WindowManager( 1049): updateFrameRateSelectionPriorityIfNeeded refreshRate=0.0  package=com.whatsapp.w4b
10-15 17:12:49.190 V/WindowManager( 1049): updateFrameRateSelectionPriorityIfNeeded refreshRate=0.0  package=com.whatsapp.w4b
10-15 17:12:49.190 V/WindowManager( 1049): updateFrameRateSelectionPriorityIfNeeded refreshRate=0.0  package=ai.perplexity.app.android
10-15 17:12:49.190 E/RefreshRatePolicy( 1049): whxdebug WindowState preferredDisplayModeId=60.0  packageName=com.transsion.camera
10-15 17:12:49.190 V/WindowManager( 1049): updateFrameRateSelectionPriorityIfNeeded refreshRate=60.0  package=com.transsion.camera
10-15 17:12:49.190 V/WindowManager( 1049): updateFrameRateSelectionPriorityIfNeeded refreshRate=0.0  package=com.gallery20
10-15 17:12:49.190 V/WindowManager( 1049): updateFrameRateSelectionPriorityIfNeeded refreshRate=0.0  package=com.gallery20
