--------- beginning of main
10-15 17:12:47.447 I/FontLog (28956): (REDACTED) Package %s has no metadata
10-15 17:12:47.451 W/GCM     (28956): Unexpected forwarded intent: Intent { act=android.intent.action.PACKAGE_ADDED dat=package:com.selfservice.kiosk.debug flg=0x4000010 pkg=com.google.android.gms cmp=com.google.android.gms/.chimera.PersistentIntentOperationService (has extras) }
10-15 17:12:47.469 W/NetworkScheduler(28956): Unexpected forwarded intent: Intent { act=android.intent.action.PACKAGE_ADDED dat=package:com.selfservice.kiosk.debug flg=0x4000010 pkg=com.google.android.gms cmp=com.google.android.gms/.chimera.PersistentIntentOperationService (has extras) }
10-15 17:12:47.484 D/XLauncher( 1658): Launcher.Model-mAllAppsList.updatePackage com.selfservice.kiosk.debug
10-15 17:12:47.488 D/NfcService(24258): defaultAidRoute : 57
10-15 17:12:47.488 E/AidRoutingManager(24258): Size of routing table804
10-15 17:12:47.488 I/NfcService(24258): Add T4T Nfcee AID
10-15 17:12:47.488 D/NfcService(24258): T4TNfceePowerState : 0
10-15 17:12:47.492 D/RegisteredNfcFServicesCache(24258): Service unchanged, not updating
10-15 17:12:47.499 D/CarrierSvcBindHelper( 1308): No carrier app for: 0
10-15 17:12:47.505 D/CarrierSvcBindHelper( 1308): No carrier app for: 1
10-15 17:12:47.508 D/CarrierSvcBindHelper( 1308): No carrier app for: 0
10-15 17:12:47.512 D/CarrierSvcBindHelper( 1308): No carrier app for: 1
10-15 17:12:47.517 D/CarrierSvcBindHelper( 1308): No carrier app for: 0
10-15 17:12:47.526 D/CarrierSvcBindHelper( 1308): No carrier app for: 1
10-15 17:12:47.526 D/ImsResolver( 1308): maybeAddedImsService, packageName: com.selfservice.kiosk.debug
10-15 17:12:47.594 D/MediaStrategy(11871): <vc_log.cpp,event,147>[center][event] on event, id = 7379485381324195334_1760515819795_7561059293848522004, key = 3039, value = 2, info = , jsonLog = null
10-15 17:12:47.596 D/MediaStrategy(11871): <vc_log.cpp,event,147>[center][event] on event, id = 7379485381324195334_1760515819795_7561059293848522004, key = 3039, value = 4, info = , jsonLog = null
10-15 17:12:47.596 D/MediaStrategy(11871): <vc_log.cpp,event,147>[center][event] on event, id = 7379485381324195334_1760515819795_7561059293848522004, key = 3030, value = 0, info = , jsonLog = {"hash":"v29044g50000d3n4d87og65iruevg8q0_bytevc1_1080p_673968","off":3870000,"size":409600}
10-15 17:12:47.596 D/MediaStrategy(11871): <vc_play_task.cpp,obtainAVMDLDownloadContext,1156>[center] [range] play strategy, range control, off = 3870000, size = 409600, blockFlag = 0, pieceSize = 0, minRangeSize = 0, jitterBufMin = 0, abrReadEndOff = -1
10-15 17:12:47.599 I/ssioncontrolle(29895): Background young concurrent mark compact GC freed 23MB AllocSpace bytes, 30(600KB) LOS objects, 82% free, 5082KB/28MB, paused 779us,6.695ms total 119.640ms
10-15 17:12:47.599 I/SmartPanel_TouchView( 3212): packageAdd pkgName = com.selfservice.kiosk.debug, enabled: 0
10-15 17:12:47.599 W/ssioncontrolle(29895): Reducing the number of considered missed Gc histogram windows from 384 to 100
10-15 17:12:47.661 D/os_lock_noti_receive(14358): onReceive: action = android.intent.action.PACKAGE_ADDED, pkg = com.selfservice.kiosk.debuglockPopSwitch = true, lockNotifySwitch = true
10-15 17:12:47.665 D/os_lock_noti_DatabaseHelper(14358): setNotificationData: type = 3, data.size = 1
10-15 17:12:47.666 E/os_lock_noti_DatabaseHelper(14358): notifyChangeForOberver: uri = /allowedlist--- observer from = setNotificationData
10-15 17:12:47.668 I/SC_TpmsEventManager(16792): app_install: com.selfservice.kiosk.debug
10-15 17:12:47.668 D/SC_TpmsEventManager(16792): onAppInstalled!
10-15 17:12:47.669 I/TrNotificationAppFilterDataLoader( 1381): getAllowContentValue Observer =============== 
10-15 17:12:47.669 D/SC_TpmsEventManager(16792): checkIfNeedShowNotification!
10-15 17:12:47.670 I/os_lock_noti_receive(14358): onReceive: add pkg = com.selfservice.kiosk.debug to allowed list
10-15 17:12:47.671 D/os_lock_pop_DatabaseHelper(14358): getPopData: type = 2
10-15 17:12:47.672 D/os_lock_pop_DatabaseHelper(14358): getPopData: type = 1
10-15 17:12:47.673 D/os_lock_pop_DatabaseHelper(14358): getPopData: type = 3
10-15 17:12:47.674 D/os_lock_pop_DatabaseHelper(14358): getPopData: type = 4
--------- beginning of system
10-15 17:12:47.677 D/BroadcastQueue( 1049): Add broadcast <BroadcastRecord{f9c2572 u-1 com.android.server.action.NETWORK_STATS_UPDATED}> into [parallel | background], pending size 0
10-15 17:12:47.678 I/os_lock_noti_CfgProvider(14358): query: uri = content://com.transsion.locknotification.NotificationCfgProvider/allowedlist, selection = null, selectionArgs = null
10-15 17:12:47.678 D/os_lock_pop_receive(14358): actionAdded: pkg = com.selfservice.kiosk.debug, inPopAppDb = false, inPopBlockDb = false, inPopNotipDb = false, inPopFilterDb = false, no do!!!
10-15 17:12:47.678 D/BroadcastQueue( 1049): Done with parallel broadcast [background] [BroadcastRecord{f9c2572 u-1 com.android.server.action.NETWORK_STATS_UPDATED}]
10-15 17:12:47.681 D/AAMDBHelper(14358): getAppDataByLanguage, pkgLngData: null
10-15 17:12:47.682 D/AAMDBHelper(14358): getAppDataByCountry, pkgCyData: null
10-15 17:12:47.682 D/AAMDBHelper(14358): getAppDataByLanguage, pkgLngData: null
10-15 17:12:47.682 D/AAMDBHelper(14358): getAppDataByCountry, pkgCyData: null
10-15 17:12:47.684 D/AAM     (14358): data is null, return!
10-15 17:12:47.689 I/SC_TpmsEventManager(16792): showNotificationTimes|lastTime|currentTime|gapTime: 3|1719959910342|1760515967689|40556057347
10-15 17:12:47.695 I/Auth    (12973): (REDACTED) [SupervisedAccountIntentOperationV2] onHandleIntent: %s
10-15 17:12:47.707 I/Dck     (12973): (REDACTED) disableDckSupport: %s
10-15 17:12:47.707 W/Dck     (12973): [WirelessCapabilitiesFeatures] wccSysProp: 0 [CONTEXT service_id=289 ]
10-15 17:12:47.707 I/Dck     (12973): [WirelessCapabilitiesFeatures] wccMendel: 3 [CONTEXT service_id=289 ]
10-15 17:12:47.707 I/Dck     (12973): [WirelessCapabilitiesFeatures] deviceWccOverride: false [CONTEXT service_id=289 ]
10-15 17:12:47.707 I/Dck     (12973): [WirelessCapabilitiesFeatures] replaceSupportedWccWithWccOverride: true [CONTEXT service_id=289 ]
10-15 17:12:47.708 I/Dck     (12973): [WirelessCapabilitiesFeatures] wccOverride: not set [CONTEXT service_id=289 ]
10-15 17:12:47.708 I/Dck     (12973): (REDACTED) [WirelessCapabilitiesFeatures] wcc: %s
10-15 17:12:47.708 I/Dck     (12973): Dck module condition - hasWccSupport: false [CONTEXT service_id=289 ]
10-15 17:12:47.708 I/Dck     (12973): Dck module condition - downloadAllowed: false [CONTEXT service_id=289 ]
10-15 17:12:47.708 W/Dck     (12973): Dck module not eligible for asynchronous downloading [CONTEXT service_id=289 ]
10-15 17:12:47.741 D/PhoneInterfaceManager( 1308): setDataEnabledForReason: put MOBILE_DATA;enabled = true
10-15 17:12:47.743 I/Fitness (28956): (REDACTED) OnPackageChangedOperation got intent: %s
10-15 17:12:47.747 D/os.permission.PermissionInfo( 1049): checkPermission 10065:android.permission.INTERACT_ACROSS_USERS:false
10-15 17:12:47.747 D/os.permission.PermissionInfo( 1049): checkPermission 10065:android.permission.INTERACT_ACROSS_USERS_FULL:false
10-15 17:12:47.798 D/BroadcastQueue( 1049): Add broadcast <BroadcastRecord{7f0935d u0 com.transsion.athena.track_event}> into [parallel | background], pending size 0
10-15 17:12:47.799 D/BroadcastQueue( 1049): Done with parallel broadcast [background] [BroadcastRecord{7f0935d u0 com.transsion.athena.track_event}]
10-15 17:12:47.815 I/Fitness (28956): (REDACTED) FitCleanupIntentOperation received Intent %s
10-15 17:12:47.820 E/VerityUtils( 1049): Failed to measure fs-verity, errno 1: /data/app/~~DwDp345UPzlXrMSq4bcuFg==/com.selfservice.kiosk.debug-BGeTa2PSjFPRtM2GK8Sr3g==/base.apk
10-15 17:12:47.867 I/system_server( 1049): Background concurrent mark compact GC freed 30MB AllocSpace bytes, 34(2200KB) LOS objects, 51% free, 91MB/187MB, paused 13.497ms,9.902ms total 912.209ms
10-15 17:12:47.879 I/NearbyDiscovery(12973): (REDACTED) processGrantSlicePermission: %s
10-15 17:12:47.978 D/MediaStrategy(11871): <vc_log.cpp,event,147>[center][event] on event, id = 7379485381324195334_1760515819795_7561059293848522004, key = 3039, value = 4, info = , jsonLog = null
10-15 17:12:47.978 D/MediaStrategy(11871): <vc_log.cpp,event,147>[center][event] on event, id = 7379485381324195334_1760515819795_7561059293848522004, key = 3039, value = 2, info = , jsonLog = null
10-15 17:12:47.978 D/MediaStrategy(11871): <vc_log.cpp,event,147>[center][event] on event, id = 7379485381324195334_1760515819795_7561059293848522004, key = 3030, value = 0, info = , jsonLog = {"hash":"v29044g50000d3n4d87og65iruevg8q0_bytevc1_1080p_673968","off":4279600,"size":409600}
10-15 17:12:47.978 D/MediaStrategy(11871): <vc_play_task.cpp,obtainAVMDLDownloadContext,1156>[center] [range] play strategy, range control, off = 4279600, size = 409600, blockFlag = 0, pieceSize = 0, minRangeSize = 0, jitterBufMin = 0, abrReadEndOff = -1
10-15 17:12:47.989 V/AlarmManager( 1049): set(PendingIntent{a8ce459: PendingIntentRecord{5bd3b3e com.google.android.gms/com.google.android.gms.scheduler broadcastIntent}}) : type=3 listener=null listenerTag=null triggerAtTime=256748347 win=0 tElapsed=256748347 maxElapsed=256748347 interval=0 flags=0x0
10-15 17:12:47.996 I/Fitness (28956): (REDACTED) Package %s enabled.  Potentially restarting recording
10-15 17:12:48.002 I/Fitness (28956): (REDACTED) Package %s enabled.  Potentially restarting recording
10-15 17:12:48.004 I/Fitness (28956): (REDACTED) Package %s enabled.  Potentially restarting recording
10-15 17:12:48.013 D/Kolun.DynamicConfig( 4085): update from {} to null
10-15 17:12:48.015 I/Kolun.SkillCard===( 4085): skill card isNUll
10-15 17:12:48.016 I/ManifestUtil( 4085): getCategoryPackageName: pkgName = com.transsion.microintelligence
10-15 17:12:48.016 I/ManifestUtil( 4085): getCategoryPackageName: pkgName = com.transsion.notebook
10-15 17:12:48.016 I/ManifestUtil( 4085): getCategoryPackageName: pkgName = com.transsion.phonemaster
10-15 17:12:48.016 I/ManifestUtil( 4085): getCategoryPackageName: pkgName = com.transsion.videocallenhancer
10-15 17:12:48.016 I/ManifestUtil( 4085): getCategoryPackageName: pkgName = com.transsion.videocallenhancer
10-15 17:12:48.016 I/ManifestUtil( 4085): getCategoryPackageName: pkgName = com.transsion.videocallenhancer
10-15 17:12:48.039 D/ManifestUtil( 4085): getSuportItems: e = com.alibaba.fastjson.JSONException: syntax error, pos 1213, json : {"cardId":57,"contentId":20000,"data":{"cardContent":{"id":20000,"labelImage":{"bitmap":{"type":1,"uri":"@drawable/play_soundrecord"}},"mainInfo":{"content":"@string/card_record_title","textColor":-3407872},"primaryInfo":{"content":"@string/card_record_instructions","textColor":-3407872,"textLabel":{"backgroundColor":-16776961,"labelColor":-1,"labelText":"цаЗчн╛"}},"secondaryInfo":{"content":"ф║Мч║зш╛ЕхКйф┐бцБп1","textColor":1711276032}},"cardOperation":{"actions":[{"deeplink":{"appPackage":"com.transsion.videocallenhancer","minVersion":1,"url":"guide://sound_record_activity/deeplink"},"webUrl":"www.baidu.com"},{"deeplink":{"appPackage":"com.transsion.videocallenhancer","minVersion":1,"url":"guide://sound_record_activity/deeplink"},"webUrl":"www.baidu.com"},{"deeplink":{"appPackage":"com.transsion.videocallenhancer","minVersion":1,"url":"guide://sound_record_activity/deeplink"},"webUrl":"www.baidu.com"}],"buttonTitles":["цМЙщТо11","цМЙщТо22","цМЙщТо33"]},"cardResSource":{"packageName":"com.transsion.videocallenhancer","prefixes":"@","type":1}},"languageTag":"zh-CN","packId":1000,"macroKey":"ro.os_social_turbo_play_recordintro_support","extraKey":"ro.os_social_turbo_record","limitValues":"0/1","blockFilters":[{countries: RS,ME,MK,XK,BA,AL,PH,EG}],"systemUserKey":0}
10-15 17:12:48.041 D/ManifestUtil( 4085): getSuportItems: e = com.alibaba.fastjson.JSONException: syntax error, pos 1213, json : {"cardId":57,"contentId":20000,"data":{"cardContent":{"id":20000,"labelImage":{"bitmap":{"type":1,"uri":"@drawable/play_soundrecord"}},"mainInfo":{"content":"@string/card_record_title","textColor":-3407872},"primaryInfo":{"content":"@string/card_record_instructions","textColor":-3407872,"textLabel":{"backgroundColor":-16776961,"labelColor":-1,"labelText":"цаЗчн╛"}},"secondaryInfo":{"content":"ф║Мч║зш╛ЕхКйф┐бцБп1","textColor":1711276032}},"cardOperation":{"actions":[{"deeplink":{"appPackage":"com.transsion.videocallenhancer","minVersion":1,"url":"guide://sound_record_activity/deeplink"},"webUrl":"www.baidu.com"},{"deeplink":{"appPackage":"com.transsion.videocallenhancer","minVersion":1,"url":"guide://sound_record_activity/deeplink"},"webUrl":"www.baidu.com"},{"deeplink":{"appPackage":"com.transsion.videocallenhancer","minVersion":1,"url":"guide://sound_record_activity/deeplink"},"webUrl":"www.baidu.com"}],"buttonTitles":["цМЙщТо11","цМЙщТо22","цМЙщТо33"]},"cardResSource":{"packageName":"com.transsion.videocallenhancer","prefixes":"@","type":1}},"languageTag":"zh-CN","packId":1000,"macroKey":"ro.os_social_turbo_play_recordintro_support","extraKey":"ro.os_social_turbo_record","limitValues":"0/1","blockFilters":[{countries: RS,ME,MK,XK,BA,AL,PH,EG}],"systemUserKey":0}
10-15 17:12:48.045 I/Icing   (12973): Indexing com.google.android.gms-apps from com.google.android.gms
10-15 17:12:48.045 I/Finsky:background(16875): [2] afuv - Received: android.intent.action.PACKAGE_FULLY_REMOVED, [df8EFglWsIEde1QX2WMRXSfS95LRyhvvfTtSPgqB4vw]
10-15 17:12:48.050 I/Finsky:background(16875): [292] Wrote row to frosting DB: 36922
10-15 17:12:48.052 I/Finsky:background(16875): [2] IQ: onPackageRemoved com.selfservice.kiosk.debug, replacing=false, uninstallingFromPlay=false
10-15 17:12:48.053 I/Finsky:background(16875): [294] IQ: handled package removed
10-15 17:12:48.057 D/ManifestUtil( 4085): getSuportItems: e = com.alibaba.fastjson.JSONException: syntax error, pos 1213, json : {"cardId":57,"contentId":20000,"data":{"cardContent":{"id":20000,"labelImage":{"bitmap":{"type":1,"uri":"@drawable/play_soundrecord"}},"mainInfo":{"content":"@string/card_record_title","textColor":-3407872},"primaryInfo":{"content":"@string/card_record_instructions","textColor":-3407872,"textLabel":{"backgroundColor":-16776961,"labelColor":-1,"labelText":"цаЗчн╛"}},"secondaryInfo":{"content":"ф║Мч║зш╛ЕхКйф┐бцБп1","textColor":1711276032}},"cardOperation":{"actions":[{"deeplink":{"appPackage":"com.transsion.videocallenhancer","minVersion":1,"url":"guide://sound_record_activity/deeplink"},"webUrl":"www.baidu.com"},{"deeplink":{"appPackage":"com.transsion.videocallenhancer","minVersion":1,"url":"guide://sound_record_activity/deeplink"},"webUrl":"www.baidu.com"},{"deeplink":{"appPackage":"com.transsion.videocallenhancer","minVersion":1,"url":"guide://sound_record_activity/deeplink"},"webUrl":"www.baidu.com"}],"buttonTitles":["цМЙщТо11","цМЙщТо22","цМЙщТо33"]},"cardResSource":{"packageName":"com.transsion.videocallenhancer","prefixes":"@","type":1}},"languageTag":"zh-CN","packId":1000,"macroKey":"ro.os_social_turbo_play_recordintro_support","extraKey":"ro.os_social_turbo_record","limitValues":"0/1","blockFilters":[{countries: RS,ME,MK,XK,BA,AL,PH,EG}],"systemUserKey":0}
10-15 17:12:48.058 I/Finsky:background(16875): [239] RECEIVER_PACKAGE_MONITOR_BACKGROUND#logWorkEndAndFinishGoAsync: SUCCESS
10-15 17:12:48.063 I/Finsky:background(16875): [292] Wrote row to frosting DB: 36923
10-15 17:12:48.073 D/AlarmManagerService( 1049): set alarm to kernel: 256849.456000000, type=2 
10-15 17:12:48.073 D/AlarmManagerService( 1049): set alarm to kernel: 256750.386000000, type=3 
10-15 17:12:48.073 D/AlarmManagerService( 1049): set alarm to kernel: 256849.456000000, type=2 
10-15 17:12:48.073 D/AlarmManagerService( 1049): set alarm to kernel: 256748.347000000, type=3 
10-15 17:12:48.075 D/Kolun.DynamicConfig( 4085): update from {} to null
10-15 17:12:48.077 D/Kolun.DynamicConfig( 4085): update from {} to null
10-15 17:12:48.085 I/Kolun.SkillCard====( 4085): from catch list==15
10-15 17:12:48.086 I/Kolun.SkillCard===( 4085): card displayTimes=1073741823
10-15 17:12:48.089 D/Kolun.Card( 4085): createIntent: 18 id: 18
10-15 17:12:48.091 D/Kolun.Card( 4085): createIntent: 17 id: 18
10-15 17:12:48.092 D/Kolun.Card( 4085): createIntent: 18 id: 18
10-15 17:12:48.098 I/KolunCardManager( 2221): onCardUpdated KolunCard { 18 SkillCard=== Views:{ 0 [-1, 90 Bundle[EMPTY_PARCEL] android.widget.RemoteViews@9d07422 PopupMenu: { 0x7f0a00b4 ╨Я╤А╨╛╨┐╤Г╤Б╤В╨╕╤В╤М ╤Б╨╡╨│╨╛╨┤╨╜╤П } }  }
10-15 17:12:48.099 D/KolunCardManager_template( 2221):  old onCardUpdated => card = [18]
10-15 17:12:48.099 D/Kolun.CardWidgetService( 4085): checkPermission com.transsion.XOSLauncher.upgrade 10180 getCardConfig
10-15 17:12:48.100 D/Kolun.CardWidgetService( 4085): getCardConfigInner for 18 Config {18, T_0M_0M, 3800000, -1} from com.transsion.XOSLauncher.upgrade
10-15 17:12:48.100 I/Kolun.SkillCard===( 4085): card displayTimes=1073741823
10-15 17:12:48.104 D/Kolun.Card( 4085): createIntent: 18 id: 18
10-15 17:12:48.105 D/Kolun.Card( 4085): createIntent: 17 id: 18
10-15 17:12:48.107 D/Kolun.Card( 4085): createIntent: 18 id: 18
10-15 17:12:48.122 D/SSense  ( 1049): onFpsChanged: fps:45.333332
10-15 17:12:48.145 W/TextServicesManagerService( 1049): no available spell checker services found
10-15 17:12:48.215 W/FilesVerify( 1049): foramat is normal
10-15 17:12:48.215 W/FilesVerify( 1049): verifyRuleGrammarFormat verifyRuleresult :true
10-15 17:12:48.219 I/Icing   (12973): Indexing done com.google.android.gms-apps
10-15 17:12:48.235 D/BroadcastQueue( 1049): Add broadcast <BroadcastRecord{94222e6 u-1 android.intent.action.BATTERY_CHANGED}> into [parallel | background], pending size 0
10-15 17:12:48.235 W/BroadcastCollector_smart( 1049): onReceive : feature_data_collector is close!!!
10-15 17:12:48.236 D/EmergencyMsgController( 1308): BatteryStateReceiver onReceive action android.intent.action.BATTERY_CHANGED
10-15 17:12:48.237 D/EmergencyMsgController( 1308):  powerPluggedIn: true level: 65 LowBatteryMode: false
10-15 17:12:48.237 D/BroadcastQueue( 1049): Done with parallel broadcast [background] [BroadcastRecord{94222e6 u-1 android.intent.action.BATTERY_CHANGED}]
10-15 17:12:48.237 I/Hoffnung( 2347): Universal onReceive: Intent { act=android.intent.action.BATTERY_CHANGED flg=0x60000010 (has extras) }
10-15 17:12:48.237 I/Hoffnung( 2347): LocalBroadcastManager onReceive Intent { act=android.intent.action.BATTERY_CHANGED flg=0x60000010 (has extras) }
10-15 17:12:48.237 D/SmartPower( 1049): SmartPowerSavingService&intelligent_power, >>BatteryStatusReceiver,onReceive
10-15 17:12:48.238 I/Finsky:background(16875): [237] RECEIVER_ENGAGE_PACKAGE_CHANGED#logWorkEndAndFinishGoAsync: SUCCESS
10-15 17:12:48.239 D/BatteryLabService(30537): current level == 65, temperature == 389
10-15 17:12:48.239 D/BatteryLabService(30537): system is charging
10-15 17:12:48.239 D/BatteryLabService(30537): charge status == 2, plugged == 2
10-15 17:12:48.240 D/MediaStrategy(11871): <vc_log.cpp,event,147>[center][event] on event, id = 7379485381324195334_1760515819795_7561059293848522004, key = 3039, value = 2, info = , jsonLog = null
10-15 17:12:48.240 D/MediaStrategy(11871): <vc_log.cpp,event,147>[center][event] on event, id = 7379485381324195334_1760515819795_7561059293848522004, key = 3039, value = 4, info = , jsonLog = null
10-15 17:12:48.240 D/MediaStrategy(11871): <vc_log.cpp,event,147>[center][event] on event, id = 7379485381324195334_1760515819795_7561059293848522004, key = 3030, value = 0, info = , jsonLog = {"hash":"v29044g50000d3n4d87og65iruevg8q0_bytevc1_1080p_673968","off":4689200,"size":409600}
10-15 17:12:48.240 D/MediaStrategy(11871): <vc_play_task.cpp,obtainAVMDLDownloadContext,1156>[center] [range] play strategy, range control, off = 4689200, size = 409600, blockFlag = 0, pieceSize = 0, minRangeSize = 0, jitterBufMin = 0, abrReadEndOff = -1
10-15 17:12:48.256 I/Icing   (12973): Indexing com.google.android.gms-apps from com.google.android.gms
10-15 17:12:48.259 I/Icing   (12973): Indexing done com.google.android.gms-apps
10-15 17:12:48.286 D/HolaSettings( 1049): getAppHidden() pkgName=com.transsion.letswitch, userId=0, ps=PackageSetting name=com.transsion.letswitch, mUserState={0=PackageUserState hidden=0, enabledComponents=null, disabledComponents={com.transsion.letswitch.upgrade.UpgradeService}}
10-15 17:12:48.286 D/PhoneCloneServiceFinder( 1049): getTargetPackage() userId=0, services=[]
10-15 17:12:48.308 D/PackageSettings( 1049): writeStateForUserSyncLPr start for user[0]
10-15 17:12:48.308 D/PackageSettings( 1049): write state for:android.uid.systemui
10-15 17:12:48.308 D/PackageSettings( 1049): write permissions state for permission: android.permission.REAL_GET_TASKS, granted: true, flags: 0
10-15 17:12:48.308 D/PackageSettings( 1049): write permissions state for permission: android.permission.REMOTE_AUDIO_PLAYBACK, granted: true, flags: 0
10-15 17:12:48.308 D/PackageSettings( 1049): write permissions state for permission: android.permission.REGISTER_WINDOW_MANAGER_LISTENERS, granted: true, flags: 0
10-15 17:12:48.308 D/PackageSettings( 1049): write permissions state for permission: android.permission.WRITE_SETTINGS, granted: true, flags: 0
10-15 17:12:48.308 D/PackageSettings( 1049): write permissions state for permission: com.google.android.finsky.permission.BIND_GET_INSTALL_REFERRER_SERVICE, granted: true, flags: 0
10-15 17:12:48.308 D/PackageSettings( 1049): write permissions state for permission: android.permission.CONTROL_KEYGUARD, granted: true, flags: 0
10-15 17:12:48.308 D/PackageSettings( 1049): write permissions state for permission: android.permission.CONFIGURE_WIFI_DISPLAY, granted: true, flags: 0
10-15 17:12:48.308 D/PackageSettings( 1049): write permissions state for permission: android.permission.CONTROL_DISPLAY_COLOR_TRANSFORMS, granted: true, flags: 0
10-15 17:12:48.308 D/PackageSettings( 1049): write permissions state for permission: android.permission.TABLET_MODE, granted: true, flags: 0
10-15 17:12:48.308 D/PackageSettings( 1049): write permissions state for permission: android.permission.BIND_DEVICE_ADMIN, granted: true, flags: 0
10-15 17:12:48.308 D/PackageSettings( 1049): write permissions state for permission: android.permission.MANAGE_EXTERNAL_STORAGE, granted: true, flags: 0
10-15 17:12:48.308 D/PackageSettings( 1049): write permissions state for permission: android.permission.KILL_UID, granted: true, flags: 0
10-15 17:12:48.308 D/PackageSettings( 1049): write permissions state for permission: android.permission.MODIFY_AUDIO_ROUTING, granted: true, flags: 0
10-15 17:12:48.308 D/PackageSettings( 1049): write permissions state for permission: android.permission.GET_APP_OPS_STATS, granted: true, flags: 0
10-15 17:12:48.308 D/PackageSettings( 1049): write permissions state for permission: android.permission.CONTROL_KEYGUARD_SECURE_NOTIFICATIONS, granted: true, flags: 0
10-15 17:12:48.308 D/PackageSettings( 1049): write permissions state for permission: android.permission.READ_WIFI_CREDENTIAL, granted: true, flags: 0
10-15 17:12:48.308 D/PackageSettings( 1049): write permissions state for permission: android.permission.USE_RESERVED_DISK, granted: true, flags: 0
10-15 17:12:48.308 D/PackageSettings( 1049): write permissions state for permission: android.permission.START_ACTIVITY_AS_CALLER, granted: true, flags: 0
10-15 17:12:48.308 D/PackageSettings( 1049): write permissions state for permission: android.permission.MANAGE_ACCOUNTS, granted: true, flags: 0
10-15 17:12:48.308 D/PackageSettings( 1049): write permissions state for permission: android.permission.SYSTEM_ALERT_WINDOW, granted: true, flags: 0
10-15 17:12:48.308 D/PackageSettings( 1049): write permissions state for permission: android.permission.START_TASKS_FROM_RECENTS, granted: true, flags: 0
10-15 17:12:48.308 D/PackageSettings( 1049): write permissions state for permission: android.permission.GET_TOP_ACTIVITY_INFO, granted: true, flags: 0
10-15 17:12:48.308 D/PackageSettings( 1049): write permissions state for permission: android.permission.MONITOR_INPUT, granted: true, flags: 0
10-15 17:12:48.308 D/PackageSettings( 1049): write permissions state for permission: com.transsion.applock.permission.WRITE_APP_LOCK, granted: true, flags: 0
10-15 17:12:48.308 D/PackageSettings( 1049): write permissions state for permission: android.permission.CHANGE_COMPONENT_ENABLED_STATE, granted: true, flags: 0
10-15 17:12:48.308 D/PackageSettings( 1049): write permissions state for permission: android.permission.BIND_QUICK_SETTINGS_TILE, granted: true, flags: 0
10-15 17:12:48.308 D/PackageSettings( 1049): write permissions state for permission: android.permission.INTERNAL_SYSTEM_WINDOW, granted: true, flags: 0
10-15 17:12:48.308 D/PackageSettings( 1049): write permissions state for permission: android.permission.NETWORK_SETTINGS, granted: true, flags: 0
10-15 17:12:48.308 D/PackageSettings( 1049): write permissions state for permission: android.permission.CHANGE_OVERLAY_PACKAGES, granted: true, flags: 0
10-15 17:12:48.308 D/PackageSettings( 1049): write permissions state for permission: android.permission.START_ANY_ACTIVITY, granted: true, flags: 0
10-15 17:12:48.308 D/PackageSettings( 1049): write permissions state for permission: android.permission.MANAGE_APP_TOKENS, granted: true, flags: 0
10-15 17:12:48.308 D/PackageSettings( 1049): write permissions state for permission: android.permission.CHANGE_NETWORK_STATE, granted: true, flags: 0
10-15 17:12:48.308 D/PackageSettings( 1049): write permissions state for permission: android.permission.MASTER_CLEAR, granted: true, flags: 0
10-15 17:12:48.308 D/PackageSettings( 1049): write permissions state for permission: android.permission.FOREGROUND_SERVICE, granted: true, flags: 0
10-15 17:12:48.308 D/PackageSettings( 1049): write permissions state for permission: android.permission.RESET_SHORTCUT_MANAGER_THROTTLING, granted: true, flags: 0
10-15 17:12:48.308 D/PackageSettings( 1049): write permissions state for permission: android.permission.RESET_FINGERPRINT_LOCKOUT, granted: true, flags: 0
10-15 17:12:48.308 D/PackageSettings( 1049): write permissions state for permission: android.permission.MANAGE_ACTIVITY_TASKS, granted: true, flags: 0
10-15 17:12:48.308 D/PackageSettings( 1049): write permissions state for permission: android.permission.RECEIVE_BOOT_COMPLETED, granted: true, flags: 0
10-15 17:12:48.308 D/PackageSettings( 1049): write permissions state for permission: android.permission.PEERS_MAC_ADDRESS, granted: true, flags: 0
10-15 17:12:48.308 D/PackageSettings( 1049): write permissions state for permission: android.permission.DEVICE_POWER, granted: true, flags: 0
10-15 17:12:48.308 D/PackageSettings( 1049): write permissions state for permission: com.transsion.screencapture.IDENTITY, granted: true, flags: 0
10-15 17:12:48.308 D/PackageSettings( 1049): write permissions state for permission: android.permission.REMOVE_TASKS, granted: true, flags: 0
10-15 17:12:48.308 D/PackageSettings( 1049): write permissions state for permission: android.permission.EXPAND_STATUS_BAR, granted: true, flags: 0
10-15 17:12:48.308 D/PackageSettings( 1049): write permissions state for permission: com.transsion.applock.permission.READ_APP_LOCK, granted: true, flags: 0
10-15 17:12:48.308 D/PackageSettings( 1049): write permissions state for permission: android.permission.MANAGE_PROFILE_AND_DEVICE_OWNERS, granted: true, flags: 0
10-15 17:12:48.309 D/PackageSettings( 1049): write permissions state for permission: android.permission.BLUETOOTH_CONNECT, granted: true, flags: 12336
10-15 17:12:48.309 D/PackageSettings( 1049): write permissions state for permission: android.permission.READ_PROFILE, granted: true, flags: 0
10-15 17:12:48.309 D/PackageSettings( 1049): write permissions state for permission: android.permission.BLUETOOTH, granted: true, flags: 0
10-15 17:12:48.309 D/PackageSettings( 1049): write permissions state for permission: com.android.alarm.permission.SET_ALARM, granted: true, flags: 0
10-15 17:12:48.309 D/PackageSettings( 1049): write permissions state for permission: android.permission.WRITE_MEDIA_STORAGE, granted: true, flags: 0
10-15 17:12:48.309 D/PackageSettings( 1049): write permissions state for permission: os_noticenter.permission.CONFIG_PROVIDER, granted: true, flags: 0
10-15 17:12:48.309 D/PackageSettings( 1049): write permissions state for permission: android.permission.WATCH_APPOPS, granted: true, flags: 0
10-15 17:12:48.309 D/PackageSettings( 1049): write permissions state for permission: android.permission.ACCESS_SURFACE_FLINGER, granted: true, flags: 0
10-15 17:12:48.309 D/PackageSettings( 1049): write permissions state for permission: android.permission.INTERNET, granted: true, flags: 0
10-15 17:12:48.309 D/PackageSettings( 1049): write permissions state for permission: android.permission.BIND_RESOLVER_RANKER_SERVICE, granted: true, flags: 0
10-15 17:12:48.309 D/PackageSettings( 1049): write permissions state for permission: android.permission.REORDER_TASKS, granted: true, flags: 0
10-15 17:12:48.309 D/PackageSettings( 1049): write permissions state for permission: android.permission.GET_INTENT_SENDER_INTENT, granted: true, flags: 0
10-15 17:12:48.309 D/PackageSettings( 1049): write permissions state for permission: android.permission.BLUETOOTH_ADMIN, granted: true, flags: 0
10-15 17:12:48.309 D/PackageSettings( 1049): write permissions state for permission: android.permission.CONTROL_VPN, granted: true, flags: 0
10-15 17:12:48.309 D/PackageSettings( 1049): write permissions state for permission: android.permission.MANAGE_FINGERPRINT, granted: true, flags: 0
10-15 17:12:48.309 D/PackageSettings( 1049): write permissions state for permission: android.permission.WRITE_EMBEDDED_SUBSCRIPTIONS, granted: true, flags: 0
10-15 17:12:48.309 D/PackageSettings( 1049): write permissions state for permission: android.permission.ROTATE_SURFACE_FLINGER, granted: true, flags: 0
10-15 17:12:48.309 D/PackageSettings( 1049): write permissions state for permission: android.permission.READ_EXTERNAL_STORAGE, granted: true, flags: 12336
10-15 17:12:48.309 D/PackageSettings( 1049): write permissions state for permission: android.permission.BIND_QUICK_ACCESS_WALLET_SERVICE, granted: true, flags: 0
10-15 17:12:48.309 D/PackageSettings( 1049): write permissions state for permission: android.permission.ACCESS_INSTANT_APPS, granted: true, flags: 0
10-15 17:12:48.309 D/PackageSettings( 1049): write permissions state for permission: android.permission.MANAGE_ACCESSIBILITY, granted: true, flags: 0
10-15 17:12:48.309 D/PackageSettings( 1049): write permissions state for permission: android.permission.CONTROL_REMOTE_APP_TRANSITION_ANIMATIONS, granted: true, flags: 0
10-15 17:12:48.309 D/PackageSettings( 1049): write permissions state for permission: android.permission.MODIFY_THEME_OVERLAY, granted: true, flags: 0
10-15 17:12:48.309 D/PackageSettings( 1049): write permissions state for permission: android.permission.TRUST_LISTENER, granted: true, flags: 0
10-15 17:12:48.309 D/PackageSettings( 1049): write permissions state for permission: android.permission.MANAGE_USB, granted: true, flags: 0
10-15 17:12:48.309 D/PackageSettings( 1049): write permissions state for permission: android.permission.INTERACT_ACROSS_USERS_FULL, granted: true, flags: 0
10-15 17:12:48.309 D/PackageSettings( 1049): write permissions state for permission: android.permission.CHANGE_ACCESSIBILITY_VOLUME, granted: true, flags: 0
10-15 17:12:48.309 D/PackageSettings( 1049): write permissions state for permission: android.permission.STOP_APP_SWITCHES, granted: true, flags: 0
10-15 17:12:48.309 D/PackageSettings( 1049): write permissions state for permission: android.permission.RECEIVE_MEDIA_RESOURCE_USAGE, granted: true, flags: 0
10-15 17:12:48.309 D/PackageSettings( 1049): write permissions state for permission: android.permission.BATTERY_STATS, granted: true, flags: 0
10-15 17:12:48.309 D/PackageSettings( 1049): write permissions state for permission: android.permission.PACKAGE_USAGE_STATS, granted: true, flags: 0
10-15 17:12:48.309 D/PackageSettings( 1049): write permissions state for permission: android.permission.MOUNT_UNMOUNT_FILESYSTEMS, granted: true, flags: 0
10-15 17:12:48.309 D/PackageSettings( 1049): write permissions state for permission: android.permission.TETHER_PRIVILEGED, granted: true, flags: 0
10-15 17:12:48.309 D/PackageSettings( 1049): write permissions state for permission: android.permission.WRITE_SECURE_SETTINGS, granted: true, flags: 0
10-15 17:12:48.309 D/PackageSettings( 1049): write permissions state for permission: android.permission.CAPTURE_AUDIO_OUTPUT, granted: true, flags: 0
10-15 17:12:48.309 D/PackageSettings( 1049): write permissions state for permission: android.permission.MANAGE_DEBUGGING, granted: true, flags: 0
10-15 17:12:48.309 D/PackageSettings( 1049): write permissions state for permission: android.permission.SET_ACTIVITY_WATCHER, granted: true, flags: 0
10-15 17:12:48.309 D/PackageSettings( 1049): write permissions state for permission: hoffnung.permission.READ_CONFIG_PROVIDER, granted: true, flags: 0
10-15 17:12:48.309 D/PackageSettings( 1049): write permissions state for permission: android.permission.STATUS_BAR_SERVICE, granted: true, flags: 0
10-15 17:12:48.309 D/PackageSettings( 1049): write permissions state for permission: android.permission.READ_PHONE_STATE, granted: true, flags: 12320
10-15 17:12:48.309 D/PackageSettings( 1049): write permissions state for permission: android.permission.READ_PRIVILEGED_PHONE_STATE, granted: true, flags: 0
10-15 17:12:48.309 D/PackageSettings( 1049): write permissions state for permission: android.permission.BLUETOOTH_PRIVILEGED, granted: true, flags: 0
10-15 17:12:48.309 D/PackageSettings( 1049): write permissions state for permission: android.permission.USE_BIOMETRIC_INTERNAL, granted: true, flags: 0
10-15 17:12:48.309 D/PackageSettings( 1049): write permissions state for permission: android.permission.OBSERVE_SENSOR_PRIVACY, granted: true, flags: 32768
10-15 17:12:48.309 D/PackageSettings( 1049): write permissions state for permission: android.permission.CONTROL_DISPLAY_BRIGHTNESS, granted: true, flags: 0
10-15 17:12:48.309 D/PackageSettings( 1049): write permissions state for permission: android.permission.SUBSTITUTE_NOTIFICATION_APP_NAME, granted: true, flags: 0
10-15 17:12:48.309 D/PackageSettings( 1049): write permissions state for permission: android.permission.ACCESS_KEYGUARD_SECURE_STORAGE, granted: true, flags: 0
10-15 17:12:48.309 D/PackageSettings( 1049): write permissions state for permission: android.permission.CHANGE_WIFI_STATE, granted: true, flags: 0
10-15 17:12:48.309 D/PackageSettings( 1049): write permissions state for permission: android.permission.CAMERA_OPEN_CLOSE_LISTENER, granted: true, flags: 0
10-15 17:12:48.309 D/PackageSettings( 1049): write permissions state for permission: android.permission.MODIFY_DAY_NIGHT_MODE, granted: true, flags: 0
10-15 17:12:48.309 D/PackageSettings( 1049): write permissions state for permission: android.permission.INPUT_CONSUMER, granted: true, flags: 0
10-15 17:12:48.309 D/PackageSettings( 1049): write permissions state for permission: android.permission.MANAGE_BIOMETRIC, granted: true, flags: 0
10-15 17:12:48.309 D/PackageSettings( 1049): write permissions state for permission: android.permission.SET_ORIENTATION, granted: true, flags: 0
10-15 17:12:48.309 D/PackageSettings( 1049): write permissions state for permission: android.permission.MANAGE_USERS, granted: true, flags: 0
10-15 17:12:48.309 D/PackageSettings( 1049): write permissions state for permission: android.permission.ACCESS_NETWORK_STATE, granted: true, flags: 0
10-15 17:12:48.309 D/PackageSettings( 1049): write permissions state for permission: android.permission.DISABLE_KEYGUARD, granted: true, flags: 0
10-15 17:12:48.309 D/PackageSettings( 1049): write permissions state for permission: android.permission.OBSERVE_NETWORK_POLICY, granted: true, flags: 0
10-15 17:12:48.309 D/PackageSettings( 1049): write permissions state for permission: android.permission.CAMERA, granted: true, flags: 12336
10-15 17:12:48.309 D/PackageSettings( 1049): write permissions state for permission: android.permission.MANAGE_CONTENT_SUGGESTIONS, granted: true, flags: 0
10-15 17:12:48.309 D/PackageSettings( 1049): write permissions state for permission: android.permission.INTERACT_ACROSS_USERS, granted: true, flags: 0
10-15 17:12:48.309 D/PackageSettings( 1049): write permissions state for permission: android.permission.SET_WALLPAPER, granted: true, flags: 0
10-15 17:12:48.309 D/PackageSettings( 1049): write permissions state for permission: android.permission.BROADCAST_CLOSE_SYSTEM_DIALOGS, granted: true, flags: 0
10-15 17:12:48.309 D/PackageSettings( 1049): write permissions state for permission: android.permission.READ_DREAM_STATE, granted: true, flags: 0
10-15 17:12:48.309 D/PackageSettings( 1049): write permissions state for permission: com.android.permissioncontroller.permission.MANAGE_ROLES_FROM_CONTROLLER, granted: true, flags: 0
10-15 17:12:48.309 D/PackageSettings( 1049): write permissions state for permission: android.permission.READ_NETWORK_USAGE_HISTORY, granted: true, flags: 0
10-15 17:12:48.310 D/PackageSettings( 1049): write permissions state for permission: android.permission.USE_FINGERPRINT, granted: true, flags: 0
10-15 17:12:48.310 D/PackageSettings( 1049): write permissions state for permission: android.permission.REQUEST_NETWORK_SCORES, granted: true, flags: 0
10-15 17:12:48.310 D/PackageSettings( 1049): write permissions state for permission: android.permission.ACCESS_VOICE_INTERACTION_SERVICE, granted: true, flags: 0
10-15 17:12:48.310 D/PackageSettings( 1049): write permissions state for permission: android.permission.MANAGE_SENSOR_PRIVACY, granted: true, flags: 32768
10-15 17:12:48.310 D/PackageSettings( 1049): write permissions state for permission: android.permission.WRITE_DREAM_STATE, granted: true, flags: 0
10-15 17:12:48.310 D/PackageSettings( 1049): write permissions state for permission: android.permission.ACCESS_SHORTCUTS, granted: true, flags: 0
10-15 17:12:48.310 D/PackageSettings( 1049): write permissions state for permission: com.transsion.dataservice.permission.WRITE, granted: true, flags: 0
10-15 17:12:48.310 D/PackageSettings( 1049): write permissions state for permission: android.permission.READ_PEOPLE_DATA, granted: true, flags: 0
10-15 17:12:48.310 D/PackageSettings( 1049): write permissions state for permission: android.permission.BIND_CONTROLS, granted: true, flags: 0
10-15 17:12:48.310 D/PackageSettings( 1049): write permissions state for permission: android.permission.MANAGE_NETWORK_POLICY, granted: true, flags: 0
10-15 17:12:48.310 D/PackageSettings( 1049): write permissions state for permission: android.permission.ADD_TRUSTED_DISPLAY, granted: true, flags: 0
10-15 17:12:48.310 D/PackageSettings( 1049): write permissions state for permission: android.permission.MANAGE_NOTIFICATIONS, granted: true, flags: 0
10-15 17:12:48.310 D/PackageSettings( 1049): write permissions state for permission: com.android.systemui.permission.SELF, granted: true, flags: 0
10-15 17:12:48.310 D/PackageSettings( 1049): write permissions state for permission: android.permission.BLUETOOTH_ADVERTISE, granted: true, flags: 12336
10-15 17:12:48.310 D/PackageSettings( 1049): write permissions state for permission: android.permission.MANAGE_MEDIA_PROJECTION, granted: true, flags: 0
10-15 17:12:48.310 D/PackageSettings( 1049): write permissions state for permission: android.permission.ALLOW_SLIPPERY_TOUCHES, granted: true, flags: 0
10-15 17:12:48.310 D/PackageSettings( 1049): write permissions state for permission: android.permission.START_ACTIVITIES_FROM_BACKGROUND, granted: true, flags: 0
10-15 17:12:48.310 D/PackageSettings( 1049): write permissions state for permission: android.permission.GET_ACCOUNTS, granted: true, flags: 12336
10-15 17:12:48.310 D/PackageSettings( 1049): write permissions state for permission: android.permission.OVERRIDE_WIFI_CONFIG, granted: true, flags: 0
10-15 17:12:48.310 D/PackageSettings( 1049): write permissions state for permission: android.permission.HIDE_NON_SYSTEM_OVERLAY_WINDOWS, granted: true, flags: 0
10-15 17:12:48.310 D/PackageSettings( 1049): write permissions state for permission: android.permission.WRITE_EXTERNAL_STORAGE, granted: false, flags: 8448
10-15 17:12:48.310 D/PackageSettings( 1049): write permissions state for permission: android.permission.VIBRATE, granted: true, flags: 0
10-15 17:12:48.310 D/PackageSettings( 1049): write permissions state for permission: android.permission.CAPTURE_BLACKOUT_CONTENT, granted: true, flags: 0
10-15 17:12:48.310 D/PackageSettings( 1049): write permissions state for permission: com.transsion.dataservice.permission.READ, granted: true, flags: 0
10-15 17:12:48.310 D/PackageSettings( 1049): write permissions state for permission: android.permission.MODIFY_ACCESSIBILITY_DATA, granted: true, flags: 0
10-15 17:12:48.310 D/PackageSettings( 1049): write permissions state for permission: android.permission.CHANGE_DEVICE_IDLE_TEMP_WHITELIST, granted: true, flags: 0
10-15 17:12:48.310 D/PackageSettings( 1049): write permissions state for permission: android.permission.MANAGE_SLICE_PERMISSIONS, granted: true, flags: 0
10-15 17:12:48.310 D/PackageSettings( 1049): write permissions state for permission: android.permission.GET_DETAILED_TASKS, granted: true, flags: 0
10-15 17:12:48.310 D/PackageSettings( 1049): write permissions state for permission: android.permission.ACCESS_WIFI_STATE, granted: true, flags: 0
10-15 17:12:48.310 D/PackageSettings( 1049): write permissions state for permission: android.permission.GET_RUNTIME_PERMISSIONS, granted: true, flags: 0
10-15 17:12:48.310 D/PackageSettings( 1049): write permissions state for permission: android.permission.MANAGE_SMARTSPACE, granted: true, flags: 0
10-15 17:12:48.310 D/PackageSettings( 1049): write permissions state for permission: android.permission.ACT_AS_PACKAGE_FOR_ACCESSIBILITY, granted: true, flags: 0
10-15 17:12:48.310 D/PackageSettings( 1049): write permissions state for permission: android.permission.MODIFY_PHONE_STATE, granted: true, flags: 0
10-15 17:12:48.310 D/PackageSettings( 1049): write permissions state for permission: android.permission.ACCESS_VR_MANAGER, granted: true, flags: 0
10-15 17:12:48.310 D/PackageSettings( 1049): write permissions state for permission: android.permission.STATUS_BAR, granted: true, flags: 0
10-15 17:12:48.310 D/PackageSettings( 1049): write permissions state for permission: android.permission.READ_FRAME_BUFFER, granted: true, flags: 0
10-15 17:12:48.310 D/PackageSettings( 1049): write permissions state for permission: android.permission.QUERY_ALL_PACKAGES, granted: true, flags: 0
10-15 17:12:48.310 D/PackageSettings( 1049): write permissions state for permission: android.permission.RECORD_AUDIO, granted: true, flags: 12336
10-15 17:12:48.310 D/PackageSettings( 1049): write permissions state for permission: android.permission.DUMP, granted: true, flags: 0
10-15 17:12:48.310 D/PackageSettings( 1049): write permissions state for permission: android.permission.READ_DEVICE_CONFIG, granted: true, flags: 0
10-15 17:12:48.310 D/PackageSettings( 1049): write permissions state for permission: android.permission.MODIFY_SETTINGS_OVERRIDEABLE_BY_RESTORE, granted: true, flags: 0
10-15 17:12:48.310 D/PackageSettings( 1049): write permissions state for permission: android.permission.WAKE_LOCK, granted: true, flags: 0
10-15 17:12:48.310 D/PackageSettings( 1049): write permissions state for permission: android.permission.READ_CONTACTS, granted: true, flags: 12336
10-15 17:12:48.310 D/PackageSettings( 1049): write permissions state for permission: android.permission.INJECT_EVENTS, granted: true, flags: 0
10-15 17:12:48.310 D/PackageSettings( 1049): write permissions state for permission: android.permission.UPDATE_APP_OPS_STATS, granted: true, flags: 0
10-15 17:12:48.310 D/PackageSettings( 1049): write permissions state for permission: android.permission.OBSERVE_GRANT_REVOKE_PERMISSIONS, granted: true, flags: 0
10-15 17:12:48.310 D/PackageSettings( 1049): write permissions state for permission: android.permission.BLUETOOTH_SCAN, granted: true, flags: 12336
10-15 17:12:48.310 D/PackageSettings( 1049): write permissions state for permission: android.permission.SET_SCREEN_COMPATIBILITY, granted: true, flags: 0
10-15 17:12:48.310 D/PackageSettings( 1049): write permissions state for permission: android.permission.MEDIA_CONTENT_CONTROL, granted: true, flags: 0
10-15 17:12:48.384 W/FilesVerify( 1049): foramat is normal
10-15 17:12:48.385 W/FilesVerify( 1049): verifyRuleGrammarFormat verifyRuleresult :true
10-15 17:12:48.431 D/BroadcastQueue( 1049): Add broadcast <BroadcastRecord{f12dea5 u-1 android.intent.action.DROPBOX_ENTRY_ADDED}> into [parallel | background], pending size 0
10-15 17:12:48.431 D/BroadcastQueue( 1049): Add broadcast <BroadcastRecord{37d427a u-1 android.intent.action.DROPBOX_ENTRY_ADDED}> into [ordered | background], pending size 4
10-15 17:12:48.431 D/BroadcastQueue( 1049): Header is BroadcastRecord{746ec0 u0 android.intent.action.UID_REMOVED} now
10-15 17:12:48.431 W/Looper  ( 1049): Slow dispatch took 134ms android.fg h=com.android.server.DropBoxManagerService$DropBoxManagerBroadcastHandler c=null m=2
10-15 17:12:48.432 D/BroadcastQueue( 1049): Done with parallel broadcast [background] [BroadcastRecord{f12dea5 u-1 android.intent.action.DROPBOX_ENTRY_ADDED}]
10-15 17:12:48.580 D/PowerHAL(  643): ###Enter launch scene bgn###
10-15 17:12:48.580 D/PowerHAL(  643): Enter common_set: enable:1, duration: 0, /sys/devices/system/cpu/sprd_isolation/core_crl_cluster0/min_cpus: 3
10-15 17:12:48.581 D/PowerHAL(  643): Enter common_set: enable:1, duration: 0, /sys/devices/system/cpu/cpufreq/policy0/scaling_min_freq: 1820000
10-15 17:12:48.581 D/PowerHAL(  643): Enter common_set: enable:1, duration: 0, /sys/devices/system/cpu/cpufreq/policy0/scaling_max_freq: 1820000
10-15 17:12:48.582 D/PowerHAL(  643): Enter common_set: enable:1, duration: 0, /sys/devices/system/cpu/cpufreq/policy6/scaling_min_freq: 2028000
10-15 17:12:48.582 I/ActivityTaskManager( 1049): START u0 {flg=0x10000000 cmp=com.selfservice.kiosk.debug/com.selfservice.kiosk.MainActivity} from uid 2000, pid 22975
10-15 17:12:48.582 D/PowerHAL(  643): Enter common_set: enable:1, duration: 0, /sys/devices/system/cpu/cpufreq/policy6/scaling_max_freq: 2028000
10-15 17:12:48.582 D/PowerHAL(  643): Enter devfreq_ddr_set: enable:1, duration: 0, /sys/class/devfreq/scene-frequency/sprd-governor/scene_boost_dfs: max
10-15 17:12:48.583 D/PowerHAL(  643): Enter common_subsys_set: enable:1, duration: 0, subsys:uclamp: conf_1:2
10-15 17:12:48.583 D/PowerHAL(  643): Enter common_subsys_set_current_config: 
10-15 17:12:48.585 D/PowerHAL(  643): ###Enter launch scene end###
10-15 17:12:48.589 W/ActivityTaskManager( 1049): Can't find TaskDisplayArea to determine support for multi window. Task id=1234 attached=false
10-15 17:12:48.591 D/PerformanceDatabaseControl( 1049): queryMem pkgName = com.selfservice.kiosk.debug
10-15 17:12:48.592 I/Layer   (  681): name=1c768d1 com.zhiliaoapp.musically/com.ss.android.ugc.aweme.splash.SplashActivity, id=20899, visible=1, DrawingState.flags=0x100, paused=0, portal=-1, param=NOT_TOUCH_MODAL | KEEP_SCREEN_ON | LAYOUT_IN_SCREEN | LAYOUT_INSET_DECOR | SPLIT_TOUCH | HARDWARE_ACCELERATED | DRAWS_SYSTEM_BAR_BACKGROUNDS, feature=0x0
10-15 17:12:48.592 I/Layer   (  681): name=SurfaceView[com.zhiliaoapp.musically/com.ss.android.ugc.aweme.splash.SplashActivity](BLAST)#0, id=20976, visible=1, DrawingState.flags=0x102, paused=0, portal=-1, param=NOT_TOUCH_MODAL, feature=NO_INPUT_CHANNEL
10-15 17:12:48.592 I/Layer   (  681): name=SurfaceView[com.zhiliaoapp.musically/com.ss.android.ugc.aweme.splash.SplashActivity](BLAST)#2, id=20973, visible=1, DrawingState.flags=0x102, paused=0, portal=-1, param=NOT_TOUCH_MODAL, feature=NO_INPUT_CHANNEL
10-15 17:12:48.592 I/Layer   (  681): name=SurfaceView[com.zhiliaoapp.musically/com.ss.android.ugc.aweme.splash.SplashActivity](BLAST)#1, id=20970, visible=1, DrawingState.flags=0x102, paused=0, portal=-1, param=NOT_TOUCH_MODAL, feature=NO_INPUT_CHANNEL
10-15 17:12:48.592 I/lowmemorykiller(  321): memfree(1265MB) is enough and ignore fast kill
10-15 17:12:48.594 D/CompatibilityChangeReporter( 1049): Compat change id reported: 174042980; UID 10431; state: DISABLED
10-15 17:12:48.594 D/CompatibilityChangeReporter( 1049): Compat change id reported: 184838306; UID 10431; state: DISABLED
10-15 17:12:48.595 D/CompatibilityChangeReporter( 1049): Compat change id reported: 185004937; UID 10431; state: DISABLED
10-15 17:12:48.595 D/CompatibilityChangeReporter( 1049): Compat change id reported: 181136395; UID 10431; state: DISABLED
10-15 17:12:48.596 D/CompatibilityChangeReporter( 1049): Compat change id reported: 174042936; UID 10431; state: DISABLED
10-15 17:12:48.600 I/ActivityTaskManager( 1049): ->startActivity for ActivityRecord{7643b34 u0 com.selfservice.kiosk.debug/com.selfservice.kiosk.MainActivity t1234} result:START_SUCCESS
10-15 17:12:48.601 V/WindowManager( 1049): updateFrameRateSelectionPriorityIfNeeded refreshRate=0.0  package=com.android.systemui
10-15 17:12:48.601 V/WindowManager( 1049): updateFrameRateSelectionPriorityIfNeeded refreshRate=0.0  package=com.whatsapp.w4b
10-15 17:12:48.601 V/WindowManager( 1049): updateFrameRateSelectionPriorityIfNeeded refreshRate=0.0  package=com.whatsapp.w4b
10-15 17:12:48.601 V/WindowManager( 1049): updateFrameRateSelectionPriorityIfNeeded refreshRate=0.0  package=ai.perplexity.app.android
10-15 17:12:48.601 E/RefreshRatePolicy( 1049): whxdebug WindowState preferredDisplayModeId=60.0  packageName=com.transsion.camera
10-15 17:12:48.601 V/WindowManager( 1049): updateFrameRateSelectionPriorityIfNeeded refreshRate=60.0  package=com.transsion.camera
10-15 17:12:48.601 V/WindowManager( 1049): updateFrameRateSelectionPriorityIfNeeded refreshRate=0.0  package=com.gallery20
