--------- beginning of main
10-15 16:13:32.014 D/enhanceHAL(  652): slpSetBrightness: ambient = 7
10-15 16:13:32.123 D/WifiClientModeImpl[wlan0]( 1049): updateLinkLayerStatsRssiSpeedFrequencyCapabilities rssi=-55 TxLinkspeed=135 freq=2457 RxLinkSpeed=81
10-15 16:13:32.124 D/WifiDataStall( 1049): tx tput in kbps: 46406
10-15 16:13:32.124 D/WifiDataStall( 1049): rx tput in kbps: 55687
10-15 16:13:32.124 V/WifiConfigManager( 1049): Updating scan detail cache freq=2457 BSSID=08:c6:b3:33:47:f0 RSSI=-54 for "TTK_2"WPA_PSK
10-15 16:13:32.126 D/WifiScoreCard( 1049): BSSID update SIGNAL_POLL ID: 114962201 SSID: "TTK_2", BSSID: 08:c6:b3:33:47:f0, MAC: 0e:1c:23:ee:bc:f0, Security type: 2, Supplicant state: COMPLETED, Wi-Fi standard: 4, RSSI: -55, Link speed: 135Mbps, Tx Link speed: 135Mbps, Max Supported Tx Link speed: 150Mbps, Rx Link speed: 81Mbps, Max Supported Rx Link speed: 150Mbps, Frequency: 2457MHz, Net ID: 42, Metered hint: false, score: 60, CarrierMerged: false, SubscriptionId: -1, IsPrimary: 1
10-15 16:13:32.126 D/WifiScoreCard( 1049): txRate: 0 txSpeed: 135
10-15 16:13:32.126 D/WifiScoreCard( 1049): network update SIGNAL_POLL "TTK_2" ID: 1048233252 RSSI -55 txSpeed -1
--------- beginning of system
10-15 16:13:32.127 D/BroadcastQueue( 1049): Add broadcast <BroadcastRecord{5781910 u-1 android.net.wifi.RSSI_CHANGED}> into [parallel | background], pending size 0
10-15 16:13:32.127 V/WifiManager( 1381): TrafficStateCallbackProxy: onStateChanged state=0
10-15 16:13:32.127 D/BroadcastQueue( 1049): Done with parallel broadcast [background] [BroadcastRecord{5781910 u-1 android.net.wifi.RSSI_CHANGED}]
10-15 16:13:32.128 D/WifiClientModeImpl[wlan0]( 1049):  L2ConnectedState screen=on 134 0 "TTK_2" 08:c6:b3:33:47:f0 rssi=-55 f=2457 sc=60 link=135 tx=0,0, 0,0, 0,0  rx=0,0 bcn=34 [on:777 tx:2 rx:7 period:3017] from screen [on:1562163 period:664869] score=60
10-15 16:13:32.176 D/enhanceHAL(  652): slpSetBrightness: ambient = 7
10-15 16:13:32.338 D/enhanceHAL(  652): slpSetBrightness: ambient = 7
10-15 16:13:32.500 D/enhanceHAL(  652): slpSetBrightness: ambient = 7
10-15 16:13:32.660 I/ActivityTaskManager( 1049): START u0 {flg=0x10000000 cmp=com.selfservice.kiosk.debug/.MainActivity} from uid 2000, pid 29240
10-15 16:13:32.663 D/enhanceHAL(  652): slpSetBrightness: ambient = 7
10-15 16:13:32.669 I/ActivityTaskManager( 1049): ->startActivity for Intent { flg=0x10000000 cmp=com.selfservice.kiosk.debug/.MainActivity } result:START_CLASS_NOT_FOUND
10-15 16:13:32.825 D/enhanceHAL(  652): slpSetBrightness: ambient = 6
10-15 16:13:32.987 D/enhanceHAL(  652): slpSetBrightness: ambient = 6
10-15 16:13:33.149 D/enhanceHAL(  652): slpSetBrightness: ambient = 6
10-15 16:13:33.311 D/enhanceHAL(  652): slpSetBrightness: ambient = 6
10-15 16:13:33.473 D/enhanceHAL(  652): slpSetBrightness: ambient = 6
10-15 16:13:33.636 D/enhanceHAL(  652): slpSetBrightness: ambient = 6
10-15 16:13:33.798 D/enhanceHAL(  652): slpSetBrightness: ambient = 6
10-15 16:13:33.959 D/enhanceHAL(  652): slpSetBrightness: ambient = 6
10-15 16:13:34.122 D/enhanceHAL(  652): slpSetBrightness: ambient = 6
10-15 16:13:34.284 D/enhanceHAL(  652): slpSetBrightness: ambient = 6
10-15 16:13:34.446 D/enhanceHAL(  652): slpSetBrightness: ambient = 6
10-15 16:13:34.608 D/enhanceHAL(  652): slpSetBrightness: ambient = 6
10-15 16:13:34.770 D/enhanceHAL(  652): slpSetBrightness: ambient = 6
10-15 16:13:34.932 D/enhanceHAL(  652): slpSetBrightness: ambient = 6
10-15 16:13:35.095 D/enhanceHAL(  652): slpSetBrightness: ambient = 6
10-15 16:13:35.137 D/WifiClientModeImpl[wlan0]( 1049): updateLinkLayerStatsRssiSpeedFrequencyCapabilities rssi=-56 TxLinkspeed=135 freq=2457 RxLinkSpeed=108
10-15 16:13:35.138 D/WifiDataStall( 1049): tx tput in kbps: 46406
10-15 16:13:35.138 D/WifiDataStall( 1049): rx tput in kbps: 55687
10-15 16:13:35.139 V/WifiConfigManager( 1049): Updating scan detail cache freq=2457 BSSID=08:c6:b3:33:47:f0 RSSI=-55 for "TTK_2"WPA_PSK
10-15 16:13:35.140 D/WifiScoreCard( 1049): BSSID update SIGNAL_POLL ID: 114962201 SSID: "TTK_2", BSSID: 08:c6:b3:33:47:f0, MAC: 0e:1c:23:ee:bc:f0, Security type: 2, Supplicant state: COMPLETED, Wi-Fi standard: 4, RSSI: -56, Link speed: 135Mbps, Tx Link speed: 135Mbps, Max Supported Tx Link speed: 150Mbps, Rx Link speed: 108Mbps, Max Supported Rx Link speed: 150Mbps, Frequency: 2457MHz, Net ID: 42, Metered hint: false, score: 60, CarrierMerged: false, SubscriptionId: -1, IsPrimary: 1
10-15 16:13:35.140 D/WifiScoreCard( 1049): txRate: 0 txSpeed: 135
10-15 16:13:35.140 D/WifiScoreCard( 1049): network update SIGNAL_POLL "TTK_2" ID: 1048233252 RSSI -56 txSpeed -1
10-15 16:13:35.141 D/BroadcastQueue( 1049): Add broadcast <BroadcastRecord{e2db63c u-1 android.net.wifi.RSSI_CHANGED}> into [parallel | background], pending size 0
10-15 16:13:35.142 V/WifiManager( 1381): TrafficStateCallbackProxy: onStateChanged state=2
10-15 16:13:35.142 D/BroadcastQueue( 1049): Done with parallel broadcast [background] [BroadcastRecord{e2db63c u-1 android.net.wifi.RSSI_CHANGED}]
10-15 16:13:35.142 D/WifiClientModeImpl[wlan0]( 1049):  L2ConnectedState screen=on 134 0 "TTK_2" 08:c6:b3:33:47:f0 rssi=-56 f=2457 sc=60 link=135 tx=0,0, 0,0, 0,0  rx=0,0 bcn=30 [on:679 tx:3 rx:5 period:3014] from screen [on:1562842 period:667884] score=60
10-15 16:13:35.256 D/enhanceHAL(  652): slpSetBrightness: ambient = 6
10-15 16:13:35.419 D/enhanceHAL(  652): slpSetBrightness: ambient = 6
10-15 16:13:35.524 D/ResMonitor2Proxy( 1049): visible mem gap 531340Kb
10-15 16:13:35.524 D/Griffin/AdjClean( 1049): item=2
10-15 16:13:35.525 D/Griffin/CleanManager( 1049): dispatch clean index=9
10-15 16:13:35.525 D/Griffin/AdjClean( 1049): clean code: visible(2) begin:
10-15 16:13:35.527 D/UxDetectorUtil( 1049): getIsLowBattery init =74
10-15 16:13:35.528 D/UxDetectorUtil( 1049): getIsLowBattery = 0
10-15 16:13:35.528 D/UxDetectorUtil( 1049): bright ness is 255
10-15 16:13:35.528 D/UxDetectorUtil( 1049): return bringt ness is 3
10-15 16:13:35.529 D/UxDetectorUtil( 1049): signal string is 2
10-15 16:13:35.534 D/IntervalStats( 1049): Unable to parse usage stats packages: [2647, 2648, 2651, 2657, 2663, 2672, 2675, 2677, 2687]
10-15 16:13:35.537 D/Griffin/AdjClean( 1049): clean code:visible(2) finish: coast 11ms
10-15 16:13:35.581 D/enhanceHAL(  652): slpSetBrightness: ambient = 6
10-15 16:13:35.743 D/enhanceHAL(  652): slpSetBrightness: ambient = 6
10-15 16:13:35.744 D/ip_monitor-797(29243): 192.168.0.1 dev wlan0 lladdr 08:c6:b3:33:47:ee STALE
10-15 16:13:35.905 D/enhanceHAL(  652): slpSetBrightness: ambient = 6
10-15 16:13:36.067 D/enhanceHAL(  652): slpSetBrightness: ambient = 6
10-15 16:13:36.229 D/enhanceHAL(  652): slpSetBrightness: ambient = 6
10-15 16:13:36.392 D/enhanceHAL(  652): slpSetBrightness: ambient = 6
10-15 16:13:36.532 D/SSense  ( 1049): onTouchRateChanged: rate:0.625
10-15 16:13:36.554 D/enhanceHAL(  652): slpSetBrightness: ambient = 6
10-15 16:13:36.716 D/enhanceHAL(  652): slpSetBrightness: ambient = 6
10-15 16:13:36.877 D/enhanceHAL(  652): slpSetBrightness: ambient = 6
10-15 16:13:37.040 D/enhanceHAL(  652): slpSetBrightness: ambient = 6
10-15 16:13:37.202 D/enhanceHAL(  652): slpSetBrightness: ambient = 6
10-15 16:13:37.364 D/enhanceHAL(  652): slpSetBrightness: ambient = 6
10-15 16:13:37.526 D/enhanceHAL(  652): slpSetBrightness: ambient = 6
10-15 16:13:37.688 D/enhanceHAL(  652): slpSetBrightness: ambient = 6
10-15 16:13:37.850 D/enhanceHAL(  652): slpSetBrightness: ambient = 6
10-15 16:13:38.013 D/enhanceHAL(  652): slpSetBrightness: ambient = 6
10-15 16:13:38.158 D/WifiClientModeImpl[wlan0]( 1049): updateLinkLayerStatsRssiSpeedFrequencyCapabilities rssi=-59 TxLinkspeed=135 freq=2457 RxLinkSpeed=81
10-15 16:13:38.160 D/WifiDataStall( 1049): tx tput in kbps: 46406
10-15 16:13:38.160 D/WifiDataStall( 1049): rx tput in kbps: 55687
10-15 16:13:38.160 V/WifiConfigManager( 1049): Updating scan detail cache freq=2457 BSSID=08:c6:b3:33:47:f0 RSSI=-57 for "TTK_2"WPA_PSK
10-15 16:13:38.160 D/WifiDataStall( 1049):  ccaLevel = 80
10-15 16:13:38.162 D/WifiDataStall( 1049): L2 txTputKbps: 88171, rxTputKbps: 55687, L3 txTputKbps: 3, rxTputKbps: 10, TxTrafficHigh: false, RxTrafficHigh: false, Throughput Sufficient: true
10-15 16:13:38.164 D/WifiScoreCard( 1049): BSSID update SIGNAL_POLL ID: 114962201 SSID: "TTK_2", BSSID: 08:c6:b3:33:47:f0, MAC: 0e:1c:23:ee:bc:f0, Security type: 2, Supplicant state: COMPLETED, Wi-Fi standard: 4, RSSI: -59, Link speed: 135Mbps, Tx Link speed: 135Mbps, Max Supported Tx Link speed: 150Mbps, Rx Link speed: 81Mbps, Max Supported Rx Link speed: 150Mbps, Frequency: 2457MHz, Net ID: 42, Metered hint: false, score: 60, CarrierMerged: false, SubscriptionId: -1, IsPrimary: 1
10-15 16:13:38.164 D/WifiScoreCard( 1049): txRate: 1 txSpeed: 135
10-15 16:13:38.164 D/WifiScoreCard( 1049): network update SIGNAL_POLL "TTK_2" ID: 1048233252 RSSI -59 txSpeed -1
10-15 16:13:38.166 D/BroadcastQueue( 1049): Add broadcast <BroadcastRecord{e33ed1a u-1 android.net.wifi.RSSI_CHANGED}> into [parallel | background], pending size 0
10-15 16:13:38.167 D/BroadcastQueue( 1049): Done with parallel broadcast [background] [BroadcastRecord{e33ed1a u-1 android.net.wifi.RSSI_CHANGED}]
10-15 16:13:38.167 V/WifiManager( 1381): TrafficStateCallbackProxy: onStateChanged state=3
10-15 16:13:38.168 D/WifiClientModeImpl[wlan0]( 1049):  L2ConnectedState screen=on 134 0 "TTK_2" 08:c6:b3:33:47:f0 rssi=-59 f=2457 sc=60 link=135 tx=0,2, 0,2, 0,0  rx=1,3 bcn=21 [on:2306 tx:6 rx:28 period:3026] from screen [on:1565148 period:670910] score=60
10-15 16:13:38.175 D/enhanceHAL(  652): slpSetBrightness: ambient = 6
10-15 16:13:38.337 D/enhanceHAL(  652): slpSetBrightness: ambient = 6
10-15 16:13:38.499 D/enhanceHAL(  652): slpSetBrightness: ambient = 6
10-15 16:13:38.661 D/enhanceHAL(  652): slpSetBrightness: ambient = 6
10-15 16:13:38.823 D/enhanceHAL(  652): slpSetBrightness: ambient = 6
10-15 16:13:38.985 D/enhanceHAL(  652): slpSetBrightness: ambient = 6
10-15 16:13:39.147 D/enhanceHAL(  652): slpSetBrightness: ambient = 6
10-15 16:13:39.237 D/BroadcastQueue( 1049): Add broadcast <BroadcastRecord{a76104b u-1 android.intent.action.BATTERY_CHANGED}> into [parallel | background], pending size 0
10-15 16:13:39.238 W/BroadcastCollector_smart( 1049): onReceive : feature_data_collector is close!!!
10-15 16:13:39.239 I/Hoffnung( 2347): Universal onReceive: Intent { act=android.intent.action.BATTERY_CHANGED flg=0x60000010 (has extras) }
10-15 16:13:39.239 D/SmartPower( 1049): SmartPowerSavingService&intelligent_power, >>BatteryStatusReceiver,onReceive
10-15 16:13:39.239 I/Hoffnung( 2347): LocalBroadcastManager onReceive Intent { act=android.intent.action.BATTERY_CHANGED flg=0x60000010 (has extras) }
10-15 16:13:39.240 D/BroadcastQueue( 1049): Done with parallel broadcast [background] [BroadcastRecord{a76104b u-1 android.intent.action.BATTERY_CHANGED}]
10-15 16:13:39.241 D/EmergencyMsgController( 1308): BatteryStateReceiver onReceive action android.intent.action.BATTERY_CHANGED
10-15 16:13:39.241 D/EmergencyMsgController( 1308):  powerPluggedIn: true level: 74 LowBatteryMode: false
10-15 16:13:39.242 D/BatteryLabService(30537): current level == 74, temperature == 339
10-15 16:13:39.242 D/BatteryLabService(30537): system is charging
10-15 16:13:39.242 D/BatteryLabService(30537): charge status == 2, plugged == 2
10-15 16:13:39.309 D/enhanceHAL(  652): slpSetBrightness: ambient = 6
10-15 16:13:39.472 D/enhanceHAL(  652): slpSetBrightness: ambient = 6
10-15 16:13:39.634 D/enhanceHAL(  652): slpSetBrightness: ambient = 6
10-15 16:13:39.796 D/enhanceHAL(  652): slpSetBrightness: ambient = 6
10-15 16:13:39.958 D/enhanceHAL(  652): slpSetBrightness: ambient = 6
10-15 16:13:40.120 D/enhanceHAL(  652): slpSetBrightness: ambient = 6
10-15 16:13:40.282 D/enhanceHAL(  652): slpSetBrightness: ambient = 6
10-15 16:13:40.444 D/enhanceHAL(  652): slpSetBrightness: ambient = 6
10-15 16:13:40.606 D/enhanceHAL(  652): slpSetBrightness: ambient = 6
10-15 16:13:40.769 D/enhanceHAL(  652): slpSetBrightness: ambient = 6
10-15 16:13:40.931 D/enhanceHAL(  652): slpSetBrightness: ambient = 6
10-15 16:13:41.093 D/enhanceHAL(  652): slpSetBrightness: ambient = 6
10-15 16:13:41.181 D/WifiClientModeImpl[wlan0]( 1049): updateLinkLayerStatsRssiSpeedFrequencyCapabilities rssi=-56 TxLinkspeed=135 freq=2457 RxLinkSpeed=54
10-15 16:13:41.183 D/WifiDataStall( 1049): tx tput in kbps: 88171
10-15 16:13:41.184 D/WifiDataStall( 1049): rx tput in kbps: 55687
10-15 16:13:41.184 V/WifiConfigManager( 1049): Updating scan detail cache freq=2457 BSSID=08:c6:b3:33:47:f0 RSSI=-56 for "TTK_2"WPA_PSK
10-15 16:13:41.184 D/WifiDataStall( 1049):  ccaLevel = 80
10-15 16:13:41.185 D/WifiDataStall( 1049): L2 txTputKbps: 46406, rxTputKbps: 37125, L3 txTputKbps: 3, rxTputKbps: 3, TxTrafficHigh: true, RxTrafficHigh: false, Throughput Sufficient: true
10-15 16:13:41.187 D/WifiScoreCard( 1049): BSSID update SIGNAL_POLL ID: 114962201 SSID: "TTK_2", BSSID: 08:c6:b3:33:47:f0, MAC: 0e:1c:23:ee:bc:f0, Security type: 2, Supplicant state: COMPLETED, Wi-Fi standard: 4, RSSI: -56, Link speed: 135Mbps, Tx Link speed: 135Mbps, Max Supported Tx Link speed: 150Mbps, Rx Link speed: 54Mbps, Max Supported Rx Link speed: 150Mbps, Frequency: 2457MHz, Net ID: 42, Metered hint: false, score: 60, CarrierMerged: false, SubscriptionId: -1, IsPrimary: 1
10-15 16:13:41.187 D/WifiScoreCard( 1049): txRate: 4 txSpeed: 135
10-15 16:13:41.187 D/WifiScoreCard( 1049): network update SIGNAL_POLL "TTK_2" ID: 1048233252 RSSI -56 txSpeed 135
10-15 16:13:41.190 D/BroadcastQueue( 1049): Add broadcast <BroadcastRecord{23dfa28 u-1 android.net.wifi.RSSI_CHANGED}> into [parallel | background], pending size 0
10-15 16:13:41.190 D/BroadcastQueue( 1049): Done with parallel broadcast [background] [BroadcastRecord{23dfa28 u-1 android.net.wifi.RSSI_CHANGED}]
10-15 16:13:41.191 D/WifiClientModeImpl[wlan0]( 1049):  L2ConnectedState screen=on 134 0 "TTK_2" 08:c6:b3:33:47:f0 rssi=-56 f=2457 sc=60 link=135 tx=1,8, 1,8, 0,0  rx=1,3 bcn=25 [on:4018 tx:5 rx:25 period:3022] from screen [on:1569166 period:673933] score=60
10-15 16:13:41.255 D/enhanceHAL(  652): slpSetBrightness: ambient = 6
10-15 16:13:41.417 D/enhanceHAL(  652): slpSetBrightness: ambient = 6
10-15 16:13:41.579 D/enhanceHAL(  652): slpSetBrightness: ambient = 6
10-15 16:13:41.741 D/enhanceHAL(  652): slpSetBrightness: ambient = 6
10-15 16:13:41.760 D/ip_monitor-797(29250): 192.168.0.1 dev wlan0 lladdr 08:c6:b3:33:47:ee REACHABLE
10-15 16:13:41.903 D/enhanceHAL(  652): slpSetBrightness: ambient = 6
10-15 16:13:42.065 D/enhanceHAL(  652): slpSetBrightness: ambient = 6
10-15 16:13:42.228 D/enhanceHAL(  652): slpSetBrightness: ambient = 6
10-15 16:13:42.390 D/enhanceHAL(  652): slpSetBrightness: ambient = 6
10-15 16:13:42.552 D/enhanceHAL(  652): slpSetBrightness: ambient = 6
10-15 16:13:42.714 D/enhanceHAL(  652): slpSetBrightness: ambient = 6
10-15 16:13:42.876 D/enhanceHAL(  652): slpSetBrightness: ambient = 6
10-15 16:13:43.038 D/enhanceHAL(  652): slpSetBrightness: ambient = 6
10-15 16:13:43.200 D/enhanceHAL(  652): slpSetBrightness: ambient = 6
10-15 16:13:43.363 D/enhanceHAL(  652): slpSetBrightness: ambient = 6
10-15 16:13:43.525 D/enhanceHAL(  652): slpSetBrightness: ambient = 6
10-15 16:13:43.686 D/enhanceHAL(  652): slpSetBrightness: ambient = 6
10-15 16:13:43.849 D/enhanceHAL(  652): slpSetBrightness: ambient = 6
10-15 16:13:44.011 D/enhanceHAL(  652): slpSetBrightness: ambient = 6
10-15 16:13:44.173 D/enhanceHAL(  652): slpSetBrightness: ambient = 6
10-15 16:13:44.205 D/WifiClientModeImpl[wlan0]( 1049): updateLinkLayerStatsRssiSpeedFrequencyCapabilities rssi=-54 TxLinkspeed=135 freq=2457 RxLinkSpeed=54
10-15 16:13:44.208 D/WifiDataStall( 1049): tx tput in kbps: 46406
10-15 16:13:44.209 D/WifiDataStall( 1049): rx tput in kbps: 37125
10-15 16:13:44.209 V/WifiConfigManager( 1049): Updating scan detail cache freq=2457 BSSID=08:c6:b3:33:47:f0 RSSI=-54 for "TTK_2"WPA_PSK
10-15 16:13:44.211 D/WifiScoreCard( 1049): BSSID update SIGNAL_POLL ID: 114962201 SSID: "TTK_2", BSSID: 08:c6:b3:33:47:f0, MAC: 0e:1c:23:ee:bc:f0, Security type: 2, Supplicant state: COMPLETED, Wi-Fi standard: 4, RSSI: -54, Link speed: 135Mbps, Tx Link speed: 135Mbps, Max Supported Tx Link speed: 150Mbps, Rx Link speed: 54Mbps, Max Supported Rx Link speed: 150Mbps, Frequency: 2457MHz, Net ID: 42, Metered hint: false, score: 60, CarrierMerged: false, SubscriptionId: -1, IsPrimary: 1
10-15 16:13:44.212 D/WifiScoreCard( 1049): txRate: 0 txSpeed: 135
10-15 16:13:44.212 D/WifiScoreCard( 1049): network update SIGNAL_POLL "TTK_2" ID: 1048233252 RSSI -54 txSpeed -1
10-15 16:13:44.214 D/BroadcastQueue( 1049): Add broadcast <BroadcastRecord{98be341 u-1 android.net.wifi.RSSI_CHANGED}> into [parallel | background], pending size 0
10-15 16:13:44.215 D/BroadcastQueue( 1049): Done with parallel broadcast [background] [BroadcastRecord{98be341 u-1 android.net.wifi.RSSI_CHANGED}]
10-15 16:13:44.215 V/WifiManager( 1381): TrafficStateCallbackProxy: onStateChanged state=0
10-15 16:13:44.216 D/WifiClientModeImpl[wlan0]( 1049):  L2ConnectedState screen=on 134 0 "TTK_2" 08:c6:b3:33:47:f0 rssi=-54 f=2457 sc=60 link=135 tx=0,0, 0,0, 0,0  rx=0,0 bcn=29 [on:1983 tx:5 rx:22 period:3024] from screen [on:1571149 period:676958] score=60
10-15 16:13:44.335 D/enhanceHAL(  652): slpSetBrightness: ambient = 6
10-15 16:13:44.497 D/enhanceHAL(  652): slpSetBrightness: ambient = 6
10-15 16:13:44.659 D/enhanceHAL(  652): slpSetBrightness: ambient = 6
10-15 16:13:44.821 D/enhanceHAL(  652): slpSetBrightness: ambient = 6
10-15 16:13:44.983 D/enhanceHAL(  652): slpSetBrightness: ambient = 6
10-15 16:13:45.145 D/enhanceHAL(  652): slpSetBrightness: ambient = 6
10-15 16:13:45.307 D/enhanceHAL(  652): slpSetBrightness: ambient = 6
10-15 16:13:45.324 D/SmartItelScene_smart( 1049): reportEvent: ItelScene{mSceneType=4000, mSceneId=4001, mExtras=Bundle[{lastSceneState=16385, currentMeanTemperature=33, lastState=4001}]}
10-15 16:13:45.324 D/SmartItelScene_smart( 1049): notifySceneStatusChanged: notify 2 receivers
10-15 16:13:45.325 D/TemperatuerModule( 1049): onNotifySceneStats() ItelScene{mSceneType=4000, mSceneId=4001, mExtras=Bundle[{lastSceneState=16385, currentMeanTemperature=33, lastState=4001}]}
10-15 16:13:45.325 D/TemperatuerModule( 1049): processTemperatureSensor() mIsPowerModel false;sceneId 16385
10-15 16:13:45.325 D/SmartItelScene_smart( 1049): handleMessage(MSG_TEMPERATURE_STATE_SWITCH)
10-15 16:13:45.325 D/TemperatuerModule( 1049): handleMessage() mIsPowerModel false;msg.what 1
10-15 16:13:45.325 D/TemperatuerModule( 1049): setNormalStrategy()
10-15 16:13:45.326 D/SmartPower( 1049): PowerXtendOperation&intelligent_power, --ItelScene{mSceneType=4000, mSceneId=4001, mExtras=Bundle[{lastSceneState=16385, currentMeanTemperature=33, lastState=4001}]}
10-15 16:13:45.326 D/SmartPower( 1049): PowerXtendOperation&intelligent_power, -sceneType-16384
10-15 16:13:45.326 D/SmartPower( 1049): PowerXtendOperation&intelligent_power, -sceneId-16385
10-15 16:13:45.369 W/ThreadPoolForeg(12973): type=1400 audit(0.0:44895): avc: denied { write } for name="traced_producer" dev="tmpfs" ino=19299 scontext=u:r:gmscore_app:s0:c512,c768 tcontext=u:object_r:traced_producer_socket:s0 tclass=sock_file permissive=0 app=com.google.android.gms
10-15 16:13:45.470 D/enhanceHAL(  652): slpSetBrightness: ambient = 6
10-15 16:13:45.632 D/enhanceHAL(  652): slpSetBrightness: ambient = 6
10-15 16:13:45.794 D/enhanceHAL(  652): slpSetBrightness: ambient = 6
10-15 16:13:45.956 D/enhanceHAL(  652): slpSetBrightness: ambient = 6
10-15 16:13:46.118 D/enhanceHAL(  652): slpSetBrightness: ambient = 6
10-15 16:13:46.280 D/enhanceHAL(  652): slpSetBrightness: ambient = 6
10-15 16:13:46.442 D/enhanceHAL(  652): slpSetBrightness: ambient = 6
10-15 16:13:46.535 D/SSense  ( 1049): onTouchRateChanged: rate:0.3125
10-15 16:13:46.605 D/enhanceHAL(  652): slpSetBrightness: ambient = 6
10-15 16:13:46.767 D/enhanceHAL(  652): slpSetBrightness: ambient = 6
10-15 16:13:46.929 D/enhanceHAL(  652): slpSetBrightness: ambient = 6
10-15 16:13:47.091 D/enhanceHAL(  652): slpSetBrightness: ambient = 6
10-15 16:13:47.230 D/WifiClientModeImpl[wlan0]( 1049): updateLinkLayerStatsRssiSpeedFrequencyCapabilities rssi=-55 TxLinkspeed=135 freq=2457 RxLinkSpeed=81
10-15 16:13:47.233 D/WifiDataStall( 1049): tx tput in kbps: 46406
10-15 16:13:47.233 D/WifiDataStall( 1049): rx tput in kbps: 37125
10-15 16:13:47.233 V/WifiConfigManager( 1049): Updating scan detail cache freq=2457 BSSID=08:c6:b3:33:47:f0 RSSI=-54 for "TTK_2"WPA_PSK
10-15 16:13:47.233 D/WifiDataStall( 1049):  ccaLevel = 80
10-15 16:13:47.235 D/WifiDataStall( 1049): L2 txTputKbps: 46406, rxTputKbps: 55687, L3 txTputKbps: 3, rxTputKbps: 5, TxTrafficHigh: true, RxTrafficHigh: true, Throughput Sufficient: true
10-15 16:13:47.236 D/WifiScoreCard( 1049): BSSID update SIGNAL_POLL ID: 114962201 SSID: "TTK_2", BSSID: 08:c6:b3:33:47:f0, MAC: 0e:1c:23:ee:bc:f0, Security type: 2, Supplicant state: COMPLETED, Wi-Fi standard: 4, RSSI: -55, Link speed: 135Mbps, Tx Link speed: 135Mbps, Max Supported Tx Link speed: 150Mbps, Rx Link speed: 81Mbps, Max Supported Rx Link speed: 150Mbps, Frequency: 2457MHz, Net ID: 42, Metered hint: false, score: 60, CarrierMerged: false, SubscriptionId: -1, IsPrimary: 1
10-15 16:13:47.236 D/WifiScoreCard( 1049): txRate: 3 txSpeed: 135
10-15 16:13:47.237 D/WifiScoreCard( 1049): network update SIGNAL_POLL "TTK_2" ID: 1048233252 RSSI -55 txSpeed -1
10-15 16:13:47.239 D/BroadcastQueue( 1049): Add broadcast <BroadcastRecord{6136627 u-1 android.net.wifi.RSSI_CHANGED}> into [parallel | background], pending size 0
10-15 16:13:47.240 V/WifiManager( 1381): TrafficStateCallbackProxy: onStateChanged state=3
10-15 16:13:47.240 D/BroadcastQueue( 1049): Done with parallel broadcast [background] [BroadcastRecord{6136627 u-1 android.net.wifi.RSSI_CHANGED}]
10-15 16:13:47.241 D/WifiClientModeImpl[wlan0]( 1049):  L2ConnectedState screen=on 134 0 "TTK_2" 08:c6:b3:33:47:f0 rssi=-55 f=2457 sc=60 link=135 tx=1,3, 1,3, 0,0  rx=1,5 bcn=29 [on:2416 tx:10 rx:32 period:3025] from screen [on:1573565 period:679983] score=60
10-15 16:13:47.253 D/enhanceHAL(  652): slpSetBrightness: ambient = 6
10-15 16:13:47.415 D/enhanceHAL(  652): slpSetBrightness: ambient = 6
10-15 16:13:47.577 D/enhanceHAL(  652): slpSetBrightness: ambient = 6
10-15 16:13:47.739 D/enhanceHAL(  652): slpSetBrightness: ambient = 6
10-15 16:13:47.820 D/AlarmManagerService( 1049): set alarm to kernel: 254995.387000000, type=2 
10-15 16:13:47.820 D/AlarmManagerService( 1049): set alarm to kernel: 253208.346000000, type=3 
10-15 16:13:47.820 I/AlarmManager(28956): setExactAndAllowWhileIdle [name: GCM_HB_ALARM type: 2 triggerAtMillis: 253798207]
10-15 16:13:47.821 V/AlarmManager( 1049): set(PendingIntent{88c90d4: PendingIntentRecord{b94d3a0 com.google.android.gms/com.google.android.gms.gcm broadcastIntent}}) : type=2 listener=null listenerTag=null triggerAtTime=253798207 win=0 tElapsed=253798207 maxElapsed=253798207 interval=0 flags=0x21
10-15 16:13:47.822 D/AlarmManagerService( 1049): set alarm to kernel: 253798.207000000, type=2 
10-15 16:13:47.823 D/AlarmManagerService( 1049): set alarm to kernel: 253208.346000000, type=3 
10-15 16:13:47.836 I/AlarmManager(28956): setExactAndAllowWhileIdle [name: FcmRetry type: 2 triggerAtMillis: 253318222]
10-15 16:13:47.837 V/AlarmManager( 1049): set(PendingIntent{8be640: PendingIntentRecord{bcdbbb7 com.google.android.gms/com.google.android.gms.gcm broadcastIntent}}) : type=2 listener=null listenerTag=null triggerAtTime=253318222 win=0 tElapsed=253318222 maxElapsed=253318222 interval=0 flags=0x21
10-15 16:13:47.869 W/ProcessStats( 1049): Tracking association SourceState{93c58c5 com.transsion.XOSLauncher.upgrade/10180 BTopFgs #397722} whose proc state 2 is better than process ProcessState{f1c021a com.transsnet.store/10065 pkg=com.transsnet.store} proc state 3 (7 skipped)
10-15 16:13:47.870 D/AlarmManagerService( 1049): set alarm to kernel: 253318.222000000, type=2 
10-15 16:13:47.870 D/AlarmManagerService( 1049): set alarm to kernel: 253208.346000000, type=3 
10-15 16:13:47.870 D/AlarmManagerService( 1049): set alarm to kernel: 253318.222000000, type=2 
10-15 16:13:47.870 D/AlarmManagerService( 1049): set alarm to kernel: 253208.346000000, type=3 
10-15 16:13:47.871 I/AlarmManager(28956): setExactAndAllowWhileIdle [name: GCM_HB_ALARM type: 2 triggerAtMillis: 253798258]
10-15 16:13:47.872 V/AlarmManager( 1049): set(PendingIntent{444f31f: PendingIntentRecord{b94d3a0 com.google.android.gms/com.google.android.gms.gcm broadcastIntent}}) : type=2 listener=null listenerTag=null triggerAtTime=253798258 win=0 tElapsed=253798258 maxElapsed=253798258 interval=0 flags=0x21
10-15 16:13:47.884 D/BroadcastQueue( 1049): Add broadcast <BroadcastRecord{c69266c u0 com.google.android.c2dm.intent.RECEIVE}> into [ordered | background], pending size 0
10-15 16:13:47.884 D/BroadcastQueue( 1049): Header is BroadcastRecord{c69266c u0 com.google.android.c2dm.intent.RECEIVE} now
10-15 16:13:47.884 D/AlarmManagerService( 1049): set alarm to kernel: 253318.222000000, type=2 
10-15 16:13:47.885 D/AlarmManagerService( 1049): set alarm to kernel: 253208.346000000, type=3 
10-15 16:13:47.885 V/AlarmManager( 1049): set(PendingIntent{d7a95f2: PendingIntentRecord{20dc443 android broadcastIntent}}) : type=3 listener=null listenerTag=null triggerAtTime=253498271 win=225000 tElapsed=253498271 maxElapsed=253723271 interval=0 flags=0x8
10-15 16:13:47.885 D/CompatibilityChangeReporter( 1049): Compat change id reported: 135634846; UID 10110; state: DISABLED
10-15 16:13:47.885 D/CompatibilityChangeReporter( 1049): Compat change id reported: 135754954; UID 10110; state: ENABLED
10-15 16:13:47.886 D/CompatibilityChangeReporter( 1049): Compat change id reported: 143937733; UID 10110; state: ENABLED
10-15 16:13:47.887 D/AlarmManagerService( 1049): set alarm to kernel: 253318.222000000, type=2 
10-15 16:13:47.887 D/AlarmManagerService( 1049): set alarm to kernel: 253208.346000000, type=3 
10-15 16:13:47.887 D/AlarmManagerService( 1049): set alarm to kernel: 253318.222000000, type=2 
10-15 16:13:47.888 D/AlarmManagerService( 1049): set alarm to kernel: 253208.346000000, type=3 
10-15 16:13:47.892 D/AlarmManagerService( 1049): set alarm to kernel: 253318.222000000, type=2 
10-15 16:13:47.893 D/AlarmManagerService( 1049): set alarm to kernel: 253208.346000000, type=3 
10-15 16:13:47.897 D/Zygote  (  595): Forked child process 29256
10-15 16:13:47.898 I/ActivityManager( 1049): Start proc 29256:com.google.android.googlequicksearchbox:googleapp/u0a110 for broadcast {com.google.android.googlequicksearchbox/com.google.firebase.iid.FirebaseInstanceIdReceiver}
10-15 16:13:47.901 D/enhanceHAL(  652): slpSetBrightness: ambient = 6
10-15 16:13:47.902 V/AlarmManager( 1049): set(PendingIntent{c8c2717: PendingIntentRecord{5bd3b3e com.google.android.gms/com.google.android.gms.scheduler broadcastIntent}}) : type=3 listener=null listenerTag=null triggerAtTime=254678492 win=1110152 tElapsed=254678492 maxElapsed=255788644 interval=0 flags=0x0
10-15 16:13:47.909 I/chbox:googleap(29256): Using CollectorTypeCMC GC.
10-15 16:13:47.912 E/chbox:googleap(29256): Not starting debugger since process cannot load the jdwp agent.
10-15 16:13:47.925 D/AlarmManagerService( 1049): set alarm to kernel: 253318.222000000, type=2 
10-15 16:13:47.926 D/AlarmManagerService( 1049): set alarm to kernel: 253208.346000000, type=3 
10-15 16:13:47.927 I/NetworkScheduler.Stats(28956): (REDACTED) Task %s/%s started execution. cause:%s exec_start_elapsed_seconds: %s
10-15 16:13:47.930 D/CompatibilityChangeReporter( 1049): Compat change id reported: 168419799; UID 10110; state: DISABLED
10-15 16:13:47.931 D/os.ActivityManagerServiceLice( 1049): make process active com.google.android.googlequicksearchbox:googleapp(29256)
10-15 16:13:47.949 I/ActivityThread(29256): Relaunch all activities: onCoreSettingsChange
10-15 16:13:47.949 D/CompatibilityChangeReporter(29256): Compat change id reported: 171979766; UID 10110; state: ENABLED
10-15 16:13:47.952 D/os.SingleLiceFactory(29256): instance successfully. com.transsion.typeface.v1.TypefaceLice@7373785 from android.graphics.IGraphicLice
10-15 16:13:47.952 D/os.LiceInfo(29256): instance successfully. com.transsion.graphics.GraphicLice@ffaa84c from android.graphics.IGraphicLice
10-15 16:13:47.961 D/nativeloader(29256): Configuring clns-4 for other apk /system/framework/org.apache.http.legacy.jar. target_sdk_version=36, uses_libraries=ALL, library_path=/data/app/~~3wKvK1oI2kePB0mUTpYu7A==/com.google.android.googlequicksearchbox-7wZKwplGlL_4BqTPCPG_nQ==/lib/arm64:/data/app/~~3wKvK1oI2kePB0mUTpYu7A==/com.google.android.googlequicksearchbox-7wZKwplGlL_4BqTPCPG_nQ==/base.apk!/lib/arm64-v8a:/data/app/~~3wKvK1oI2kePB0mUTpYu7A==/com.google.android.googlequicksearchbox-7wZKwplGlL_4BqTPCPG_nQ==/split_config.xhdpi.apk!/lib/arm64-v8a:/data/app/~~3wKvK1oI2kePB0mUTpYu7A==/com.google.android.googlequicksearchbox-7wZKwplGlL_4BqTPCPG_nQ==/split_lens_ondevice_engine_feature_module.apk!/lib/arm64-v8a, permitted_path=/data:/mnt/expand:/data/user/0/com.google.android.googlequicksearchbox
10-15 16:13:47.972 D/nativeloader(29256): Configuring clns-5 for other apk /apex/com.android.extservices/javalib/android.ext.adservices.jar. target_sdk_version=36, uses_libraries=ALL, library_path=/data/app/~~3wKvK1oI2kePB0mUTpYu7A==/com.google.android.googlequicksearchbox-7wZKwplGlL_4BqTPCPG_nQ==/lib/arm64:/data/app/~~3wKvK1oI2kePB0mUTpYu7A==/com.google.android.googlequicksearchbox-7wZKwplGlL_4BqTPCPG_nQ==/base.apk!/lib/arm64-v8a:/data/app/~~3wKvK1oI2kePB0mUTpYu7A==/com.google.android.googlequicksearchbox-7wZKwplGlL_4BqTPCPG_nQ==/split_config.xhdpi.apk!/lib/arm64-v8a:/data/app/~~3wKvK1oI2kePB0mUTpYu7A==/com.google.android.googlequicksearchbox-7wZKwplGlL_4BqTPCPG_nQ==/split_lens_ondevice_engine_feature_module.apk!/lib/arm64-v8a, permitted_path=/data:/mnt/expand:/data/user/0/com.google.android.googlequicksearchbox
10-15 16:13:47.974 D/nativeloader(29256): InitApexLibraries:
10-15 16:13:47.974 D/nativeloader(29256):   com_android_appsearch: libicing.so
10-15 16:13:47.974 D/nativeloader(29256):   com_android_art: libartservice.so
10-15 16:13:47.974 D/nativeloader(29256):   com_android_conscrypt: libjavacrypto.so
10-15 16:13:47.974 D/nativeloader(29256):   com_android_extservices: libtflite_support_classifiers_native.so
10-15 16:13:47.974 D/nativeloader(29256):   com_android_mediaprovider: libpdfclient.so
10-15 16:13:47.974 D/nativeloader(29256):   com_android_os_statsd: libstats_jni.so
10-15 16:13:47.974 D/nativeloader(29256):   com_android_tethering: libandroid_net_connectivity_com_android_net_module_util_jni.so:libframework-connectivity-jni.so:libframework-connectivity-tiramisu-jni.so:libmainlinecronet.139.0.7205.3.so:libservice-connectivity.so:libservice-thread-jni.so:stable_cronet_libcrypto.so:stable_cronet_libssl.so
10-15 16:13:48.014 D/BoundBrokerSvc(28956): onRebind: Intent { act=com.google.android.gms.auth.aang.events.services.START dat=chimera-action: cmp=com.google.android.gms/.chimera.PersistentApiService }
10-15 16:13:48.063 D/enhanceHAL(  652): slpSetBrightness: ambient = 6
10-15 16:13:48.063 W/chbox:googleap(29256): Failed to find entry 'classes.dex': Entry not found
10-15 16:13:48.065 W/chbox:googleap(29256): Failed to find entry 'classes.dex': Entry not found
10-15 16:13:48.066 D/nativeloader(29256): Configuring clns-6 for other apk /data/app/~~3wKvK1oI2kePB0mUTpYu7A==/com.google.android.googlequicksearchbox-7wZKwplGlL_4BqTPCPG_nQ==/base.apk:/data/app/~~3wKvK1oI2kePB0mUTpYu7A==/com.google.android.googlequicksearchbox-7wZKwplGlL_4BqTPCPG_nQ==/split_config.xhdpi.apk:/data/app/~~3wKvK1oI2kePB0mUTpYu7A==/com.google.android.googlequicksearchbox-7wZKwplGlL_4BqTPCPG_nQ==/split_lens_ondevice_engine_feature_module.apk. target_sdk_version=36, uses_libraries=, library_path=/data/app/~~3wKvK1oI2kePB0mUTpYu7A==/com.google.android.googlequicksearchbox-7wZKwplGlL_4BqTPCPG_nQ==/lib/arm64:/data/app/~~3wKvK1oI2kePB0mUTpYu7A==/com.google.android.googlequicksearchbox-7wZKwplGlL_4BqTPCPG_nQ==/base.apk!/lib/arm64-v8a:/data/app/~~3wKvK1oI2kePB0mUTpYu7A==/com.google.android.googlequicksearchbox-7wZKwplGlL_4BqTPCPG_nQ==/split_config.xhdpi.apk!/lib/arm64-v8a:/data/app/~~3wKvK1oI2kePB0mUTpYu7A==/com.google.android.googlequicksearchbox-7wZKwplGlL_4BqTPCPG_nQ==/split_lens_ondevice_engine_feature_module.apk!/lib/arm64-v8a, permitted_
10-15 16:13:48.082 V/GraphicsEnvironment(29256): ANGLE Developer option for 'com.google.android.googlequicksearchbox' set to: 'default'
10-15 16:13:48.083 V/GraphicsEnvironment(29256): Neither updatable production driver nor prerelease driver is supported.
10-15 16:13:48.084 I/LoadedApk(29256): No resource references to update in package com.transsion.theme.icon
10-15 16:13:48.085 D/NetworkSecurityConfig(29256): Using Network Security Config from resource network_security_config debugBuild: false
10-15 16:13:48.087 D/NetworkSecurityConfig(29256): Using Network Security Config from resource network_security_config debugBuild: false
10-15 16:13:48.093 I/MultiDex(29256): VM with version 2.1.0 has multidex support
10-15 16:13:48.093 I/MultiDex(29256): Installing application
10-15 16:13:48.093 I/MultiDex(29256): VM has multidex support, MultiDex support library is disabled.
10-15 16:13:48.121 I/GoLog   (17155): from tcp:127.0.0.1:52668 accepted tcp:216.239.34.223:443 [socks >> proxy]
10-15 16:13:48.136 E/libprocessgroup(29256): set_timerslack_ns write failed: Operation not permitted
10-15 16:13:48.170 D/PowerController.RecogA( 1049): packageName:com.google.android.gms mFgEvent:APP_COMPONENT_USED mLastTimeFgEventChanged:253198557 mLastLaunchTime:165318396 mProcState:PROCESS_STATE_CACHED_EMPTY mLastTimeProcStateChanged:0 mNotificationState:0 mLastTimeNotificationStateChanged:0 mAudioState:0 mLastTimeAudioStateChanged:0 mRequestGps:true mAvoidConstraintGps:false mBehaviorType:0 mScreenOn:true mLastTimeScreenStateChanged:252516978 mLastBgTime:165323132 mFgDuration:14387 mAudioDuration:0 mBgAudioDuration:0 mHasNoClearNotificationWhenNavi:false
10-15 16:13:48.170 D/nativeloader(29256): Load /data/app/~~3wKvK1oI2kePB0mUTpYu7A==/com.google.android.googlequicksearchbox-7wZKwplGlL_4BqTPCPG_nQ==/base.apk!/lib/arm64-v8a/libnative_crash_handler_jni.so using class loader ns clns-6 (caller=/data/app/~~3wKvK1oI2kePB0mUTpYu7A==/com.google.android.googlequicksearchbox-7wZKwplGlL_4BqTPCPG_nQ==/base.apk!classes2.dex): ok
10-15 16:13:48.184 D/BoundBrokerSvc(12973): onBind: Intent { act=com.google.android.mobstore.service.START pkg=com.google.android.gms }
10-15 16:13:48.184 D/BoundBrokerSvc(12973): Loading bound service for intent: Intent { act=com.google.android.mobstore.service.START pkg=com.google.android.gms }
10-15 16:13:48.184 I/cnjm    (29256): Initializing GMS Compliance Client Library...
10-15 16:13:48.185 I/cnjm    (29256): Checking for device compliance...
10-15 16:13:48.185 I/cnjm    (29256): Completed library init.
10-15 16:13:48.188 W/CheckTime(29256): App running slow: Executing com.google.firebase.iid.FirebaseInstanceIdReceiver scheduleReceive took 238ms
10-15 16:13:48.205 V/AlarmManager( 1049): set(PendingIntent{d7a95f2: PendingIntentRecord{20dc443 android broadcastIntent}}) : type=3 listener=null listenerTag=null triggerAtTime=253498592 win=225000 tElapsed=253498592 maxElapsed=253723592 interval=0 flags=0x8
10-15 16:13:48.213 I/FirebaseApp(29256): Device unlocked: initializing all Firebase APIs for app CHIME_ANDROID_SDK
10-15 16:13:48.225 D/enhanceHAL(  652): slpSetBrightness: ambient = 6
10-15 16:13:48.252 D/AlarmManagerService( 1049): set alarm to kernel: 253318.222000000, type=2 
10-15 16:13:48.252 D/AlarmManagerService( 1049): set alarm to kernel: 253208.346000000, type=3 
10-15 16:13:48.252 D/AlarmManagerService( 1049): set alarm to kernel: 253318.222000000, type=2 
10-15 16:13:48.252 D/AlarmManagerService( 1049): set alarm to kernel: 253208.346000000, type=3 
10-15 16:13:48.260 W/chbox:googleap(29256): ClassLoaderContext classpath size mismatch. expected=1, found=0 (DLC[];PCL[base.apk*3476472731]{PCL[/system/framework/org.apache.http.legacy.jar*2065391956]#PCL[/apex/com.android.extservices/javalib/android.ext.adservices.jar*1727077578]#PCL[/system/framework/com.android.media.remotedisplay.jar*3472798123]#PCL[/system/framework/com.android.location.provider.jar*3633238672]#PCL[/system/framework/org.apache.http.legacy.jar*2065391956]#PCL[/apex/com.android.extservices/javalib/android.ext.adservices.jar*1727077578]} | DLC[];PCL[])
10-15 16:13:48.265 I/DynamiteModule(29256): Considering local module com.google.android.gms.measurement.dynamite:163 and remote module com.google.android.gms.measurement.dynamite:162
10-15 16:13:48.265 I/DynamiteModule(29256): Selected local version of com.google.android.gms.measurement.dynamite
10-15 16:13:48.270 E/FirebaseMessaging(29256): Default FirebaseApp has not been initialized. Skip logging event to GA.
10-15 16:13:48.270 I/FirebaseMessaging(29256): FirebaseApp has not being initialized. Device might be in direct boot mode. Skip exporting delivery metrics to Big Query
10-15 16:13:48.272 D/AlarmManagerService( 1049): set alarm to kernel: 253798.258000000, type=2 
10-15 16:13:48.272 D/AlarmManagerService( 1049): set alarm to kernel: 253208.346000000, type=3 
10-15 16:13:48.286 I/FA      (29256): App measurement initialized, version: 141003
10-15 16:13:48.286 I/FA      (29256): To enable debug logging run: adb shell setprop log.tag.FA VERBOSE
10-15 16:13:48.286 I/FA      (29256): To enable faster debug mode event logging run:
10-15 16:13:48.286 I/FA      (29256):   adb shell setprop debug.firebase.analytics.app com.google.android.googlequicksearchbox
10-15 16:13:48.297 W/FA      (29256): Failed to retrieve Firebase Instance Id
10-15 16:13:48.308 I/cnjm    (29256): (REDACTED) Device Compliance Fetch time taken = %sms
10-15 16:13:48.308 I/cnjm    (29256): Device is compliant!
10-15 16:13:48.310 I/cnjm    (29256): Invoking "compliant" action...
10-15 16:13:48.314 D/BoundBrokerSvc(12973): onBind: Intent { act=com.google.android.gms.measurement.START pkg=com.google.android.gms }
10-15 16:13:48.314 D/BoundBrokerSvc(12973): Loading bound service for intent: Intent { act=com.google.android.gms.measurement.START pkg=com.google.android.gms }
10-15 16:13:48.323 D/nativeloader(29256): Load /data/app/~~3wKvK1oI2kePB0mUTpYu7A==/com.google.android.googlequicksearchbox-7wZKwplGlL_4BqTPCPG_nQ==/base.apk!/lib/arm64-v8a/libmappedcountercacheversionjni.so using class loader ns clns-6 (caller=/data/app/~~3wKvK1oI2kePB0mUTpYu7A==/com.google.android.googlequicksearchbox-7wZKwplGlL_4BqTPCPG_nQ==/base.apk!classes2.dex): ok
10-15 16:13:48.324 W/FA      (29256): Failed to retrieve Firebase Instance Id
10-15 16:13:48.326 W/FA      (29256): Failed to retrieve Firebase Instance Id
10-15 16:13:48.339 D/AdvertisingIdClient(12973): AdvertisingIdClient already created.
10-15 16:13:48.339 D/AdvertisingIdClient(12973): AdvertisingIdClient is not bounded. Starting to bind it...
10-15 16:13:48.355 D/AdvertisingIdClient(12973): AdvertisingIdClient is bounded
10-15 16:13:48.359 I/AdvertisingIdClient(12973): shouldSendLog 252582144
10-15 16:13:48.359 I/AdvertisingIdClient(12973): GetInfoInternal elapse 19ms
10-15 16:13:48.375 V/AlarmManager( 1049): set(null) : type=3 listener=android.app.AlarmManager$ListenerWrapper@df23ad1 listenerTag=*job.delay* triggerAtTime=253224676 win=19435 tElapsed=253224676 maxElapsed=253244111 interval=0 flags=0x0
10-15 16:13:48.375 D/AlarmManagerService( 1049): set alarm to kernel: 253798.258000000, type=2 
10-15 16:13:48.376 D/AlarmManagerService( 1049): set alarm to kernel: 253208.346000000, type=3 
10-15 16:13:48.376 D/AlarmManagerService( 1049): set alarm to kernel: 253798.258000000, type=2 
10-15 16:13:48.376 D/AlarmManagerService( 1049): set alarm to kernel: 253208.346000000, type=3 
10-15 16:13:48.387 D/enhanceHAL(  652): slpSetBrightness: ambient = 6
10-15 16:13:48.394 I/eubo    (29256): (REDACTED) Scoped context discovery schemas: %s.
10-15 16:13:48.454 I/bmuk    (29256): (REDACTED) Count changed: counts=%s, shown=%s, shouldUpdate=%s
10-15 16:13:48.489 I/bnpi    (29256): Chime Filter is invoked.
10-15 16:13:48.511 I/bnpi    (29256): Notification was not filtered.
10-15 16:13:48.533 D/ConnectivityService( 1049): requestNetwork for uid/pid:10110/29256 activeRequest: null callbackRequest: 6806 [NetworkRequest [ REQUEST id=6807, [ Capabilities: INTERNET&NOT_RESTRICTED&TRUSTED&NOT_VCN_MANAGED Uid: 10110 RequestorUid: 10110 RequestorPkg: com.google.android.googlequicksearchbox UnderlyingNetworks: Null] ]] callback flags: 0 order: 2147483647 isUidTracked: false declaredMethods: AVAIL|LOST
10-15 16:13:48.536 D/UntrustedWifiNetworkFactory( 1049): got request NetworkRequest [ REQUEST id=6807, [ Capabilities: INTERNET&NOT_RESTRICTED&TRUSTED&NOT_VCN_MANAGED Uid: 10110 RequestorUid: 10110 RequestorPkg: com.google.android.googlequicksearchbox UnderlyingNetworks: Null] ]
10-15 16:13:48.537 D/OemPaidWifiNetworkFactory( 1049): got request NetworkRequest [ REQUEST id=6807, [ Capabilities: INTERNET&NOT_RESTRICTED&TRUSTED&NOT_VCN_MANAGED Uid: 10110 RequestorUid: 10110 RequestorPkg: com.google.android.googlequicksearchbox UnderlyingNetworks: Null] ]
10-15 16:13:48.537 D/ConnectivityService( 1049): NetReassign [6807 : null → 123] [c 1] [a 1] [i 2]
10-15 16:13:48.549 D/enhanceHAL(  652): slpSetBrightness: ambient = 6
10-15 16:13:48.555 I/GraphicsJNI(29256): GraphicsJNI::isHardwareConfig qemu gles is 1.
10-15 16:13:48.562 I/GnpSdk  (29256): (REDACTED) Setting channel Id: '%s'
10-15 16:13:48.583 D/CompatibilityChangeReporter(29256): Compat change id reported: 160794467; UID 10110; state: ENABLED
10-15 16:13:48.619 I/GnpSdk  (29256): (REDACTED) Setting channel Id: '%s'
10-15 16:13:48.642 D/os.notification.pre( 1049):  add StatusBarNotification 197889991 current size 1
10-15 16:13:48.643 D/os.notification( 1049): onEnqueueNotificationInternal wait before
10-15 16:13:48.643 D/os.notification.SuspendJobManager( 1049): create job  com.transsion.util.SuspendJobManager$JobInfo@8c5c51d key:NotificationRecord(0x066509f4: pkg=com.google.android.googlequicksearchbox user=UserHandle{0} id=0 tag=-2013626623::SUMMARY::wx importance=1 key=0|com.google.android.googlequicksearchbox|0|-2013626623::SUMMARY::wx|10110: Notification(channel=71 shortcut=null contentView=null vibrate=null sound=null defaults=0x0 flags=0x200 color=0x00000000 groupKey=-2013626623::SUMMARY::wx vis=PRIVATE publicVersion=Notification(channel=null shortcut=null contentView=null vibrate=null sound=null defaults=0x0 flags=0x0 color=0x00000000 vis=PRIVATE))) data:com.android.server.notification.NotificationManagerService$$ExternalSyntheticLambda10@fb1f392 sn:-1 owner:{}
10-15 16:13:48.645 D/os.notification( 2347): onNotifyNotification StatusBarNotification:StatusBarNotification(pkg=com.google.android.googlequicksearchbox user=UserHandle{0} id=0 tag=-2013626623::SUMMARY::wx key=0|com.google.android.googlequicksearchbox|0|-2013626623::SUMMARY::wx|10110: Notification(channel=null shortcut=null contentView=null vibrate=null sound=null defaults=0x0 flags=0x200 color=0x00000000 vis=PRIVATE)) callingUid:10110 NotificationChannel:NotificationChannel{mId='71', mName=Информация о погоде сейчас, mDescription=hasDescription , mImportance=1, mBypassDnd=false, mLockscreenVisibility=-1, mSound=content://settings/system/notification_sound, mLights=false, mLightColor=0, mVibration=null, mUserLockedFields=2, mFgServiceShown=false, mVibrationEnabled=false, mShowBadge=false, mDeleted=false, mDeletedTimeMs=-1, mGroup='null', mAudioAttributes=AudioAttributes: usage=USAGE_NOTIFICATION content=CONTENT_TYPE_SONIFICATION flags=0x800 tags= bundle=null, mBlockableSystem=false, mAllowBubbles=-1, mImportanceLockedByOEM=false, mImportanceLockedDefaultApp=false, mOriginalImp=1, mParent=null, mConversationId=null, mDemoted=false, mImportantConvo=false} receipt:com.transsion.app.IEnqueueNotificationReceipt$Stub$Proxy@bffafa1 sn:2153
10-15 16:13:48.646 D/os_noti_center_rule( 2347): match = false, sendPkg = com.google.android.googlequicksearchbox, dbChannel = null, chName = Информация о погоде сейчас, chId = 71
10-15 16:13:48.648 D/os.notification( 2347): handleNotifyNotification notification:Notification(channel=null shortcut=null contentView=null vibrate=null sound=null defaults=0x0 flags=0x200 color=0x00000000 vis=PRIVATE)
10-15 16:13:48.648 D/os.notification( 1049): onEnqueueNotificationInternal notifyAll
10-15 16:13:48.648 D/os.notification( 1049): onEnqueueNotificationInternal wait after
10-15 16:13:48.649 D/os.notification( 1049): onEnqueueNotificationInternal StatusBarNotification:StatusBarNotification(pkg=com.google.android.googlequicksearchbox user=UserHandle{0} id=0 tag=-2013626623::SUMMARY::wx key=0|com.google.android.googlequicksearchbox|0|-2013626623::SUMMARY::wx|10110: Notification(channel=71 shortcut=null contentView=null vibrate=null sound=null defaults=0x0 flags=0x200 color=0x00000000 groupKey=-2013626623::SUMMARY::wx vis=PRIVATE publicVersion=Notification(channel=null shortcut=null contentView=null vibrate=null sound=null defaults=0x0 flags=0x0 color=0x00000000 vis=PRIVATE))) callingUid:10110 sn:2153 res:true
10-15 16:13:48.649 D/os.notification.pre( 1049):  add Runnable 199713123 with StatusBarNotification 197889991 current size 1
10-15 16:13:48.649 D/os.notification.pre( 1049):  remove Runnable 199713123 with StatusBarNotification 197889991 for suspend run current size 0
10-15 16:13:48.649 D/os.notification.SuspendJobManager( 1049): done  com.transsion.util.SuspendJobManager$JobInfo@8c5c51d key:NotificationRecord(0x066509f4: pkg=com.google.android.googlequicksearchbox user=UserHandle{0} id=0 tag=-2013626623::SUMMARY::wx importance=1 key=0|com.google.android.googlequicksearchbox|0|-2013626623::SUMMARY::wx|10110: Notification(channel=71 shortcut=null contentView=null vibrate=null sound=null defaults=0x0 flags=0x200 color=0x00000000 groupKey=-2013626623::SUMMARY::wx vis=PRIVATE publicVersion=Notification(channel=null shortcut=null contentView=null vibrate=null sound=null defaults=0x0 flags=0x0 color=0x00000000 vis=PRIVATE))) data:com.android.server.notification.NotificationManagerService$$ExternalSyntheticLambda10@fb1f392 sn:2153 owner:{2347} for  app-2347-request
10-15 16:13:48.655 D/os.notification.pre( 1049):  add StatusBarNotification 207925439 current size 1
10-15 16:13:48.656 D/os.notification( 1049): onEnqueueNotificationInternal wait before
10-15 16:13:48.656 D/os.notification.SuspendJobManager( 1049): create job  com.transsion.util.SuspendJobManager$JobInfo@2597ad5 key:NotificationRecord(0x0773a38c: pkg=com.google.android.googlequicksearchbox user=UserHandle{0} id=0 tag=-2013626623::a:snotification:[0x394,wx.f,NOTIFICATION] importance=1 key=0|com.google.android.googlequicksearchbox|0|-2013626623::a:snotification:[0x394,wx.f,NOTIFICATION]|10110: Notification(channel=71 shortcut=null contentView=null vibrate=null sound=null tick defaults=0x0 flags=0x8 color=0x00000000 groupKey=-2013626623::SUMMARY::wx vis=PRIVATE)) data:com.android.server.notification.NotificationManagerService$$ExternalSyntheticLambda10@94462ea sn:-1 owner:{}
10-15 16:13:48.657 D/os.notification( 2347): onNotifyNotification StatusBarNotification:StatusBarNotification(pkg=com.google.android.googlequicksearchbox user=UserHandle{0} id=0 tag=-2013626623::a:snotification:[0x394,wx.f,NOTIFICATION] key=0|com.google.android.googlequicksearchbox|0|-2013626623::a:snotification:[0x394,wx.f,NOTIFICATION]|10110: Notification(channel=null shortcut=null contentView=null vibrate=null sound=null tick defaults=0x0 flags=0x8 color=0x00000000 vis=PRIVATE)) callingUid:10110 NotificationChannel:NotificationChannel{mId='71', mName=Информация о погоде сейчас, mDescription=hasDescription , mImportance=1, mBypassDnd=false, mLockscreenVisibility=-1, mSound=content://settings/system/notification_sound, mLights=false, mLightColor=0, mVibration=null, mUserLockedFields=2, mFgServiceShown=false, mVibrationEnabled=false, mShowBadge=false, mDeleted=false, mDeletedTimeMs=-1, mGroup='null', mAudioAttributes=AudioAttributes: usage=USAGE_NOTIFICATION content=CONTENT_TYPE_SONIFICATION flags=0x800 tags= bundle=null, mBlockableSystem=false, mAllowBubbles=-1, mImportanceLockedByOEM=false, mImportanceLockedDefaultApp=false, mOriginalImp=1, mParent=null, mConversationId=null, mDemoted=false, mImportantConvo=false} receipt:com.transsion.app.IEnqueueNotificationReceipt$Stub$Proxy@96290b4 sn:2154
10-15 16:13:48.657 D/os_noti_center_rule( 2347): match = false, sendPkg = com.google.android.googlequicksearchbox, dbChannel = null, chName = Информация о погоде сейчас, chId = 71
10-15 16:13:48.658 D/os.notification( 2347): handleNotifyNotification notification:Notification(channel=null shortcut=null contentView=null vibrate=null sound=null tick defaults=0x0 flags=0x8 color=0x00000000 vis=PRIVATE)
10-15 16:13:48.659 D/os.notification( 1049): onEnqueueNotificationInternal notifyAll
10-15 16:13:48.659 D/os.notification( 1049): onEnqueueNotificationInternal wait after
10-15 16:13:48.659 D/os.notification.pre( 1049):  add Runnable 54368731 with StatusBarNotification 207925439 current size 1
10-15 16:13:48.659 D/os.notification( 1049): onEnqueueNotificationInternal StatusBarNotification:StatusBarNotification(pkg=com.google.android.googlequicksearchbox user=UserHandle{0} id=0 tag=-2013626623::a:snotification:[0x394,wx.f,NOTIFICATION] key=0|com.google.android.googlequicksearchbox|0|-2013626623::a:snotification:[0x394,wx.f,NOTIFICATION]|10110: Notification(channel=71 shortcut=null contentView=null vibrate=null sound=null tick defaults=0x0 flags=0x8 color=0x00000000 groupKey=-2013626623::SUMMARY::wx vis=PRIVATE)) callingUid:10110 sn:2154 res:true
