10-15 17:12:58.157 W/PlayGamesServices[DataBroker](12973): No player ID found when refreshing
10-15 17:12:58.158 W/PlayGamesServices[DataBroker](12973): No player ID found when refreshing
10-15 17:12:58.159 W/PlayGamesServices[DataBroker](12973): No player ID found when refreshing
10-15 17:12:58.160 W/PlayGamesServices[DataBroker](12973): No player ID found when refreshing
10-15 17:12:58.160 W/PlayGamesServices[DataBroker](12973): No player ID found when refreshing
10-15 17:12:58.162 W/PlayGamesServices[DataBroker](12973): No player ID found when refreshing
10-15 17:12:58.162 W/PlayGamesServices[DataBroker](12973): No player ID found when refreshing
10-15 17:12:58.164 W/PlayGamesServices[DataBroker](12973): No player ID found when refreshing
10-15 17:12:58.164 W/PlayGamesServices[DataBroker](12973): No player ID found when refreshing
10-15 17:12:58.166 W/PlayGamesServices[DataBroker](12973): No player ID found when refreshing
10-15 17:12:58.166 W/PlayGamesServices[DataBroker](12973): No player ID found when refreshing
10-15 17:12:58.168 W/PlayGamesServices[DataBroker](12973): No player ID found when refreshing
10-15 17:12:58.169 W/PlayGamesServices[DataBroker](12973): No player ID found when refreshing
10-15 17:12:58.171 W/PlayGamesServices[DataBroker](12973): No player ID found when refreshing
10-15 17:12:58.183 I/NetworkScheduler.Stats(28956): (REDACTED) Task %s/%s finished executing. cause:%s result: %s elapsed_millis: %s uptime_millis: %s exec_start_elapsed_seconds: %s
10-15 17:12:58.191 I/NetworkScheduler.Stats(28956): (REDACTED) Task %s/%s finished executing. cause:%s result: %s elapsed_millis: %s uptime_millis: %s exec_start_elapsed_seconds: %s
10-15 17:12:58.201 I/system_server( 1049): Background young concurrent mark compact GC freed 100MB AllocSpace bytes, 145(5808KB) LOS objects, 53% free, 83MB/179MB, paused 2.334ms,9.386ms total 160.440ms
10-15 17:12:58.212 W/System  ( 1049): A resource failed to call close. 
10-15 17:12:58.212 W/System  ( 1049): A resource failed to call release. 
10-15 17:12:58.222 D/AlarmManagerService( 1049): set alarm to kernel: 256849.456000000, type=2 
10-15 17:12:58.222 D/AlarmManagerService( 1049): set alarm to kernel: 256750.386000000, type=3 
10-15 17:12:58.225 W/PlayGamesServices[UiUtils](12973): AppVersion: Cannot find the installed destination app.
10-15 17:12:58.226 I/GetServiceValidatorImpl(12973): (REDACTED) onGetService() from Client SDK version [%s], Module version [%s], PGA version [%s], Account [%s], Calling package [%s], Game package [%s]
10-15 17:12:58.229 W/GetGamesServiceReqFacto(12973): Parsing request with ignored arguments. signInOptionsBundle [Bundle[{com.google.android.gms.signin.internal.serverClientId=null, com.google.android.gms.signin.internal.usePromptModeForAuthCode=true, com.google.android.gms.signin.internal.logSessionId=null, com.google.android.gms.signin.internal.hostedDomain=null, com.google.android.gms.signin.internal.offlineAccessRequested=false, com.google.android.gms.signin.internal.waitForAccessTokenRefresh=false, com.google.android.gms.signin.internal.clientRequestedAccount=Account {name=<<default account>>, type=com.google}, com.google.android.gms.signin.internal.idTokenRequested=false, com.google.android.gms.signin.internal.forceCodeForRefreshToken=false}]], isRetryingSignIn [false], skipWelcomePopup [false], requireGooglePlus [false]
10-15 17:12:58.229 I/GetGamesServiceReqFacto(12973): Replacing request for `games` scope with `games_lite`
10-15 17:12:58.232 V/AlarmManager( 1049): set(PendingIntent{a9f3fbe: PendingIntentRecord{5bd3b3e com.google.android.gms/com.google.android.gms.scheduler broadcastIntent}}) : type=3 listener=null listenerTag=null triggerAtTime=258278533 win=1147435 tElapsed=258278533 maxElapsed=259425968 interval=0 flags=0x0
10-15 17:12:58.273 D/AlarmManagerService( 1049): set alarm to kernel: 256849.456000000, type=2 
10-15 17:12:58.273 D/AlarmManagerService( 1049): set alarm to kernel: 256750.386000000, type=3 
10-15 17:12:58.279 I/SignInPerformer-7(12973): (REDACTED) Handling request [%s], isFirstPartyCaller [%s]
10-15 17:12:58.280 I/SignInPerformer-7(12973): Successfully brokered first-party unauthenticated GamesService [CONTEXT service_id=1 ]
10-15 17:12:58.282 I/GetGamesServiceV2Op(12973): (REDACTED) Successfully brokered GamesService for request %s
10-15 17:12:58.284 W/PlayGamesServices[UiUtils](12973): AppVersion: Cannot find the installed destination app.
10-15 17:12:58.284 W/PlayGamesServices[UiUtils](12973): AppVersionName: Cannot find the installed destination app.
10-15 17:12:58.288 W/PlayGamesServices[UiUtils](12973): AppVersion: Cannot find the installed destination app.
10-15 17:12:58.289 W/PlayGamesServices[UiUtils](12973): AppVersionName: Cannot find the installed destination app.
10-15 17:12:58.295 D/AlarmManagerService( 1049): set alarm to kernel: 256849.456000000, type=2 
10-15 17:12:58.295 D/AlarmManagerService( 1049): set alarm to kernel: 256750.386000000, type=3 
10-15 17:12:58.302 V/AlarmManager( 1049): set(PendingIntent{1ca3bb1: PendingIntentRecord{5bd3b3e com.google.android.gms/com.google.android.gms.scheduler broadcastIntent}}) : type=3 listener=null listenerTag=null triggerAtTime=258278533 win=1147383 tElapsed=258278533 maxElapsed=259425916 interval=0 flags=0x0
10-15 17:12:58.316 I/NetworkScheduler.Stats(28956): (REDACTED) Task %s/%s started execution. cause:%s exec_start_elapsed_seconds: %s
10-15 17:12:58.317 I/NetworkScheduler.Stats(28956): (REDACTED) Task %s/%s started execution. cause:%s exec_start_elapsed_seconds: %s
10-15 17:12:58.320 I/PlayGamesServices[GamesSyncAdapter](12973): Starting sync for fba9642a
10-15 17:12:58.320 I/PlayGamesServices[GamesSyncAdapter](12973): Starting sync for cdbe05fa
10-15 17:12:58.322 I/PlayGamesServices[GamesSyncAdapter](12973): Sync duration for cdbe05fa: 2
10-15 17:12:58.322 I/PlayGamesServices[GamesSyncAdapter](12973): Sync duration for fba9642a: 2
10-15 17:12:58.324 D/AlarmManagerService( 1049): set alarm to kernel: 256849.456000000, type=2 
10-15 17:12:58.324 D/AlarmManagerService( 1049): set alarm to kernel: 256750.386000000, type=3 
10-15 17:12:58.361 W/PlayGamesServices[DataBroker](12973): No player ID found when refreshing
10-15 17:12:58.361 W/PlayGamesServices[DataBroker](12973): No player ID found when refreshing
10-15 17:12:58.362 W/PlayGamesServices[DataBroker](12973): No player ID found when refreshing
10-15 17:12:58.362 W/PlayGamesServices[DataBroker](12973): No player ID found when refreshing
10-15 17:12:58.363 W/PlayGamesServices[DataBroker](12973): No player ID found when refreshing
10-15 17:12:58.363 W/PlayGamesServices[DataBroker](12973): No player ID found when refreshing
10-15 17:12:58.363 W/PlayGamesServices[DataBroker](12973): No player ID found when refreshing
10-15 17:12:58.364 W/PlayGamesServices[DataBroker](12973): No player ID found when refreshing
10-15 17:12:58.364 W/PlayGamesServices[DataBroker](12973): No player ID found when refreshing
10-15 17:12:58.364 W/PlayGamesServices[DataBroker](12973): No player ID found when refreshing
10-15 17:12:58.364 W/PlayGamesServices[DataBroker](12973): No player ID found when refreshing
10-15 17:12:58.365 W/PlayGamesServices[DataBroker](12973): No player ID found when refreshing
10-15 17:12:58.366 W/PlayGamesServices[DataBroker](12973): No player ID found when refreshing
10-15 17:12:58.367 W/PlayGamesServices[DataBroker](12973): No player ID found when refreshing
10-15 17:12:58.368 W/PlayGamesServices[UiUtils](12973): AppVersion: Cannot find the installed destination app.
10-15 17:12:58.369 W/PlayGamesServices[UiUtils](12973): AppVersionName: Cannot find the installed destination app.
10-15 17:12:58.371 I/NetworkScheduler.Stats(28956): (REDACTED) Task %s/%s finished executing. cause:%s result: %s elapsed_millis: %s uptime_millis: %s exec_start_elapsed_seconds: %s
10-15 17:12:58.372 W/PlayGamesServices[UiUtils](12973): AppVersion: Cannot find the installed destination app.
10-15 17:12:58.374 W/PlayGamesServices[UiUtils](12973): AppVersionName: Cannot find the installed destination app.
10-15 17:12:58.377 I/NetworkScheduler.Stats(28956): (REDACTED) Task %s/%s finished executing. cause:%s result: %s elapsed_millis: %s uptime_millis: %s exec_start_elapsed_seconds: %s
10-15 17:12:58.384 D/AlarmManagerService( 1049): set alarm to kernel: 256849.456000000, type=2 
10-15 17:12:58.384 D/AlarmManagerService( 1049): set alarm to kernel: 256750.386000000, type=3 
10-15 17:12:58.391 V/AlarmManager( 1049): set(PendingIntent{adbfe15: PendingIntentRecord{5bd3b3e com.google.android.gms/com.google.android.gms.scheduler broadcastIntent}}) : type=3 listener=null listenerTag=null triggerAtTime=258278533 win=1147316 tElapsed=258278533 maxElapsed=259425849 interval=0 flags=0x0
10-15 17:12:58.411 D/AlarmManagerService( 1049): set alarm to kernel: 256849.456000000, type=2 
10-15 17:12:58.411 D/AlarmManagerService( 1049): set alarm to kernel: 256750.386000000, type=3 
10-15 17:12:58.414 I/NetworkScheduler.Stats(28956): (REDACTED) Task %s/%s started execution. cause:%s exec_start_elapsed_seconds: %s
10-15 17:12:58.418 I/PlayGamesServices[GamesSyncAdapter](12973): Starting sync for c09fe7bc
10-15 17:12:58.421 I/PlayGamesServices[GamesSyncAdapter](12973): Sync duration for c09fe7bc: 2
10-15 17:12:58.423 D/AlarmManagerService( 1049): set alarm to kernel: 256849.456000000, type=2 
10-15 17:12:58.423 D/AlarmManagerService( 1049): set alarm to kernel: 256750.386000000, type=3 
10-15 17:12:58.431 V/AlarmManager( 1049): set(PendingIntent{5c109f6: PendingIntentRecord{5bd3b3e com.google.android.gms/com.google.android.gms.scheduler broadcastIntent}}) : type=3 listener=null listenerTag=null triggerAtTime=258278533 win=1147286 tElapsed=258278533 maxElapsed=259425819 interval=0 flags=0x0
10-15 17:12:58.432 D/AlarmManagerService( 1049): set alarm to kernel: 256849.456000000, type=2 
10-15 17:12:58.432 D/AlarmManagerService( 1049): set alarm to kernel: 256750.386000000, type=3 
10-15 17:12:58.433 I/NetworkScheduler.Stats(28956): (REDACTED) Task %s/%s started execution. cause:%s exec_start_elapsed_seconds: %s
10-15 17:12:58.435 I/PlayGamesServices[GamesSyncAdapter](12973): Starting sync for 730ff24
10-15 17:12:58.437 I/PlayGamesServices[GamesSyncAdapter](12973): Sync duration for 730ff24: 1
10-15 17:12:58.458 W/PlayGamesServices[DataBroker](12973): No player ID found when refreshing
10-15 17:12:58.458 W/PlayGamesServices[DataBroker](12973): No player ID found when refreshing
10-15 17:12:58.459 W/PlayGamesServices[DataBroker](12973): No player ID found when refreshing
10-15 17:12:58.460 W/PlayGamesServices[DataBroker](12973): No player ID found when refreshing
10-15 17:12:58.462 W/PlayGamesServices[DataBroker](12973): No player ID found when refreshing
10-15 17:12:58.463 W/PlayGamesServices[DataBroker](12973): No player ID found when refreshing
10-15 17:12:58.468 W/PlayGamesServices[DataBroker](12973): No player ID found when refreshing
10-15 17:12:58.470 W/PlayGamesServices[DataBroker](12973): No player ID found when refreshing
10-15 17:12:58.471 W/PlayGamesServices[DataBroker](12973): No player ID found when refreshing
10-15 17:12:58.472 W/PlayGamesServices[UiUtils](12973): AppVersion: Cannot find the installed destination app.
10-15 17:12:58.472 W/PlayGamesServices[DataBroker](12973): No player ID found when refreshing
10-15 17:12:58.474 W/PlayGamesServices[DataBroker](12973): No player ID found when refreshing
10-15 17:12:58.474 W/PlayGamesServices[UiUtils](12973): AppVersionName: Cannot find the installed destination app.
10-15 17:12:58.475 W/PlayGamesServices[DataBroker](12973): No player ID found when refreshing
10-15 17:12:58.475 I/NetworkScheduler.Stats(28956): (REDACTED) Task %s/%s finished executing. cause:%s result: %s elapsed_millis: %s uptime_millis: %s exec_start_elapsed_seconds: %s
10-15 17:12:58.476 W/PlayGamesServices[DataBroker](12973): No player ID found when refreshing
10-15 17:12:58.477 W/PlayGamesServices[DataBroker](12973): No player ID found when refreshing
10-15 17:12:58.479 W/PlayGamesServices[UiUtils](12973): AppVersion: Cannot find the installed destination app.
10-15 17:12:58.480 W/PlayGamesServices[UiUtils](12973): AppVersionName: Cannot find the installed destination app.
10-15 17:12:58.482 D/AlarmManagerService( 1049): set alarm to kernel: 256849.456000000, type=2 
10-15 17:12:58.482 D/AlarmManagerService( 1049): set alarm to kernel: 256750.386000000, type=3 
10-15 17:12:58.490 I/NetworkScheduler.Stats(28956): (REDACTED) Task %s/%s started execution. cause:%s exec_start_elapsed_seconds: %s
10-15 17:12:58.491 V/AlarmManager( 1049): set(PendingIntent{2bcda83: PendingIntentRecord{5bd3b3e com.google.android.gms/com.google.android.gms.scheduler broadcastIntent}}) : type=3 listener=null listenerTag=null triggerAtTime=258278533 win=1147241 tElapsed=258278533 maxElapsed=259425774 interval=0 flags=0x0
10-15 17:12:58.492 D/AlarmManagerService( 1049): set alarm to kernel: 256849.456000000, type=2 
10-15 17:12:58.492 D/AlarmManagerService( 1049): set alarm to kernel: 256750.386000000, type=3 
10-15 17:12:58.495 I/PlayGamesServices[GamesSyncAdapter](12973): Starting sync for 9c15b1e5
10-15 17:12:58.496 I/PlayGamesServices[GamesSyncAdapter](12973): Sync duration for 9c15b1e5: 1
10-15 17:12:58.497 I/NetworkScheduler.Stats(28956): (REDACTED) Task %s/%s finished executing. cause:%s result: %s elapsed_millis: %s uptime_millis: %s exec_start_elapsed_seconds: %s
10-15 17:12:58.506 D/AlarmManagerService( 1049): set alarm to kernel: 256849.456000000, type=2 
10-15 17:12:58.506 D/AlarmManagerService( 1049): set alarm to kernel: 256750.386000000, type=3 
10-15 17:12:58.512 V/AlarmManager( 1049): set(PendingIntent{555208a: PendingIntentRecord{5bd3b3e com.google.android.gms/com.google.android.gms.scheduler broadcastIntent}}) : type=3 listener=null listenerTag=null triggerAtTime=258278533 win=1147225 tElapsed=258278533 maxElapsed=259425758 interval=0 flags=0x0
10-15 17:12:58.513 D/AlarmManagerService( 1049): set alarm to kernel: 256849.456000000, type=2 
10-15 17:12:58.513 D/AlarmManagerService( 1049): set alarm to kernel: 256750.386000000, type=3 
10-15 17:12:58.514 I/PlayGamesServices[GamesSyncAdapter](12973): Starting sync for f6daa5e5
10-15 17:12:58.516 I/NetworkScheduler.Stats(28956): (REDACTED) Task %s/%s started execution. cause:%s exec_start_elapsed_seconds: %s
10-15 17:12:58.517 I/PlayGamesServices[GamesSyncAdapter](12973): Sync duration for f6daa5e5: 2
10-15 17:12:58.531 W/PlayGamesServices[DataBroker](12973): No player ID found when refreshing
10-15 17:12:58.532 W/PlayGamesServices[DataBroker](12973): No player ID found when refreshing
10-15 17:12:58.534 W/PlayGamesServices[DataBroker](12973): No player ID found when refreshing
10-15 17:12:58.537 W/PlayGamesServices[DataBroker](12973): No player ID found when refreshing
10-15 17:12:58.538 W/PlayGamesServices[DataBroker](12973): No player ID found when refreshing
10-15 17:12:58.539 W/PlayGamesServices[DataBroker](12973): No player ID found when refreshing
10-15 17:12:58.542 W/PlayGamesServices[DataBroker](12973): No player ID found when refreshing
10-15 17:12:58.546 W/PlayGamesServices[UiUtils](12973): AppVersion: Cannot find the installed destination app.
10-15 17:12:58.547 W/PlayGamesServices[UiUtils](12973): AppVersionName: Cannot find the installed destination app.
10-15 17:12:58.547 I/NetworkScheduler.Stats(28956): (REDACTED) Task %s/%s finished executing. cause:%s result: %s elapsed_millis: %s uptime_millis: %s exec_start_elapsed_seconds: %s
10-15 17:12:58.553 W/PlayGamesServices[DataBroker](12973): No player ID found when refreshing
10-15 17:12:58.553 W/PlayGamesServices[DataBroker](12973): No player ID found when refreshing
10-15 17:12:58.554 W/PlayGamesServices[DataBroker](12973): No player ID found when refreshing
10-15 17:12:58.555 W/PlayGamesServices[DataBroker](12973): No player ID found when refreshing
10-15 17:12:58.556 D/AlarmManagerService( 1049): set alarm to kernel: 256849.456000000, type=2 
10-15 17:12:58.556 W/PlayGamesServices[DataBroker](12973): No player ID found when refreshing
10-15 17:12:58.557 D/AlarmManagerService( 1049): set alarm to kernel: 256750.386000000, type=3 
10-15 17:12:58.557 W/PlayGamesServices[DataBroker](12973): No player ID found when refreshing
10-15 17:12:58.558 W/PlayGamesServices[DataBroker](12973): No player ID found when refreshing
10-15 17:12:58.561 W/PlayGamesServices[UiUtils](12973): AppVersion: Cannot find the installed destination app.
10-15 17:12:58.562 W/PlayGamesServices[UiUtils](12973): AppVersionName: Cannot find the installed destination app.
10-15 17:12:58.562 I/NetworkScheduler.Stats(28956): (REDACTED) Task %s/%s started execution. cause:%s exec_start_elapsed_seconds: %s
10-15 17:12:58.564 V/AlarmManager( 1049): set(PendingIntent{55ea8e1: PendingIntentRecord{5bd3b3e com.google.android.gms/com.google.android.gms.scheduler broadcastIntent}}) : type=3 listener=null listenerTag=null triggerAtTime=258278533 win=1147187 tElapsed=258278533 maxElapsed=259425720 interval=0 flags=0x0
10-15 17:12:58.564 D/AlarmManagerService( 1049): set alarm to kernel: 256849.456000000, type=2 
10-15 17:12:58.565 D/AlarmManagerService( 1049): set alarm to kernel: 256750.386000000, type=3 
10-15 17:12:58.565 I/PlayGamesServices[GamesSyncAdapter](12973): Starting sync for 7a878091
10-15 17:12:58.569 I/PlayGamesServices[GamesSyncAdapter](12973): Sync duration for 7a878091: 3
10-15 17:12:58.570 I/NetworkScheduler.Stats(28956): (REDACTED) Task %s/%s finished executing. cause:%s result: %s elapsed_millis: %s uptime_millis: %s exec_start_elapsed_seconds: %s
10-15 17:12:58.577 D/AlarmManagerService( 1049): set alarm to kernel: 256849.456000000, type=2 
10-15 17:12:58.577 D/AlarmManagerService( 1049): set alarm to kernel: 256750.386000000, type=3 
10-15 17:12:58.582 I/NetworkScheduler.Stats(28956): (REDACTED) Task %s/%s started execution. cause:%s exec_start_elapsed_seconds: %s
10-15 17:12:58.583 V/AlarmManager( 1049): set(PendingIntent{5391c92: PendingIntentRecord{5bd3b3e com.google.android.gms/com.google.android.gms.scheduler broadcastIntent}}) : type=3 listener=null listenerTag=null triggerAtTime=258278533 win=1147173 tElapsed=258278533 maxElapsed=259425706 interval=0 flags=0x0
10-15 17:12:58.583 D/AlarmManagerService( 1049): set alarm to kernel: 256849.456000000, type=2 
10-15 17:12:58.583 D/AlarmManagerService( 1049): set alarm to kernel: 256750.386000000, type=3 
10-15 17:12:58.585 I/PlayGamesServices[GamesSyncAdapter](12973): Starting sync for eb8d6b97
10-15 17:12:58.591 I/PlayGamesServices[GamesSyncAdapter](12973): Sync duration for eb8d6b97: 5
10-15 17:12:58.602 W/PlayGamesServices[DataBroker](12973): No player ID found when refreshing
10-15 17:12:58.603 W/PlayGamesServices[DataBroker](12973): No player ID found when refreshing
10-15 17:12:58.605 W/PlayGamesServices[DataBroker](12973): No player ID found when refreshing
10-15 17:12:58.608 W/PlayGamesServices[DataBroker](12973): No player ID found when refreshing
10-15 17:12:58.608 W/PlayGamesServices[DataBroker](12973): No player ID found when refreshing
10-15 17:12:58.609 W/PlayGamesServices[DataBroker](12973): No player ID found when refreshing
10-15 17:12:58.611 W/PlayGamesServices[DataBroker](12973): No player ID found when refreshing
10-15 17:12:58.615 W/PlayGamesServices[UiUtils](12973): AppVersion: Cannot find the installed destination app.
10-15 17:12:58.616 W/PlayGamesServices[UiUtils](12973): AppVersionName: Cannot find the installed destination app.
10-15 17:12:58.618 I/NetworkScheduler.Stats(28956): (REDACTED) Task %s/%s finished executing. cause:%s result: %s elapsed_millis: %s uptime_millis: %s exec_start_elapsed_seconds: %s
10-15 17:12:58.624 W/PlayGamesServices[DataBroker](12973): No player ID found when refreshing
10-15 17:12:58.625 W/PlayGamesServices[DataBroker](12973): No player ID found when refreshing
10-15 17:12:58.626 W/PlayGamesServices[DataBroker](12973): No player ID found when refreshing
10-15 17:12:58.626 W/PlayGamesServices[DataBroker](12973): No player ID found when refreshing
10-15 17:12:58.627 W/PlayGamesServices[DataBroker](12973): No player ID found when refreshing
10-15 17:12:58.627 W/PlayGamesServices[DataBroker](12973): No player ID found when refreshing
10-15 17:12:58.627 W/PlayGamesServices[DataBroker](12973): No player ID found when refreshing
10-15 17:12:58.630 W/PlayGamesServices[UiUtils](12973): AppVersion: Cannot find the installed destination app.
10-15 17:12:58.631 W/PlayGamesServices[UiUtils](12973): AppVersionName: Cannot find the installed destination app.
10-15 17:12:58.636 I/NetworkScheduler.Stats(28956): (REDACTED) Task %s/%s finished executing. cause:%s result: %s elapsed_millis: %s uptime_millis: %s exec_start_elapsed_seconds: %s
